Component: ARM Compiler 5.06 update 7 (build 960) Tool: armlink [4d3601]

==============================================================================

Section Cross References

    startup_stm32l431xx.o(RESET) refers to startup_stm32l431xx.o(STACK) for __initial_sp
    startup_stm32l431xx.o(RESET) refers to startup_stm32l431xx.o(.text) for Reset_Handler
    startup_stm32l431xx.o(RESET) refers to stm32l4xx_it.o(i.NMI_Handler) for NMI_Handler
    startup_stm32l431xx.o(RESET) refers to stm32l4xx_it.o(i.HardFault_Handler) for HardFault_Handler
    startup_stm32l431xx.o(RESET) refers to stm32l4xx_it.o(i.MemManage_Handler) for MemManage_Handler
    startup_stm32l431xx.o(RESET) refers to stm32l4xx_it.o(i.BusFault_Handler) for BusFault_Handler
    startup_stm32l431xx.o(RESET) refers to stm32l4xx_it.o(i.UsageFault_Handler) for UsageFault_Handler
    startup_stm32l431xx.o(RESET) refers to stm32l4xx_it.o(i.SVC_Handler) for SVC_Handler
    startup_stm32l431xx.o(RESET) refers to stm32l4xx_it.o(i.DebugMon_Handler) for DebugMon_Handler
    startup_stm32l431xx.o(RESET) refers to stm32l4xx_it.o(i.PendSV_Handler) for PendSV_Handler
    startup_stm32l431xx.o(RESET) refers to stm32l4xx_it.o(i.SysTick_Handler) for SysTick_Handler
    startup_stm32l431xx.o(RESET) refers to rcmdi.o(i.EXTI0_IRQHandler) for EXTI0_IRQHandler
    startup_stm32l431xx.o(RESET) refers to rcmdi.o(i.EXTI1_IRQHandler) for EXTI1_IRQHandler
    startup_stm32l431xx.o(RESET) refers to rcmdi.o(i.EXTI2_IRQHandler) for EXTI2_IRQHandler
    startup_stm32l431xx.o(RESET) refers to rcmdi.o(i.EXTI3_IRQHandler) for EXTI3_IRQHandler
    startup_stm32l431xx.o(RESET) refers to rcmdi.o(i.EXTI4_IRQHandler) for EXTI4_IRQHandler
    startup_stm32l431xx.o(RESET) refers to rcmdi.o(i.EXTI9_5_IRQHandler) for EXTI9_5_IRQHandler
    startup_stm32l431xx.o(RESET) refers to queryabcap.o(i.TIM1_CC_IRQHandler) for TIM1_CC_IRQHandler
    startup_stm32l431xx.o(RESET) refers to queryabcap.o(i.TIM2_IRQHandler) for TIM2_IRQHandler
    startup_stm32l431xx.o(RESET) refers to usart.o(i.USART1_IRQHandler) for USART1_IRQHandler
    startup_stm32l431xx.o(RESET) refers to rs485.o(i.USART3_IRQHandler) for USART3_IRQHandler
    startup_stm32l431xx.o(.text) refers to system_stm32l4xx.o(i.SystemInit) for SystemInit
    startup_stm32l431xx.o(.text) refers to entry.o(.ARM.Collect$$$$00000000) for __main
    main.o(i.main) refers to stm32l4xx_hal.o(i.HAL_Init) for HAL_Init
    main.o(i.main) refers to sys.o(i.sys_stm32_clock_init) for sys_stm32_clock_init
    main.o(i.main) refers to delay.o(i.delay_init) for delay_init
    main.o(i.main) refers to query.o(i.QUERY_init) for QUERY_init
    main.o(i.main) refers to key.o(i.key_init) for key_init
    main.o(i.main) refers to can.o(i.can_init) for can_init
    main.o(i.main) refers to gpio.o(i.RCM_init) for RCM_init
    main.o(i.main) refers to rcmdi.o(i.rcmdi_init) for rcmdi_init
    main.o(i.main) refers to rcmdi.o(i.AudioCheck_init) for AudioCheck_init
    main.o(i.main) refers to rcmdi.o(i.lock_init) for lock_init
    main.o(i.main) refers to queryabcap.o(i.queryA_gtim_timx_cap_chy_init) for queryA_gtim_timx_cap_chy_init
    main.o(i.main) refers to queryabcap.o(i.queryB_gtim_timx_cap_chy_init) for queryB_gtim_timx_cap_chy_init
    main.o(i.main) refers to memcpya.o(.text) for __aeabi_memcpy4
    main.o(i.main) refers to adc.o(i.adc_sigChann_get_value) for adc_sigChann_get_value
    main.o(i.main) refers to dfltui.o(.text) for __aeabi_ui2d
    main.o(i.main) refers to dmul.o(.text) for __aeabi_dmul
    main.o(i.main) refers to ddiv.o(.text) for __aeabi_ddiv
    main.o(i.main) refers to dfixui.o(.text) for __aeabi_d2uiz
    main.o(i.main) refers to stm32l4xx_hal_cortex.o(i.HAL_NVIC_DisableIRQ) for HAL_NVIC_DisableIRQ
    main.o(i.main) refers to key.o(i.key_scan) for key_scan
    main.o(i.main) refers to stm32l4xx_hal_gpio.o(i.HAL_GPIO_ReadPin) for HAL_GPIO_ReadPin
    main.o(i.main) refers to node.o(i.queryCapDisposeFunc) for queryCapDisposeFunc
    main.o(i.main) refers to node.o(i.queryCheckDisposeFunc) for queryCheckDisposeFunc
    main.o(i.main) refers to node.o(i.rcmVpmNodeDisposeFunc) for rcmVpmNodeDisposeFunc
    main.o(i.main) refers to main.o(.bss) for AdcHandle1
    main.o(i.main) refers to main.o(.data) for ADC1ConvertedValue1
    stm32l4xx_it.o(i.SysTick_Handler) refers to stm32l4xx_hal.o(i.HAL_IncTick) for HAL_IncTick
    system_stm32l4xx.o(i.SystemCoreClockUpdate) refers to system_stm32l4xx.o(.constdata) for MSIRangeTable
    system_stm32l4xx.o(i.SystemCoreClockUpdate) refers to system_stm32l4xx.o(.data) for SystemCoreClock
    node.o(i.AllRcmNodeDoPortDisconnect) refers to stm32l4xx_hal_gpio.o(i.HAL_GPIO_WritePin) for HAL_GPIO_WritePin
    node.o(i.elmNodeDisposeFunc) refers to delay.o(i.delay_us) for delay_us
    node.o(i.elmNodeDisposeFunc) refers to stm32l4xx_hal_gpio.o(i.HAL_GPIO_ReadPin) for HAL_GPIO_ReadPin
    node.o(i.elmNodeDisposeFunc) refers to stm32l4xx_hal_gpio.o(i.HAL_GPIO_WritePin) for HAL_GPIO_WritePin
[...]
    Removing stm32l4xx_hal_pwr_ex.o(i.HAL_PWREx_PVM3Callback), (2 bytes).
    Removing stm32l4xx_hal_pwr_ex.o(i.HAL_PWREx_PVM4Callback), (2 bytes).
    Removing stm32l4xx_hal_pwr_ex.o(i.HAL_PWREx_SetSRAM2ContentRetention), (52 bytes).
    Removing can.o(.rev16_text), (4 bytes).
    Removing can.o(.revsh_text), (4 bytes).
    Removing can.o(.rrx_text), (6 bytes).
    Removing query.o(.rev16_text), (4 bytes).
    Removing query.o(.revsh_text), (4 bytes).
    Removing query.o(.rrx_text), (6 bytes).
    Removing rs485.o(.rev16_text), (4 bytes).
    Removing rs485.o(.revsh_text), (4 bytes).
    Removing rs485.o(.rrx_text), (6 bytes).
    Removing rs485.o(i.rs485_init), (324 bytes).
    Removing rs485.o(i.rs485_receive_data), (76 bytes).
    Removing rs485.o(i.rs485_send_data), (68 bytes).
    Removing gpio.o(.rev16_text), (4 bytes).
    Removing gpio.o(.revsh_text), (4 bytes).
    Removing gpio.o(.rrx_text), (6 bytes).
    Removing rcmdi.o(.rev16_text), (4 bytes).
    Removing rcmdi.o(.revsh_text), (4 bytes).
    Removing rcmdi.o(.rrx_text), (6 bytes).
    Removing key.o(.rev16_text), (4 bytes).
    Removing key.o(.revsh_text), (4 bytes).
    Removing key.o(.rrx_text), (6 bytes).
    Removing adc.o(.rev16_text), (4 bytes).
    Removing adc.o(.revsh_text), (4 bytes).
    Removing adc.o(.rrx_text), (6 bytes).
    Removing lockpwm.o(.rev16_text), (4 bytes).
    Removing lockpwm.o(.revsh_text), (4 bytes).
    Removing lockpwm.o(.rrx_text), (6 bytes).
    Removing lockpwm.o(i.Error_Handler), (4 bytes).
    Removing lockpwm.o(i.HAL_TIM_PWM_MspInit), (112 bytes).
    Removing lockpwm.o(i.gtim_pwm_lock_init), (132 bytes).
    Removing lockpwm.o(.bss), (104 bytes).
    Removing lockpwm.o(.data), (4 bytes).
    Removing queryabcap.o(.rev16_text), (4 bytes).
    Removing queryabcap.o(.revsh_text), (4 bytes).
    Removing queryabcap.o(.rrx_text), (6 bytes).

609 unused section(s) (total 56450 bytes) removed from the image.

==============================================================================

Image Symbol Table

    Local Symbols

    Symbol Name                              Value     Ov Type        Size  Object(Section)

    ../clib/microlib/division.c              0x00000000   Number         0  uldiv.o ABSOLUTE
    ../clib/microlib/init/entry.s            0x00000000   Number         0  entry12b.o ABSOLUTE
    ../clib/microlib/init/entry.s            0x00000000   Number         0  entry5.o ABSOLUTE
    ../clib/microlib/init/entry.s            0x00000000   Number         0  entry7a.o ABSOLUTE
    ../clib/microlib/init/entry.s            0x00000000   Number         0  entry10b.o ABSOLUTE
    ../clib/microlib/init/entry.s            0x00000000   Number         0  entry12a.o ABSOLUTE
    ../clib/microlib/init/entry.s            0x00000000   Number         0  entry7b.o ABSOLUTE
    ../clib/microlib/init/entry.s            0x00000000   Number         0  entry11b.o ABSOLUTE
    ../clib/microlib/init/entry.s            0x00000000   Number         0  entry8a.o ABSOLUTE
    ../clib/microlib/init/entry.s            0x00000000   Number         0  entry11a.o ABSOLUTE
    ../clib/microlib/init/entry.s            0x00000000   Number         0  entry8b.o ABSOLUTE
    ../clib/microlib/init/entry.s            0x00000000   Number         0  entry.o ABSOLUTE
    ../clib/microlib/init/entry.s            0x00000000   Number         0  entry10a.o ABSOLUTE
    ../clib/microlib/init/entry.s            0x00000000   Number         0  entry9b.o ABSOLUTE
    ../clib/microlib/init/entry.s            0x00000000   Number         0  entry9a.o ABSOLUTE
    ../clib/microlib/init/entry.s            0x00000000   Number         0  entry2.o ABSOLUTE
    ../clib/microlib/longlong.c              0x00000000   Number         0  llshl.o ABSOLUTE
    ../clib/microlib/longlong.c              0x00000000   Number         0  llushr.o ABSOLUTE
    ../clib/microlib/string/memcpy.c         0x00000000   Number         0  memcpyb.o ABSOLUTE
    ../clib/microlib/string/memcpy.c         0x00000000   Number         0  memcpya.o ABSOLUTE
    ../clib/microlib/string/memset.c         0x00000000   Number         0  memseta.o ABSOLUTE
    ../clib/microlib/stubs.s                 0x00000000   Number         0  iusefp.o ABSOLUTE
    ../clib/microlib/stubs.s                 0x00000000   Number         0  useno.o ABSOLUTE
    ../fplib/microlib/fpdiv.c                0x00000000   Number         0  ddiv.o ABSOLUTE
    ../fplib/microlib/fpepilogue.c           0x00000000   Number         0  depilogue.o ABSOLUTE
    ../fplib/microlib/fpfix.c                0x00000000   Number         0  dfixui.o ABSOLUTE
    ../fplib/microlib/fpflt.c                0x00000000   Number         0  dfltui.o ABSOLUTE
    ../fplib/microlib/fpmul.c                0x00000000   Number         0  dmul.o ABSOLUTE
    ..\..\Drivers\BSP\ADC\adc.c              0x00000000   Number         0  adc.o ABSOLUTE
    ..\..\Drivers\BSP\CAN\can.c              0x00000000   Number         0  can.o ABSOLUTE
    ..\..\Drivers\BSP\GPIO\gpio.c            0x00000000   Number         0  gpio.o ABSOLUTE
    ..\..\Drivers\BSP\KEY\key.c              0x00000000   Number         0  key.o ABSOLUTE
    ..\..\Drivers\BSP\LOCKPWM\lockpwm.c      0x00000000   Number         0  lockpwm.o ABSOLUTE
    ..\..\Drivers\BSP\QUERYTIMER\queryabcap.c 0x00000000   Number         0  queryabcap.o ABSOLUTE
    ..\..\Drivers\BSP\QUERY\query.c          0x00000000   Number         0  query.o ABSOLUTE
    ..\..\Drivers\BSP\RCMDI\rcmdi.c          0x00000000   Number         0  rcmdi.o ABSOLUTE
    ..\..\Drivers\BSP\RS485\rs485.c          0x00000000   Number         0  rs485.o ABSOLUTE
    ..\..\Drivers\CMSIS\Device\ST\STM32L4xx\Source\Templates\arm\startup_stm32l431xx.s 0x00000000   Number         0  startup_stm32l431xx.o ABSOLUTE
    ..\..\Drivers\CMSIS\Device\ST\STM32L4xx\Source\Templates\system_stm32l4xx.c 0x00000000   Number         0  system_stm32l4xx.o ABSOLUTE
    ..\..\Drivers\STM32L4xx_HAL_Driver\Src\stm32l4xx_hal.c 0x00000000   Number         0  stm32l4xx_hal.o ABSOLUTE
    ..\..\Drivers\STM32L4xx_HAL_Driver\Src\stm32l4xx_hal_adc.c 0x00000000   Number         0  stm32l4xx_hal_adc.o ABSOLUTE
    ..\..\Drivers\STM32L4xx_HAL_Driver\Src\stm32l4xx_hal_adc_ex.c 0x00000000   Number         0  stm32l4xx_hal_adc_ex.o ABSOLUTE
    ..\..\Drivers\STM32L4xx_HAL_Driver\Src\stm32l4xx_hal_can.c 0x00000000   Number         0  stm32l4xx_hal_can.o ABSOLUTE
    ..\..\Drivers\STM32L4xx_HAL_Driver\Src\stm32l4xx_hal_cortex.c 0x00000000   Number         0  stm32l4xx_hal_cortex.o ABSOLUTE
    ..\..\Drivers\STM32L4xx_HAL_Driver\Src\stm32l4xx_hal_dma.c 0x00000000   Number         0  stm32l4xx_hal_dma.o ABSOLUTE
    ..\..\Drivers\STM32L4xx_HAL_Driver\Src\stm32l4xx_hal_dma_ex.c 0x00000000   Number         0  stm32l4xx_hal_dma_ex.o ABSOLUTE
    ..\..\Drivers\STM32L4xx_HAL_Driver\Src\stm32l4xx_hal_gpio.c 0x00000000   Number         0  stm32l4xx_hal_gpio.o ABSOLUTE
    ..\..\Drivers\STM32L4xx_HAL_Driver\Src\stm32l4xx_hal_pwr.c 0x00000000   Number         0  stm32l4xx_hal_pwr.o ABSOLUTE
    ..\..\Drivers\STM32L4xx_HAL_Driver\Src\stm32l4xx_hal_pwr_ex.c 0x00000000   Number         0  stm32l4xx_hal_pwr_ex.o ABSOLUTE
    ..\..\Drivers\STM32L4xx_HAL_Driver\Src\stm32l4xx_hal_rcc.c 0x00000000   Number         0  stm32l4xx_hal_rcc.o ABSOLUTE
    ..\..\Drivers\STM32L4xx_HAL_Driver\Src\stm32l4xx_hal_rcc_ex.c 0x00000000   Number         0  stm32l4xx_hal_rcc_ex.o ABSOLUTE
    ..\..\Drivers\STM32L4xx_HAL_Driver\Src\stm32l4xx_hal_tim.c 0x00000000   Number         0  stm32l4xx_hal_tim.o ABSOLUTE
    ..\..\Drivers\STM32L4xx_HAL_Driver\Src\stm32l4xx_hal_tim_ex.c 0x00000000   Number         0  stm32l4xx_hal_tim_ex.o ABSOLUTE
    ..\..\Drivers\STM32L4xx_HAL_Driver\Src\stm32l4xx_hal_uart.c 0x00000000   Number         0  stm32l4xx_hal_uart.o ABSOLUTE
    ..\..\Drivers\STM32L4xx_HAL_Driver\Src\stm32l4xx_hal_uart_ex.c 0x00000000   Number         0  stm32l4xx_hal_uart_ex.o ABSOLUTE
    ..\..\Drivers\STM32L4xx_HAL_Driver\Src\stm32l4xx_hal_usart.c 0x00000000   Number         0  stm32l4xx_hal_usart.o ABSOLUTE
    ..\..\Drivers\STM32L4xx_HAL_Driver\Src\stm32l4xx_hal_usart_ex.c 0x00000000   Number         0  stm32l4xx_hal_usart_ex.o ABSOLUTE
    ..\..\Drivers\STM32L4xx_HAL_Driver\Src\stm32l4xx_ll_adc.c 0x00000000   Number         0  stm32l4xx_ll_adc.o ABSOLUTE
    ..\..\Drivers\STM32L4xx_HAL_Driver\Src\stm32l4xx_ll_gpio.c 0x00000000   Number         0  stm32l4xx_ll_gpio.o ABSOLUTE
    ..\..\Drivers\STM32L4xx_HAL_Driver\Src\stm32l4xx_ll_pwr.c 0x00000000   Number         0  stm32l4xx_ll_pwr.o ABSOLUTE
    ..\..\Drivers\STM32L4xx_HAL_Driver\Src\stm32l4xx_ll_rcc.c 0x00000000   Number         0  stm32l4xx_ll_rcc.o ABSOLUTE
    ..\..\Drivers\STM32L4xx_HAL_Driver\Src\stm32l4xx_ll_tim.c 0x00000000   Number         0  stm32l4xx_ll_tim.o ABSOLUTE
    ..\..\Drivers\STM32L4xx_HAL_Driver\Src\stm32l4xx_ll_usart.c 0x00000000   Number         0  stm32l4xx_ll_usart.o ABSOLUTE
    ..\..\Drivers\SYSTEM\delay\delay.c       0x00000000   Number         0  delay.o ABSOLUTE
    ..\..\Drivers\SYSTEM\sys\sys.c           0x00000000   Number         0  sys.o ABSOLUTE
    ..\..\Drivers\SYSTEM\usart\usart.c       0x00000000   Number         0  usart.o ABSOLUTE
    ..\..\User\main.c                        0x00000000   Number         0  main.o ABSOLUTE
    ..\..\User\node.c                        0x00000000   Number         0  node.o ABSOLUTE
    ..\..\User\stm32l4xx_it.c                0x00000000   Number         0  stm32l4xx_it.o ABSOLUTE
    ..\\..\\Drivers\\BSP\\ADC\\adc.c         0x00000000   Number         0  adc.o ABSOLUTE
    ..\\..\\Drivers\\BSP\\CAN\\can.c         0x00000000   Number         0  can.o ABSOLUTE
    ..\\..\\Drivers\\BSP\\GPIO\\gpio.c       0x00000000   Number         0  gpio.o ABSOLUTE
    ..\\..\\Drivers\\BSP\\KEY\\key.c         0x00000000   Number         0  key.o ABSOLUTE
    ..\\..\\Drivers\\BSP\\LOCKPWM\\lockpwm.c 0x00000000   Number         0  lockpwm.o ABSOLUTE
    ..\\..\\Drivers\\BSP\\QUERYTIMER\\queryabcap.c 0x00000000   Number         0  queryabcap.o ABSOLUTE
    ..\\..\\Drivers\\BSP\\QUERY\\query.c     0x00000000   Number         0  query.o ABSOLUTE
    ..\\..\\Drivers\\BSP\\RCMDI\\rcmdi.c     0x00000000   Number         0  rcmdi.o ABSOLUTE
    ..\\..\\Drivers\\BSP\\RS485\\rs485.c     0x00000000   Number         0  rs485.o ABSOLUTE
    ..\\..\\Drivers\\CMSIS\\Device\\ST\\STM32L4xx\\Source\\Templates\\system_stm32l4xx.c 0x00000000   Number         0  system_stm32l4xx.o ABSOLUTE
    ..\\..\\Drivers\\STM32L4xx_HAL_Driver\\Src\\stm32l4xx_hal.c 0x00000000   Number         0  stm32l4xx_hal.o ABSOLUTE
    ..\\..\\Drivers\\STM32L4xx_HAL_Driver\\Src\\stm32l4xx_hal_adc.c 0x00000000   Number         0  stm32l4xx_hal_adc.o ABSOLUTE
    ..\\..\\Drivers\\STM32L4xx_HAL_Driver\\Src\\stm32l4xx_hal_adc_ex.c 0x00000000   Number         0  stm32l4xx_hal_adc_ex.o ABSOLUTE
    ..\\..\\Drivers\\STM32L4xx_HAL_Driver\\Src\\stm32l4xx_hal_can.c 0x00000000   Number         0  stm32l4xx_hal_can.o ABSOLUTE
    ..\\..\\Drivers\\STM32L4xx_HAL_Driver\\Src\\stm32l4xx_hal_cortex.c 0x00000000   Number         0  stm32l4xx_hal_cortex.o ABSOLUTE
    ..\\..\\Drivers\\STM32L4xx_HAL_Driver\\Src\\stm32l4xx_hal_dma.c 0x00000000   Number         0  stm32l4xx_hal_dma.o ABSOLUTE
    ..\\..\\Drivers\\STM32L4xx_HAL_Driver\\Src\\stm32l4xx_hal_dma_ex.c 0x00000000   Number         0  stm32l4xx_hal_dma_ex.o ABSOLUTE
    ..\\..\\Drivers\\STM32L4xx_HAL_Driver\\Src\\stm32l4xx_hal_gpio.c 0x00000000   Number         0  stm32l4xx_hal_gpio.o ABSOLUTE
    ..\\..\\Drivers\\STM32L4xx_HAL_Driver\\Src\\stm32l4xx_hal_pwr.c 0x00000000   Number         0  stm32l4xx_hal_pwr.o ABSOLUTE
    ..\\..\\Drivers\\STM32L4xx_HAL_Driver\\Src\\stm32l4xx_hal_pwr_ex.c 0x00000000   Number         0  stm32l4xx_hal_pwr_ex.o ABSOLUTE
    ..\\..\\Drivers\\STM32L4xx_HAL_Driver\\Src\\stm32l4xx_hal_rcc.c 0x00000000   Number         0  stm32l4xx_hal_rcc.o ABSOLUTE
    ..\\..\\Drivers\\STM32L4xx_HAL_Driver\\Src\\stm32l4xx_hal_rcc_ex.c 0x00000000   Number         0  stm32l4xx_hal_rcc_ex.o ABSOLUTE
    ..\\..\\Drivers\\STM32L4xx_HAL_Driver\\Src\\stm32l4xx_hal_tim.c 0x00000000   Number         0  stm32l4xx_hal_tim.o ABSOLUTE
    ..\\..\\Drivers\\STM32L4xx_HAL_Driver\\Src\\stm32l4xx_hal_tim_ex.c 0x00000000   Number         0  stm32l4xx_hal_tim_ex.o ABSOLUTE
    ..\\..\\Drivers\\STM32L4xx_HAL_Driver\\Src\\stm32l4xx_hal_uart.c 0x00000000   Number         0  stm32l4xx_hal_uart.o ABSOLUTE
    ..\\..\\Drivers\\STM32L4xx_HAL_Driver\\Src\\stm32l4xx_hal_uart_ex.c 0x00000000   Number         0  stm32l4xx_hal_uart_ex.o ABSOLUTE
    ..\\..\\Drivers\\STM32L4xx_HAL_Driver\\Src\\stm32l4xx_hal_usart.c 0x00000000   Number         0  stm32l4xx_hal_usart.o ABSOLUTE
    ..\\..\\Drivers\\STM32L4xx_HAL_Driver\\Src\\stm32l4xx_hal_usart_ex.c 0x00000000   Number         0  stm32l4xx_hal_usart_ex.o ABSOLUTE
    ..\\..\\Drivers\\SYSTEM\\delay\\delay.c  0x00000000   Number         0  delay.o ABSOLUTE
    ..\\..\\Drivers\\SYSTEM\\sys\\sys.c      0x00000000   Number         0  sys.o ABSOLUTE
    ..\\..\\Drivers\\SYSTEM\\usart\\usart.c  0x00000000   Number         0  usart.o ABSOLUTE
    ..\\..\\User\\main.c                     0x00000000   Number         0  main.o ABSOLUTE
    ..\\..\\User\\node.c                     0x00000000   Number         0  node.o ABSOLUTE
    dc.s                                     0x00000000   Number         0  dc.o ABSOLUTE
    handlers.s                               0x00000000   Number         0  handlers.o ABSOLUTE
    init.s                                   0x00000000   Number         0  init.o ABSOLUTE
    RESET                                    0x08000000   Section      396  startup_stm32l431xx.o(RESET)
    .ARM.Collect$$$$00000000                 0x0800018c   Section        0  entry.o(.ARM.Collect$$$$00000000)
    .ARM.Collect$$$$00000001                 0x0800018c   Section        4  entry2.o(.ARM.Collect$$$$00000001)
    .ARM.Collect$$$$00000004                 0x08000190   Section        4  entry5.o(.ARM.Collect$$$$00000004)
    .ARM.Collect$$$$00000008                 0x08000194   Section        0  entry7b.o(.ARM.Collect$$$$00000008)
    .ARM.Collect$$$$0000000A                 0x08000194   Section        0  entry8b.o(.ARM.Collect$$$$0000000A)
    .ARM.Collect$$$$0000000B                 0x08000194   Section        8  entry9a.o(.ARM.Collect$$$$0000000B)
    .ARM.Collect$$$$0000000E                 0x0800019c   Section        4  entry12b.o(.ARM.Collect$$$$0000000E)
    .ARM.Collect$$$$0000000F                 0x080001a0   Section        0  entry10a.o(.ARM.Collect$$$$0000000F)
    .ARM.Collect$$$$00000011                 0x080001a0   Section        0  entry11a.o(.ARM.Collect$$$$00000011)
    .ARM.Collect$$$$00002712                 0x080001a0   Section        4  entry2.o(.ARM.Collect$$$$00002712)
    __lit__00000000                          0x080001a0   Data           4  entry2.o(.ARM.Collect$$$$00002712)
    .text                                    0x080001a4   Section       36  startup_stm32l431xx.o(.text)
    $v0                                      0x080001a4   Number         0  startup_stm32l431xx.o(.text)
    .text                                    0x080001c8   Section        0  memcpya.o(.text)
    .text                                    0x080001ec   Section        0  memseta.o(.text)
    .text                                    0x08000210   Section        0  dmul.o(.text)
    .text                                    0x080002fa   Section        0  ddiv.o(.text)
    .text                                    0x080003d8   Section        0  dfltui.o(.text)
    .text                                    0x080003f2   Section        0  dfixui.o(.text)
    .text                                    0x08000424   Section        0  llshl.o(.text)
    .text                                    0x08000442   Section        0  llushr.o(.text)
    .text                                    0x08000462   Section        0  depilogue.o(.text)
    .text                                    0x08000462   Section        0  iusefp.o(.text)
    .text                                    0x0800051c   Section       36  init.o(.text)
    i.ADC_ConversionStop                     0x08000540   Section        0  stm32l4xx_hal_adc.o(i.ADC_ConversionStop)
    i.ADC_Disable                            0x08000664   Section        0  stm32l4xx_hal_adc.o(i.ADC_Disable)
    i.ADC_Enable                             0x080006f8   Section        0  stm32l4xx_hal_adc.o(i.ADC_Enable)
    i.AudioCheck_init                        0x080007c0   Section        0  rcmdi.o(i.AudioCheck_init)
    i.BusFault_Handler                       0x0800083c   Section        0  stm32l4xx_it.o(i.BusFault_Handler)
    i.DebugMon_Handler                       0x08000840   Section        0  stm32l4xx_it.o(i.DebugMon_Handler)
    i.EXTI0_IRQHandler                       0x08000842   Section        0  rcmdi.o(i.EXTI0_IRQHandler)
    i.EXTI1_IRQHandler                       0x0800084c   Section        0  rcmdi.o(i.EXTI1_IRQHandler)
    i.EXTI2_IRQHandler                       0x08000856   Section        0  rcmdi.o(i.EXTI2_IRQHandler)
    i.EXTI3_IRQHandler                       0x08000860   Section        0  rcmdi.o(i.EXTI3_IRQHandler)
    i.EXTI4_IRQHandler                       0x0800086a   Section        0  rcmdi.o(i.EXTI4_IRQHandler)
    i.EXTI9_5_IRQHandler                     0x08000874   Section        0  rcmdi.o(i.EXTI9_5_IRQHandler)
    i.Error_Handler                          0x0800088a   Section        0  adc.o(i.Error_Handler)
    Error_Handler                            0x0800088b   Thumb Code     4  adc.o(i.Error_Handler)
    i.HAL_ADCEx_Calibration_Start            0x08000890   Section        0  stm32l4xx_hal_adc_ex.o(i.HAL_ADCEx_Calibration_Start)
    i.HAL_ADC_ConfigChannel                  0x0800093c   Section        0  stm32l4xx_hal_adc.o(i.HAL_ADC_ConfigChannel)
    i.HAL_ADC_DeInit                         0x08000e04   Section        0  stm32l4xx_hal_adc.o(i.HAL_ADC_DeInit)
    i.HAL_ADC_GetValue                       0x08000fbc   Section        0  stm32l4xx_hal_adc.o(i.HAL_ADC_GetValue)
    i.HAL_ADC_Init                           0x08000fc4   Section        0  stm32l4xx_hal_adc.o(i.HAL_ADC_Init)
    i.HAL_ADC_MspDeInit                      0x080011b8   Section        0  adc.o(i.HAL_ADC_MspDeInit)
    i.HAL_ADC_MspInit                        0x08001200   Section        0  adc.o(i.HAL_ADC_MspInit)
    i.HAL_ADC_PollForConversion              0x08001294   Section        0  stm32l4xx_hal_adc.o(i.HAL_ADC_PollForConversion)
    i.HAL_ADC_Start                          0x0800135a   Section        0  stm32l4xx_hal_adc.o(i.HAL_ADC_Start)
    i.HAL_CAN_AbortTxRequest                 0x080013ee   Section        0  stm32l4xx_hal_can.o(i.HAL_CAN_AbortTxRequest)
    i.HAL_CAN_AddTxMessage                   0x08001444   Section        0  stm32l4xx_hal_can.o(i.HAL_CAN_AddTxMessage)
    i.HAL_CAN_ConfigFilter                   0x0800158e   Section        0  stm32l4xx_hal_can.o(i.HAL_CAN_ConfigFilter)
    i.HAL_CAN_GetRxFifoFillLevel             0x08001698   Section        0  stm32l4xx_hal_can.o(i.HAL_CAN_GetRxFifoFillLevel)
    i.HAL_CAN_GetRxMessage                   0x080016c0   Section        0  stm32l4xx_hal_can.o(i.HAL_CAN_GetRxMessage)
    i.HAL_CAN_GetTxMailboxesFreeLevel        0x08001854   Section        0  stm32l4xx_hal_can.o(i.HAL_CAN_GetTxMailboxesFreeLevel)
    i.HAL_CAN_Init                           0x0800188a   Section        0  stm32l4xx_hal_can.o(i.HAL_CAN_Init)
    i.HAL_CAN_MspInit                        0x08001a00   Section        0  can.o(i.HAL_CAN_MspInit)
    i.HAL_CAN_Start                          0x08001ae4   Section        0  stm32l4xx_hal_can.o(i.HAL_CAN_Start)
    i.HAL_DMA_Abort                          0x08001b42   Section        0  stm32l4xx_hal_dma.o(i.HAL_DMA_Abort)
    i.HAL_DMA_Abort_IT                       0x08001b9c   Section        0  stm32l4xx_hal_dma.o(i.HAL_DMA_Abort_IT)
    i.HAL_GPIO_DeInit                        0x08001bf8   Section        0  stm32l4xx_hal_gpio.o(i.HAL_GPIO_DeInit)
    i.HAL_GPIO_EXTI_Callback                 0x08001d14   Section        0  rcmdi.o(i.HAL_GPIO_EXTI_Callback)
    i.HAL_GPIO_EXTI_IRQHandler               0x08001dac   Section        0  stm32l4xx_hal_gpio.o(i.HAL_GPIO_EXTI_IRQHandler)
    i.HAL_GPIO_Init                          0x08001dc8   Section        0  stm32l4xx_hal_gpio.o(i.HAL_GPIO_Init)
    i.HAL_GPIO_ReadPin                       0x08001f88   Section        0  stm32l4xx_hal_gpio.o(i.HAL_GPIO_ReadPin)
    i.HAL_GPIO_WritePin                      0x08001f98   Section        0  stm32l4xx_hal_gpio.o(i.HAL_GPIO_WritePin)
    i.HAL_GetREVID                           0x08001fa4   Section        0  stm32l4xx_hal.o(i.HAL_GetREVID)
    i.HAL_GetTick                            0x08001fb0   Section        0  stm32l4xx_hal.o(i.HAL_GetTick)
    i.HAL_IncTick                            0x08001fbc   Section        0  stm32l4xx_hal.o(i.HAL_IncTick)
    i.HAL_Init                               0x08001fd4   Section        0  stm32l4xx_hal.o(i.HAL_Init)
    i.HAL_InitTick                           0x08001ff4   Section        0  stm32l4xx_hal.o(i.HAL_InitTick)
    i.HAL_MspInit                            0x0800204c   Section        0  stm32l4xx_hal.o(i.HAL_MspInit)
    i.HAL_NVIC_DisableIRQ                    0x08002050   Section        0  stm32l4xx_hal_cortex.o(i.HAL_NVIC_DisableIRQ)
    i.HAL_NVIC_EnableIRQ                     0x08002094   Section        0  stm32l4xx_hal_cortex.o(i.HAL_NVIC_EnableIRQ)
    i.HAL_NVIC_SetPriority                   0x080020bc   Section        0  stm32l4xx_hal_cortex.o(i.HAL_NVIC_SetPriority)
    i.HAL_NVIC_SetPriorityGrouping           0x08002140   Section        0  stm32l4xx_hal_cortex.o(i.HAL_NVIC_SetPriorityGrouping)
    i.HAL_PWREx_GetVoltageRange              0x08002168   Section        0  stm32l4xx_hal_pwr_ex.o(i.HAL_PWREx_GetVoltageRange)
    i.HAL_RCC_ClockConfig                    0x08002178   Section        0  stm32l4xx_hal_rcc.o(i.HAL_RCC_ClockConfig)
    i.HAL_RCC_GetSysClockFreq                0x0800232c   Section        0  stm32l4xx_hal_rcc.o(i.HAL_RCC_GetSysClockFreq)
    i.HAL_RCC_OscConfig                      0x08002418   Section        0  stm32l4xx_hal_rcc.o(i.HAL_RCC_OscConfig)
    i.HAL_SYSTICK_Config                     0x08002b68   Section        0  stm32l4xx_hal_cortex.o(i.HAL_SYSTICK_Config)
    i.HAL_TIMEx_Break2Callback               0x08002b9c   Section        0  stm32l4xx_hal_tim_ex.o(i.HAL_TIMEx_Break2Callback)
    i.HAL_TIMEx_BreakCallback                0x08002b9e   Section        0  stm32l4xx_hal_tim_ex.o(i.HAL_TIMEx_BreakCallback)
    i.HAL_TIMEx_CommutCallback               0x08002ba0   Section        0  stm32l4xx_hal_tim_ex.o(i.HAL_TIMEx_CommutCallback)
    i.HAL_TIM_IC_CaptureCallback             0x08002ba4   Section        0  queryabcap.o(i.HAL_TIM_IC_CaptureCallback)
    i.HAL_TIM_IC_ConfigChannel               0x08002cec   Section        0  stm32l4xx_hal_tim.o(i.HAL_TIM_IC_ConfigChannel)
    i.HAL_TIM_IC_DeInit                      0x08002dca   Section        0  stm32l4xx_hal_tim.o(i.HAL_TIM_IC_DeInit)
    i.HAL_TIM_IC_Init                        0x08002e4a   Section        0  stm32l4xx_hal_tim.o(i.HAL_TIM_IC_Init)
    i.HAL_TIM_IC_MspDeInit                   0x08002eb8   Section        0  stm32l4xx_hal_tim.o(i.HAL_TIM_IC_MspDeInit)
    i.HAL_TIM_IC_MspInit                     0x08002ebc   Section        0  queryabcap.o(i.HAL_TIM_IC_MspInit)
    i.HAL_TIM_IC_Start_IT                    0x08002fc8   Section        0  stm32l4xx_hal_tim.o(i.HAL_TIM_IC_Start_IT)
    i.HAL_TIM_IC_Stop_IT                     0x08003154   Section        0  stm32l4xx_hal_tim.o(i.HAL_TIM_IC_Stop_IT)
    i.HAL_TIM_IRQHandler                     0x0800324a   Section        0  stm32l4xx_hal_tim.o(i.HAL_TIM_IRQHandler)
    i.HAL_TIM_OC_DelayElapsedCallback        0x080033d6   Section        0  stm32l4xx_hal_tim.o(i.HAL_TIM_OC_DelayElapsedCallback)
    i.HAL_TIM_PWM_PulseFinishedCallback      0x080033d8   Section        0  stm32l4xx_hal_tim.o(i.HAL_TIM_PWM_PulseFinishedCallback)
    i.HAL_TIM_PeriodElapsedCallback          0x080033dc   Section        0  queryabcap.o(i.HAL_TIM_PeriodElapsedCallback)
    i.HAL_TIM_ReadCapturedValue              0x080034d0   Section        0  stm32l4xx_hal_tim.o(i.HAL_TIM_ReadCapturedValue)
    i.HAL_TIM_TriggerCallback                0x08003502   Section        0  stm32l4xx_hal_tim.o(i.HAL_TIM_TriggerCallback)
    i.HAL_UARTEx_RxEventCallback             0x08003504   Section        0  stm32l4xx_hal_uart.o(i.HAL_UARTEx_RxEventCallback)
    i.HAL_UARTEx_WakeupCallback              0x08003506   Section        0  stm32l4xx_hal_uart_ex.o(i.HAL_UARTEx_WakeupCallback)
    i.HAL_UART_ErrorCallback                 0x08003508   Section        0  stm32l4xx_hal_uart.o(i.HAL_UART_ErrorCallback)
    i.HAL_UART_IRQHandler                    0x0800350c   Section        0  stm32l4xx_hal_uart.o(i.HAL_UART_IRQHandler)
    i.HAL_UART_Receive                       0x08003860   Section        0  stm32l4xx_hal_uart.o(i.HAL_UART_Receive)
    i.HAL_UART_TxCpltCallback                0x08003978   Section        0  stm32l4xx_hal_uart.o(i.HAL_UART_TxCpltCallback)
    i.HardFault_Handler                      0x0800397a   Section        0  stm32l4xx_it.o(i.HardFault_Handler)
    i.LL_ADC_Enable                          0x08003980   Section        0  stm32l4xx_hal_adc.o(i.LL_ADC_Enable)
    LL_ADC_Enable                            0x08003981   Thumb Code    12  stm32l4xx_hal_adc.o(i.LL_ADC_Enable)
    i.LL_ADC_GetOffsetChannel                0x08003990   Section        0  stm32l4xx_hal_adc.o(i.LL_ADC_GetOffsetChannel)
    LL_ADC_GetOffsetChannel                  0x08003991   Thumb Code    18  stm32l4xx_hal_adc.o(i.LL_ADC_GetOffsetChannel)
    i.LL_ADC_INJ_IsConversionOngoing         0x080039a2   Section        0  stm32l4xx_hal_adc.o(i.LL_ADC_INJ_IsConversionOngoing)
    LL_ADC_INJ_IsConversionOngoing           0x080039a3   Thumb Code    10  stm32l4xx_hal_adc.o(i.LL_ADC_INJ_IsConversionOngoing)
    i.LL_ADC_IsDisableOngoing                0x080039ac   Section        0  stm32l4xx_hal_adc.o(i.LL_ADC_IsDisableOngoing)
    LL_ADC_IsDisableOngoing                  0x080039ad   Thumb Code    10  stm32l4xx_hal_adc.o(i.LL_ADC_IsDisableOngoing)
    i.LL_ADC_IsEnabled                       0x080039b6   Section        0  stm32l4xx_hal_adc.o(i.LL_ADC_IsEnabled)
    LL_ADC_IsEnabled                         0x080039b7   Thumb Code    10  stm32l4xx_hal_adc.o(i.LL_ADC_IsEnabled)
    i.LL_ADC_IsInternalRegulatorEnabled      0x080039c0   Section        0  stm32l4xx_hal_adc.o(i.LL_ADC_IsInternalRegulatorEnabled)
    LL_ADC_IsInternalRegulatorEnabled        0x080039c1   Thumb Code    10  stm32l4xx_hal_adc.o(i.LL_ADC_IsInternalRegulatorEnabled)
    i.LL_ADC_REG_IsConversionOngoing         0x080039ca   Section        0  stm32l4xx_hal_adc.o(i.LL_ADC_REG_IsConversionOngoing)
    LL_ADC_REG_IsConversionOngoing           0x080039cb   Thumb Code    10  stm32l4xx_hal_adc.o(i.LL_ADC_REG_IsConversionOngoing)
    i.LL_ADC_REG_IsTriggerSourceSWStart      0x080039d4   Section        0  stm32l4xx_hal_adc.o(i.LL_ADC_REG_IsTriggerSourceSWStart)
    LL_ADC_REG_IsTriggerSourceSWStart        0x080039d5   Thumb Code    18  stm32l4xx_hal_adc.o(i.LL_ADC_REG_IsTriggerSourceSWStart)
    i.LL_ADC_REG_StartConversion             0x080039e8   Section        0  stm32l4xx_hal_adc.o(i.LL_ADC_REG_StartConversion)
    LL_ADC_REG_StartConversion               0x080039e9   Thumb Code    12  stm32l4xx_hal_adc.o(i.LL_ADC_REG_StartConversion)
    i.LL_ADC_SetChannelSamplingTime          0x080039f8   Section        0  stm32l4xx_hal_adc.o(i.LL_ADC_SetChannelSamplingTime)
    LL_ADC_SetChannelSamplingTime            0x080039f9   Thumb Code    40  stm32l4xx_hal_adc.o(i.LL_ADC_SetChannelSamplingTime)
    i.LL_ADC_SetCommonPathInternalCh         0x08003a20   Section        0  stm32l4xx_hal_adc.o(i.LL_ADC_SetCommonPathInternalCh)
    LL_ADC_SetCommonPathInternalCh           0x08003a21   Thumb Code    12  stm32l4xx_hal_adc.o(i.LL_ADC_SetCommonPathInternalCh)
    i.LL_ADC_SetOffsetState                  0x08003a2c   Section        0  stm32l4xx_hal_adc.o(i.LL_ADC_SetOffsetState)
    LL_ADC_SetOffsetState                    0x08003a2d   Thumb Code    22  stm32l4xx_hal_adc.o(i.LL_ADC_SetOffsetState)
    i.MemManage_Handler                      0x08003a42   Section        0  stm32l4xx_it.o(i.MemManage_Handler)
    i.NMI_Handler                            0x08003a46   Section        0  stm32l4xx_it.o(i.NMI_Handler)
    i.PendSV_Handler                         0x08003a48   Section        0  stm32l4xx_it.o(i.PendSV_Handler)
    i.QUERY_init                             0x08003a4c   Section        0  query.o(i.QUERY_init)
    i.RCC_SetFlashLatencyFromMSIRange        0x08003ba4   Section        0  stm32l4xx_hal_rcc.o(i.RCC_SetFlashLatencyFromMSIRange)
    RCC_SetFlashLatencyFromMSIRange          0x08003ba5   Thumb Code   148  stm32l4xx_hal_rcc.o(i.RCC_SetFlashLatencyFromMSIRange)
    i.RCM_init                               0x08003c40   Section        0  gpio.o(i.RCM_init)
    i.SVC_Handler                            0x08003da4   Section        0  stm32l4xx_it.o(i.SVC_Handler)
    i.SysTick_Handler                        0x08003da6   Section        0  stm32l4xx_it.o(i.SysTick_Handler)
    i.SystemInit                             0x08003db0   Section        0  system_stm32l4xx.o(i.SystemInit)
    i.TIM1_CC_IRQHandler                     0x08003dc4   Section        0  queryabcap.o(i.TIM1_CC_IRQHandler)
    i.TIM2_IRQHandler                        0x08003ddc   Section        0  queryabcap.o(i.TIM2_IRQHandler)
    i.TIM_Base_SetConfig                     0x08003df4   Section        0  stm32l4xx_hal_tim.o(i.TIM_Base_SetConfig)
    i.TIM_CCxChannelCmd                      0x08003e68   Section        0  stm32l4xx_hal_tim.o(i.TIM_CCxChannelCmd)
    i.TIM_TI1_SetConfig                      0x08003e8c   Section        0  stm32l4xx_hal_tim.o(i.TIM_TI1_SetConfig)
    i.TIM_TI2_SetConfig                      0x08003ee8   Section        0  stm32l4xx_hal_tim.o(i.TIM_TI2_SetConfig)
    TIM_TI2_SetConfig                        0x08003ee9   Thumb Code    58  stm32l4xx_hal_tim.o(i.TIM_TI2_SetConfig)
    i.TIM_TI3_SetConfig                      0x08003f22   Section        0  stm32l4xx_hal_tim.o(i.TIM_TI3_SetConfig)
    TIM_TI3_SetConfig                        0x08003f23   Thumb Code    56  stm32l4xx_hal_tim.o(i.TIM_TI3_SetConfig)
    i.TIM_TI4_SetConfig                      0x08003f5a   Section        0  stm32l4xx_hal_tim.o(i.TIM_TI4_SetConfig)
    TIM_TI4_SetConfig                        0x08003f5b   Thumb Code    60  stm32l4xx_hal_tim.o(i.TIM_TI4_SetConfig)
    i.UART_DMAAbortOnError                   0x08003f96   Section        0  stm32l4xx_hal_uart.o(i.UART_DMAAbortOnError)
    UART_DMAAbortOnError                     0x08003f97   Thumb Code    24  stm32l4xx_hal_uart.o(i.UART_DMAAbortOnError)
    i.UART_EndRxTransfer                     0x08003fae   Section        0  stm32l4xx_hal_uart.o(i.UART_EndRxTransfer)
    UART_EndRxTransfer                       0x08003faf   Thumb Code   102  stm32l4xx_hal_uart.o(i.UART_EndRxTransfer)
    i.UART_EndTransmit_IT                    0x08004014   Section        0  stm32l4xx_hal_uart.o(i.UART_EndTransmit_IT)
    UART_EndTransmit_IT                      0x08004015   Thumb Code    46  stm32l4xx_hal_uart.o(i.UART_EndTransmit_IT)
    i.UART_WaitOnFlagUntilTimeout            0x08004042   Section        0  stm32l4xx_hal_uart.o(i.UART_WaitOnFlagUntilTimeout)
    i.USART1_IRQHandler                      0x080040e4   Section        0  usart.o(i.USART1_IRQHandler)
    i.USART3_IRQHandler                      0x080040f4   Section        0  rs485.o(i.USART3_IRQHandler)
    i.UsageFault_Handler                     0x0800413c   Section        0  stm32l4xx_it.o(i.UsageFault_Handler)
    i.__NVIC_ClearPendingIRQ                 0x08004140   Section        0  queryabcap.o(i.__NVIC_ClearPendingIRQ)
    __NVIC_ClearPendingIRQ                   0x08004141   Thumb Code    22  queryabcap.o(i.__NVIC_ClearPendingIRQ)
    i.__NVIC_GetPriorityGrouping             0x0800415c   Section        0  stm32l4xx_hal_cortex.o(i.__NVIC_GetPriorityGrouping)
    __NVIC_GetPriorityGrouping               0x0800415d   Thumb Code    10  stm32l4xx_hal_cortex.o(i.__NVIC_GetPriorityGrouping)
    i.__NVIC_SetPriority                     0x0800416c   Section        0  stm32l4xx_hal_cortex.o(i.__NVIC_SetPriority)
    __NVIC_SetPriority                       0x0800416d   Thumb Code    32  stm32l4xx_hal_cortex.o(i.__NVIC_SetPriority)
    i.__scatterload_copy                     0x08004194   Section       14  handlers.o(i.__scatterload_copy)
    i.__scatterload_null                     0x080041a2   Section        2  handlers.o(i.__scatterload_null)
    i.__scatterload_zeroinit                 0x080041a4   Section       14  handlers.o(i.__scatterload_zeroinit)
    i.adc_sigChann_get_value                 0x080041b4   Section        0  adc.o(i.adc_sigChann_get_value)
    i.can_init                               0x08004290   Section        0  can.o(i.can_init)
    i.can_receive_msg                        0x08004318   Section        0  can.o(i.can_receive_msg)
    i.can_send_msg_data                      0x0800434c   Section        0  can.o(i.can_send_msg_data)
    i.delay_init                             0x080043ac   Section        0  delay.o(i.delay_init)
    i.delay_ms                               0x080043b8   Section        0  delay.o(i.delay_ms)
    i.delay_us                               0x080043cc   Section        0  delay.o(i.delay_us)
    i.key_init                               0x08004414   Section        0  key.o(i.key_init)
    i.key_scan                               0x08004494   Section        0  key.o(i.key_scan)
    i.lock_init                              0x08004510   Section        0  rcmdi.o(i.lock_init)
    i.main                                   0x080045c4   Section        0  main.o(i.main)
    i.queryA_gtim_timx_cap_chy_init          0x080048d8   Section        0  queryabcap.o(i.queryA_gtim_timx_cap_chy_init)
    i.queryB_gtim_timx_cap_chy_init          0x08004954   Section        0  queryabcap.o(i.queryB_gtim_timx_cap_chy_init)
    i.queryCapDisposeFunc                    0x080049cc   Section        0  node.o(i.queryCapDisposeFunc)
    i.queryCheckDisposeFunc                  0x08004d48   Section        0  node.o(i.queryCheckDisposeFunc)
    i.rcmDiDebounceDisposeFunc               0x0800504c   Section        0  node.o(i.rcmDiDebounceDisposeFunc)
    i.rcmVpmNodeDisposeFunc                  0x080053c8   Section        0  node.o(i.rcmVpmNodeDisposeFunc)
    i.rcmdi_init                             0x08005994   Section        0  rcmdi.o(i.rcmdi_init)
    i.sys_stm32_clock_init                   0x08005c04   Section        0  sys.o(i.sys_stm32_clock_init)
    .constdata                               0x08005ce4   Section       72  system_stm32l4xx.o(.constdata)
    .data                                    0x20000000   Section       13  main.o(.data)
    .data                                    0x20000010   Section        4  system_stm32l4xx.o(.data)
    .data                                    0x20000014   Section       86  node.o(.data)
    .data                                    0x2000006c   Section        4  delay.o(.data)
    g_fac_us                                 0x2000006c   Data           4  delay.o(.data)
    .data                                    0x20000070   Section        9  stm32l4xx_hal.o(.data)
    .data                                    0x20000079   Section        1  rs485.o(.data)
    .data                                    0x2000007a   Section        1  key.o(.data)
    key_up                                   0x2000007a   Data           1  key.o(.data)
    .data                                    0x2000007c   Section        8  queryabcap.o(.data)
    .bss                                     0x20000084   Section      309  main.o(.bss)
    .bss                                     0x200001bc   Section      336  usart.o(.bss)
    .bss                                     0x2000030c   Section       92  can.o(.bss)
    .bss                                     0x20000368   Section      200  rs485.o(.bss)
    .bss                                     0x20000430   Section      152  queryabcap.o(.bss)
    STACK                                    0x200004c8   Section     1024  startup_stm32l431xx.o(STACK)

    Global Symbols

    Symbol Name                              Value     Ov Type        Size  Object(Section)

    BuildAttributes$$THM_ISAv4$E$P$D$K$B$S$7EM$VFPi3$EXTD16$VFPS$VFMA$PE$A:L22UL41UL21$X:L11$S22US41US21$IEEE1$IW$USESV6$~STKCKD$USESV7$~SHL$OSPACE$ROPI$EBA8$MICROLIB$REQ8$PRES8$EABIv2 0x00000000   Number         0  anon$$obj.o ABSOLUTE
    __ARM_use_no_argv                        0x00000000   Number         0  main.o ABSOLUTE
    __use_no_errno                           0x00000000   Number         0  useno.o ABSOLUTE
    __use_no_exception_handling              0x00000000   Number         0  useno.o ABSOLUTE
    __use_no_fp                              0x00000000   Number         0  useno.o ABSOLUTE
    __use_no_heap                            0x00000000   Number         0  useno.o ABSOLUTE
    __use_no_heap_region                     0x00000000   Number         0  useno.o ABSOLUTE
    __use_no_semihosting                     0x00000000   Number         0  useno.o ABSOLUTE
    __use_no_semihosting_swi                 0x00000000   Number         0  useno.o ABSOLUTE
    __use_no_signal_handling                 0x00000000   Number         0  useno.o ABSOLUTE
    __arm_fini_                               - Undefined Weak Reference
    __cpp_initialize__aeabi_                  - Undefined Weak Reference
    __cxa_finalize                            - Undefined Weak Reference
    __decompress                              - Undefined Weak Reference
    _clock_init                               - Undefined Weak Reference
    _microlib_exit                            - Undefined Weak Reference
    __Vectors_Size                           0x0000018c   Number         0  startup_stm32l431xx.o ABSOLUTE
    __Vectors                                0x08000000   Data           4  startup_stm32l431xx.o(RESET)
    __Vectors_End                            0x0800018c   Data           0  startup_stm32l431xx.o(RESET)
    __main                                   0x0800018d   Thumb Code     0  entry.o(.ARM.Collect$$$$00000000)
    _main_stk                                0x0800018d   Thumb Code     0  entry2.o(.ARM.Collect$$$$00000001)
    _main_scatterload                        0x08000191   Thumb Code     0  entry5.o(.ARM.Collect$$$$00000004)
    __main_after_scatterload                 0x08000195   Thumb Code     0  entry5.o(.ARM.Collect$$$$00000004)
    _main_clock                              0x08000195   Thumb Code     0  entry7b.o(.ARM.Collect$$$$00000008)
    _main_cpp_init                           0x08000195   Thumb Code     0  entry8b.o(.ARM.Collect$$$$0000000A)
    _main_init                               0x08000195   Thumb Code     0  entry9a.o(.ARM.Collect$$$$0000000B)
    __rt_lib_shutdown_fini                   0x0800019d   Thumb Code     0  entry12b.o(.ARM.Collect$$$$0000000E)
    __rt_final_cpp                           0x080001a1   Thumb Code     0  entry10a.o(.ARM.Collect$$$$0000000F)
    __rt_final_exit                          0x080001a1   Thumb Code     0  entry11a.o(.ARM.Collect$$$$00000011)
    Reset_Handler                            0x080001a5   Thumb Code     8  startup_stm32l431xx.o(.text)
    ADC1_IRQHandler                          0x080001bf   Thumb Code     0  startup_stm32l431xx.o(.text)
    CAN1_RX0_IRQHandler                      0x080001bf   Thumb Code     0  startup_stm32l431xx.o(.text)
    CAN1_RX1_IRQHandler                      0x080001bf   Thumb Code     0  startup_stm32l431xx.o(.text)
    CAN1_SCE_IRQHandler                      0x080001bf   Thumb Code     0  startup_stm32l431xx.o(.text)
    CAN1_TX_IRQHandler                       0x080001bf   Thumb Code     0  startup_stm32l431xx.o(.text)
    COMP_IRQHandler                          0x080001bf   Thumb Code     0  startup_stm32l431xx.o(.text)
    CRS_IRQHandler                           0x080001bf   Thumb Code     0  startup_stm32l431xx.o(.text)
    DMA1_Channel1_IRQHandler                 0x080001bf   Thumb Code     0  startup_stm32l431xx.o(.text)
    DMA1_Channel2_IRQHandler                 0x080001bf   Thumb Code     0  startup_stm32l431xx.o(.text)
    DMA1_Channel3_IRQHandler                 0x080001bf   Thumb Code     0  startup_stm32l431xx.o(.text)
    DMA1_Channel4_IRQHandler                 0x080001bf   Thumb Code     0  startup_stm32l431xx.o(.text)
    DMA1_Channel5_IRQHandler                 0x080001bf   Thumb Code     0  startup_stm32l431xx.o(.text)
    DMA1_Channel6_IRQHandler                 0x080001bf   Thumb Code     0  startup_stm32l431xx.o(.text)
    DMA1_Channel7_IRQHandler                 0x080001bf   Thumb Code     0  startup_stm32l431xx.o(.text)
    DMA2_Channel1_IRQHandler                 0x080001bf   Thumb Code     0  startup_stm32l431xx.o(.text)
    DMA2_Channel2_IRQHandler                 0x080001bf   Thumb Code     0  startup_stm32l431xx.o(.text)
    DMA2_Channel3_IRQHandler                 0x080001bf   Thumb Code     0  startup_stm32l431xx.o(.text)
    DMA2_Channel4_IRQHandler                 0x080001bf   Thumb Code     0  startup_stm32l431xx.o(.text)
    DMA2_Channel5_IRQHandler                 0x080001bf   Thumb Code     0  startup_stm32l431xx.o(.text)
    DMA2_Channel6_IRQHandler                 0x080001bf   Thumb Code     0  startup_stm32l431xx.o(.text)
    DMA2_Channel7_IRQHandler                 0x080001bf   Thumb Code     0  startup_stm32l431xx.o(.text)
    EXTI15_10_IRQHandler                     0x080001bf   Thumb Code     0  startup_stm32l431xx.o(.text)
    FLASH_IRQHandler                         0x080001bf   Thumb Code     0  startup_stm32l431xx.o(.text)
    FPU_IRQHandler                           0x080001bf   Thumb Code     0  startup_stm32l431xx.o(.text)
    I2C1_ER_IRQHandler                       0x080001bf   Thumb Code     0  startup_stm32l431xx.o(.text)
    I2C1_EV_IRQHandler                       0x080001bf   Thumb Code     0  startup_stm32l431xx.o(.text)
    I2C2_ER_IRQHandler                       0x080001bf   Thumb Code     0  startup_stm32l431xx.o(.text)
    I2C2_EV_IRQHandler                       0x080001bf   Thumb Code     0  startup_stm32l431xx.o(.text)
    I2C3_ER_IRQHandler                       0x080001bf   Thumb Code     0  startup_stm32l431xx.o(.text)
    I2C3_EV_IRQHandler                       0x080001bf   Thumb Code     0  startup_stm32l431xx.o(.text)
    LPTIM1_IRQHandler                        0x080001bf   Thumb Code     0  startup_stm32l431xx.o(.text)
    LPTIM2_IRQHandler                        0x080001bf   Thumb Code     0  startup_stm32l431xx.o(.text)
    LPUART1_IRQHandler                       0x080001bf   Thumb Code     0  startup_stm32l431xx.o(.text)
    PVD_PVM_IRQHandler                       0x080001bf   Thumb Code     0  startup_stm32l431xx.o(.text)
    QUADSPI_IRQHandler                       0x080001bf   Thumb Code     0  startup_stm32l431xx.o(.text)
    RCC_IRQHandler                           0x080001bf   Thumb Code     0  startup_stm32l431xx.o(.text)
    RNG_IRQHandler                           0x080001bf   Thumb Code     0  startup_stm32l431xx.o(.text)
    RTC_Alarm_IRQHandler                     0x080001bf   Thumb Code     0  startup_stm32l431xx.o(.text)
    RTC_WKUP_IRQHandler                      0x080001bf   Thumb Code     0  startup_stm32l431xx.o(.text)
    SAI1_IRQHandler                          0x080001bf   Thumb Code     0  startup_stm32l431xx.o(.text)
    SDMMC1_IRQHandler                        0x080001bf   Thumb Code     0  startup_stm32l431xx.o(.text)
    SPI1_IRQHandler                          0x080001bf   Thumb Code     0  startup_stm32l431xx.o(.text)
    SPI2_IRQHandler                          0x080001bf   Thumb Code     0  startup_stm32l431xx.o(.text)
    SPI3_IRQHandler                          0x080001bf   Thumb Code     0  startup_stm32l431xx.o(.text)
    SWPMI1_IRQHandler                        0x080001bf   Thumb Code     0  startup_stm32l431xx.o(.text)
    TAMP_STAMP_IRQHandler                    0x080001bf   Thumb Code     0  startup_stm32l431xx.o(.text)
    TIM1_BRK_TIM15_IRQHandler                0x080001bf   Thumb Code     0  startup_stm32l431xx.o(.text)
    TIM1_TRG_COM_IRQHandler                  0x080001bf   Thumb Code     0  startup_stm32l431xx.o(.text)
    TIM1_UP_TIM16_IRQHandler                 0x080001bf   Thumb Code     0  startup_stm32l431xx.o(.text)
    TIM6_DAC_IRQHandler                      0x080001bf   Thumb Code     0  startup_stm32l431xx.o(.text)
    TIM7_IRQHandler                          0x080001bf   Thumb Code     0  startup_stm32l431xx.o(.text)
    TSC_IRQHandler                           0x080001bf   Thumb Code     0  startup_stm32l431xx.o(.text)
    USART2_IRQHandler                        0x080001bf   Thumb Code     0  startup_stm32l431xx.o(.text)
    WWDG_IRQHandler                          0x080001bf   Thumb Code     0  startup_stm32l431xx.o(.text)
    __aeabi_memcpy                           0x080001c9   Thumb Code    36  memcpya.o(.text)
    __aeabi_memcpy4                          0x080001c9   Thumb Code     0  memcpya.o(.text)
    __aeabi_memcpy8                          0x080001c9   Thumb Code     0  memcpya.o(.text)
    __aeabi_memset                           0x080001ed   Thumb Code    14  memseta.o(.text)
    __aeabi_memset4                          0x080001ed   Thumb Code     0  memseta.o(.text)
    __aeabi_memset8                          0x080001ed   Thumb Code     0  memseta.o(.text)
    __aeabi_memclr                           0x080001fb   Thumb Code     4  memseta.o(.text)
    __aeabi_memclr4                          0x080001fb   Thumb Code     0  memseta.o(.text)
    __aeabi_memclr8                          0x080001fb   Thumb Code     0  memseta.o(.text)
    _memset$wrapper                          0x080001ff   Thumb Code    18  memseta.o(.text)
    __aeabi_dmul                             0x08000211   Thumb Code   228  dmul.o(.text)
    __aeabi_ddiv                             0x080002fb   Thumb Code   222  ddiv.o(.text)
    __aeabi_ui2d                             0x080003d9   Thumb Code    26  dfltui.o(.text)
    __aeabi_d2uiz                            0x080003f3   Thumb Code    50  dfixui.o(.text)
    __aeabi_llsl                             0x08000425   Thumb Code    30  llshl.o(.text)
    _ll_shift_l                              0x08000425   Thumb Code     0  llshl.o(.text)
    __aeabi_llsr                             0x08000443   Thumb Code    32  llushr.o(.text)
    _ll_ushift_r                             0x08000443   Thumb Code     0  llushr.o(.text)
    __I$use$fp                               0x08000463   Thumb Code     0  iusefp.o(.text)
    _double_round                            0x08000463   Thumb Code    30  depilogue.o(.text)
    _double_epilogue                         0x08000481   Thumb Code   156  depilogue.o(.text)
    __scatterload                            0x0800051d   Thumb Code    28  init.o(.text)
    __scatterload_rt2                        0x0800051d   Thumb Code     0  init.o(.text)
    ADC_ConversionStop                       0x08000541   Thumb Code   276  stm32l4xx_hal_adc.o(i.ADC_ConversionStop)
    ADC_Disable                              0x08000665   Thumb Code   142  stm32l4xx_hal_adc.o(i.ADC_Disable)
    ADC_Enable                               0x080006f9   Thumb Code   182  stm32l4xx_hal_adc.o(i.ADC_Enable)
    AudioCheck_init                          0x080007c1   Thumb Code   112  rcmdi.o(i.AudioCheck_init)
    BusFault_Handler                         0x0800083d   Thumb Code     4  stm32l4xx_it.o(i.BusFault_Handler)
    DebugMon_Handler                         0x08000841   Thumb Code     2  stm32l4xx_it.o(i.DebugMon_Handler)
    EXTI0_IRQHandler                         0x08000843   Thumb Code    10  rcmdi.o(i.EXTI0_IRQHandler)
    EXTI1_IRQHandler                         0x0800084d   Thumb Code    10  rcmdi.o(i.EXTI1_IRQHandler)
    EXTI2_IRQHandler                         0x08000857   Thumb Code    10  rcmdi.o(i.EXTI2_IRQHandler)
    EXTI3_IRQHandler                         0x08000861   Thumb Code    10  rcmdi.o(i.EXTI3_IRQHandler)
    EXTI4_IRQHandler                         0x0800086b   Thumb Code    10  rcmdi.o(i.EXTI4_IRQHandler)
    EXTI9_5_IRQHandler                       0x08000875   Thumb Code    22  rcmdi.o(i.EXTI9_5_IRQHandler)
    HAL_ADCEx_Calibration_Start              0x08000891   Thumb Code   166  stm32l4xx_hal_adc_ex.o(i.HAL_ADCEx_Calibration_Start)
    HAL_ADC_ConfigChannel                    0x0800093d   Thumb Code  1194  stm32l4xx_hal_adc.o(i.HAL_ADC_ConfigChannel)
    HAL_ADC_DeInit                           0x08000e05   Thumb Code   414  stm32l4xx_hal_adc.o(i.HAL_ADC_DeInit)
    HAL_ADC_GetValue                         0x08000fbd   Thumb Code     8  stm32l4xx_hal_adc.o(i.HAL_ADC_GetValue)
    HAL_ADC_Init                             0x08000fc5   Thumb Code   470  stm32l4xx_hal_adc.o(i.HAL_ADC_Init)
    HAL_ADC_MspDeInit                        0x080011b9   Thumb Code    62  adc.o(i.HAL_ADC_MspDeInit)
    HAL_ADC_MspInit                          0x08001201   Thumb Code   138  adc.o(i.HAL_ADC_MspInit)
    HAL_ADC_PollForConversion                0x08001295   Thumb Code   198  stm32l4xx_hal_adc.o(i.HAL_ADC_PollForConversion)
    HAL_ADC_Start                            0x0800135b   Thumb Code   148  stm32l4xx_hal_adc.o(i.HAL_ADC_Start)
    HAL_CAN_AbortTxRequest                   0x080013ef   Thumb Code    86  stm32l4xx_hal_can.o(i.HAL_CAN_AbortTxRequest)
    HAL_CAN_AddTxMessage                     0x08001445   Thumb Code   330  stm32l4xx_hal_can.o(i.HAL_CAN_AddTxMessage)
    HAL_CAN_ConfigFilter                     0x0800158f   Thumb Code   266  stm32l4xx_hal_can.o(i.HAL_CAN_ConfigFilter)
    HAL_CAN_GetRxFifoFillLevel               0x08001699   Thumb Code    40  stm32l4xx_hal_can.o(i.HAL_CAN_GetRxFifoFillLevel)
    HAL_CAN_GetRxMessage                     0x080016c1   Thumb Code   404  stm32l4xx_hal_can.o(i.HAL_CAN_GetRxMessage)
    HAL_CAN_GetTxMailboxesFreeLevel          0x08001855   Thumb Code    54  stm32l4xx_hal_can.o(i.HAL_CAN_GetTxMailboxesFreeLevel)
    HAL_CAN_Init                             0x0800188b   Thumb Code   372  stm32l4xx_hal_can.o(i.HAL_CAN_Init)
    HAL_CAN_MspInit                          0x08001a01   Thumb Code   214  can.o(i.HAL_CAN_MspInit)
    HAL_CAN_Start                            0x08001ae5   Thumb Code    94  stm32l4xx_hal_can.o(i.HAL_CAN_Start)
    HAL_DMA_Abort                            0x08001b43   Thumb Code    90  stm32l4xx_hal_dma.o(i.HAL_DMA_Abort)
    HAL_DMA_Abort_IT                         0x08001b9d   Thumb Code    92  stm32l4xx_hal_dma.o(i.HAL_DMA_Abort_IT)
    HAL_GPIO_DeInit                          0x08001bf9   Thumb Code   260  stm32l4xx_hal_gpio.o(i.HAL_GPIO_DeInit)
    HAL_GPIO_EXTI_Callback                   0x08001d15   Thumb Code   148  rcmdi.o(i.HAL_GPIO_EXTI_Callback)
    HAL_GPIO_EXTI_IRQHandler                 0x08001dad   Thumb Code    24  stm32l4xx_hal_gpio.o(i.HAL_GPIO_EXTI_IRQHandler)
    HAL_GPIO_Init                            0x08001dc9   Thumb Code   418  stm32l4xx_hal_gpio.o(i.HAL_GPIO_Init)
    HAL_GPIO_ReadPin                         0x08001f89   Thumb Code    16  stm32l4xx_hal_gpio.o(i.HAL_GPIO_ReadPin)
    HAL_GPIO_WritePin                        0x08001f99   Thumb Code    10  stm32l4xx_hal_gpio.o(i.HAL_GPIO_WritePin)
    HAL_GetREVID                             0x08001fa5   Thumb Code     8  stm32l4xx_hal.o(i.HAL_GetREVID)
    HAL_GetTick                              0x08001fb1   Thumb Code     6  stm32l4xx_hal.o(i.HAL_GetTick)
    HAL_IncTick                              0x08001fbd   Thumb Code    16  stm32l4xx_hal.o(i.HAL_IncTick)
    HAL_Init                                 0x08001fd5   Thumb Code    30  stm32l4xx_hal.o(i.HAL_Init)
    HAL_InitTick                             0x08001ff5   Thumb Code    74  stm32l4xx_hal.o(i.HAL_InitTick)
    HAL_MspInit                              0x0800204d   Thumb Code     2  stm32l4xx_hal.o(i.HAL_MspInit)
    HAL_NVIC_DisableIRQ                      0x08002051   Thumb Code    62  stm32l4xx_hal_cortex.o(i.HAL_NVIC_DisableIRQ)
    HAL_NVIC_EnableIRQ                       0x08002095   Thumb Code    40  stm32l4xx_hal_cortex.o(i.HAL_NVIC_EnableIRQ)
    HAL_NVIC_SetPriority                     0x080020bd   Thumb Code   124  stm32l4xx_hal_cortex.o(i.HAL_NVIC_SetPriority)
    HAL_NVIC_SetPriorityGrouping             0x08002141   Thumb Code    32  stm32l4xx_hal_cortex.o(i.HAL_NVIC_SetPriorityGrouping)
    HAL_PWREx_GetVoltageRange                0x08002169   Thumb Code    10  stm32l4xx_hal_pwr_ex.o(i.HAL_PWREx_GetVoltageRange)
    HAL_RCC_ClockConfig                      0x08002179   Thumb Code   414  stm32l4xx_hal_rcc.o(i.HAL_RCC_ClockConfig)
    HAL_RCC_GetSysClockFreq                  0x0800232d   Thumb Code   220  stm32l4xx_hal_rcc.o(i.HAL_RCC_GetSysClockFreq)
    HAL_RCC_OscConfig                        0x08002419   Thumb Code  1856  stm32l4xx_hal_rcc.o(i.HAL_RCC_OscConfig)
    HAL_SYSTICK_Config                       0x08002b69   Thumb Code    52  stm32l4xx_hal_cortex.o(i.HAL_SYSTICK_Config)
    HAL_TIMEx_Break2Callback                 0x08002b9d   Thumb Code     2  stm32l4xx_hal_tim_ex.o(i.HAL_TIMEx_Break2Callback)
    HAL_TIMEx_BreakCallback                  0x08002b9f   Thumb Code     2  stm32l4xx_hal_tim_ex.o(i.HAL_TIMEx_BreakCallback)
    HAL_TIMEx_CommutCallback                 0x08002ba1   Thumb Code     2  stm32l4xx_hal_tim_ex.o(i.HAL_TIMEx_CommutCallback)
    HAL_TIM_IC_CaptureCallback               0x08002ba5   Thumb Code   298  queryabcap.o(i.HAL_TIM_IC_CaptureCallback)
    HAL_TIM_IC_ConfigChannel                 0x08002ced   Thumb Code   222  stm32l4xx_hal_tim.o(i.HAL_TIM_IC_ConfigChannel)
    HAL_TIM_IC_DeInit                        0x08002dcb   Thumb Code   128  stm32l4xx_hal_tim.o(i.HAL_TIM_IC_DeInit)
    HAL_TIM_IC_Init                          0x08002e4b   Thumb Code   110  stm32l4xx_hal_tim.o(i.HAL_TIM_IC_Init)
    HAL_TIM_IC_MspDeInit                     0x08002eb9   Thumb Code     2  stm32l4xx_hal_tim.o(i.HAL_TIM_IC_MspDeInit)
    HAL_TIM_IC_MspInit                       0x08002ebd   Thumb Code   260  queryabcap.o(i.HAL_TIM_IC_MspInit)
    HAL_TIM_IC_Start_IT                      0x08002fc9   Thumb Code   384  stm32l4xx_hal_tim.o(i.HAL_TIM_IC_Start_IT)
    HAL_TIM_IC_Stop_IT                       0x08003155   Thumb Code   246  stm32l4xx_hal_tim.o(i.HAL_TIM_IC_Stop_IT)
    HAL_TIM_IRQHandler                       0x0800324b   Thumb Code   396  stm32l4xx_hal_tim.o(i.HAL_TIM_IRQHandler)
    HAL_TIM_OC_DelayElapsedCallback          0x080033d7   Thumb Code     2  stm32l4xx_hal_tim.o(i.HAL_TIM_OC_DelayElapsedCallback)
    HAL_TIM_PWM_PulseFinishedCallback        0x080033d9   Thumb Code     2  stm32l4xx_hal_tim.o(i.HAL_TIM_PWM_PulseFinishedCallback)
    HAL_TIM_PeriodElapsedCallback            0x080033dd   Thumb Code   216  queryabcap.o(i.HAL_TIM_PeriodElapsedCallback)
    HAL_TIM_ReadCapturedValue                0x080034d1   Thumb Code    50  stm32l4xx_hal_tim.o(i.HAL_TIM_ReadCapturedValue)
    HAL_TIM_TriggerCallback                  0x08003503   Thumb Code     2  stm32l4xx_hal_tim.o(i.HAL_TIM_TriggerCallback)
    HAL_UARTEx_RxEventCallback               0x08003505   Thumb Code     2  stm32l4xx_hal_uart.o(i.HAL_UARTEx_RxEventCallback)
    HAL_UARTEx_WakeupCallback                0x08003507   Thumb Code     2  stm32l4xx_hal_uart_ex.o(i.HAL_UARTEx_WakeupCallback)
    HAL_UART_ErrorCallback                   0x08003509   Thumb Code     2  stm32l4xx_hal_uart.o(i.HAL_UART_ErrorCallback)
    HAL_UART_IRQHandler                      0x0800350d   Thumb Code   844  stm32l4xx_hal_uart.o(i.HAL_UART_IRQHandler)
    HAL_UART_Receive                         0x08003861   Thumb Code   274  stm32l4xx_hal_uart.o(i.HAL_UART_Receive)
    HAL_UART_TxCpltCallback                  0x08003979   Thumb Code     2  stm32l4xx_hal_uart.o(i.HAL_UART_TxCpltCallback)
    HardFault_Handler                        0x0800397b   Thumb Code     4  stm32l4xx_it.o(i.HardFault_Handler)
    MemManage_Handler                        0x08003a43   Thumb Code     4  stm32l4xx_it.o(i.MemManage_Handler)
    NMI_Handler                              0x08003a47   Thumb Code     2  stm32l4xx_it.o(i.NMI_Handler)
    PendSV_Handler                           0x08003a49   Thumb Code     2  stm32l4xx_it.o(i.PendSV_Handler)
    QUERY_init                               0x08003a4d   Thumb Code   334  query.o(i.QUERY_init)
    RCM_init                                 0x08003c41   Thumb Code   344  gpio.o(i.RCM_init)
    SVC_Handler                              0x08003da5   Thumb Code     2  stm32l4xx_it.o(i.SVC_Handler)
    SysTick_Handler                          0x08003da7   Thumb Code     8  stm32l4xx_it.o(i.SysTick_Handler)
    SystemInit                               0x08003db1   Thumb Code    14  system_stm32l4xx.o(i.SystemInit)
    TIM1_CC_IRQHandler                       0x08003dc5   Thumb Code    20  queryabcap.o(i.TIM1_CC_IRQHandler)
    TIM2_IRQHandler                          0x08003ddd   Thumb Code    20  queryabcap.o(i.TIM2_IRQHandler)
    TIM_Base_SetConfig                       0x08003df5   Thumb Code   104  stm32l4xx_hal_tim.o(i.TIM_Base_SetConfig)
    TIM_CCxChannelCmd                        0x08003e69   Thumb Code    34  stm32l4xx_hal_tim.o(i.TIM_CCxChannelCmd)
    TIM_TI1_SetConfig                        0x08003e8d   Thumb Code    84  stm32l4xx_hal_tim.o(i.TIM_TI1_SetConfig)
    UART_WaitOnFlagUntilTimeout              0x08004043   Thumb Code   162  stm32l4xx_hal_uart.o(i.UART_WaitOnFlagUntilTimeout)
    USART1_IRQHandler                        0x080040e5   Thumb Code    10  usart.o(i.USART1_IRQHandler)
    USART3_IRQHandler                        0x080040f5   Thumb Code    60  rs485.o(i.USART3_IRQHandler)
    UsageFault_Handler                       0x0800413d   Thumb Code     4  stm32l4xx_it.o(i.UsageFault_Handler)
    __scatterload_copy                       0x08004195   Thumb Code    14  handlers.o(i.__scatterload_copy)
    __scatterload_null                       0x080041a3   Thumb Code     2  handlers.o(i.__scatterload_null)
    __scatterload_zeroinit                   0x080041a5   Thumb Code    14  handlers.o(i.__scatterload_zeroinit)
    adc_sigChann_get_value                   0x080041b5   Thumb Code   204  adc.o(i.adc_sigChann_get_value)
    can_init                                 0x08004291   Thumb Code   126  can.o(i.can_init)
    can_receive_msg                          0x08004319   Thumb Code    42  can.o(i.can_receive_msg)
    can_send_msg_data                        0x0800434d   Thumb Code    86  can.o(i.can_send_msg_data)
    delay_init                               0x080043ad   Thumb Code     6  delay.o(i.delay_init)
    delay_ms                                 0x080043b9   Thumb Code    18  delay.o(i.delay_ms)
    delay_us                                 0x080043cd   Thumb Code    68  delay.o(i.delay_us)
    key_init                                 0x08004415   Thumb Code   120  key.o(i.key_init)
    key_scan                                 0x08004495   Thumb Code   114  key.o(i.key_scan)
    lock_init                                0x08004511   Thumb Code   168  rcmdi.o(i.lock_init)
    main                                     0x080045c5   Thumb Code   686  main.o(i.main)
    queryA_gtim_timx_cap_chy_init            0x080048d9   Thumb Code   114  queryabcap.o(i.queryA_gtim_timx_cap_chy_init)
    queryB_gtim_timx_cap_chy_init            0x08004955   Thumb Code   116  queryabcap.o(i.queryB_gtim_timx_cap_chy_init)
    queryCapDisposeFunc                      0x080049cd   Thumb Code   784  node.o(i.queryCapDisposeFunc)
    queryCheckDisposeFunc                    0x08004d49   Thumb Code   646  node.o(i.queryCheckDisposeFunc)
    rcmDiDebounceDisposeFunc                 0x0800504d   Thumb Code   874  node.o(i.rcmDiDebounceDisposeFunc)
    rcmVpmNodeDisposeFunc                    0x080053c9   Thumb Code  1430  node.o(i.rcmVpmNodeDisposeFunc)
    rcmdi_init                               0x08005995   Thumb Code   610  rcmdi.o(i.rcmdi_init)
    sys_stm32_clock_init                     0x08005c05   Thumb Code   212  sys.o(i.sys_stm32_clock_init)
    AHBPrescTable                            0x08005ce4   Data          16  system_stm32l4xx.o(.constdata)
    APBPrescTable                            0x08005cf4   Data           8  system_stm32l4xx.o(.constdata)
    MSIRangeTable                            0x08005cfc   Data          48  system_stm32l4xx.o(.constdata)
    Region$$Table$$Base                      0x08005d2c   Number         0  anon$$obj.o(Region$$Table)
    Region$$Table$$Limit                     0x08005d4c   Number         0  anon$$obj.o(Region$$Table)
    ADC1ConvertedValue1                      0x20000000   Data           2  main.o(.data)
    ADC1ConvertedValue2                      0x20000002   Data           2  main.o(.data)
    ADC1ConvertedValue3                      0x20000004   Data           2  main.o(.data)
    ADCPower                                 0x20000006   Data           1  main.o(.data)
    ADCBat                                   0x20000007   Data           1  main.o(.data)
    ADCBatCur                                0x20000008   Data           1  main.o(.data)
    keyflag                                  0x20000009   Data           1  main.o(.data)
    NodeId                                   0x2000000a   Data           1  main.o(.data)
    lockflag                                 0x2000000b   Data           1  main.o(.data)
    query_on_switch                          0x2000000c   Data           1  main.o(.data)
    SystemCoreClock                          0x20000010   Data           4  system_stm32l4xx.o(.data)
    debounceTimeSet                          0x20000014   Data          16  node.o(.data)
    rcmDiItFlag                              0x20000024   Data           8  node.o(.data)
    rcmDiInitStatus                          0x2000002c   Data           8  node.o(.data)
    destAddr                                 0x20000034   Data           1  node.o(.data)
    slaveAddr                                0x20000035   Data           1  node.o(.data)
    RcmOutputPort                            0x20000036   Data           1  node.o(.data)
    canbuf                                   0x20000037   Data           8  node.o(.data)
    queryAflag_5ms                           0x2000003f   Data           1  node.o(.data)
    queryBflag_5ms                           0x20000040   Data           1  node.o(.data)
    queryAflag                               0x20000041   Data           1  node.o(.data)
    queryBflag                               0x20000042   Data           1  node.o(.data)
    queryAflag_9ms                           0x20000043   Data           1  node.o(.data)
    queryBflag_9ms                           0x20000044   Data           1  node.o(.data)
    queryATmflag                             0x20000045   Data           1  node.o(.data)
    tmqueryAflag_5ms                         0x20000046   Data           1  node.o(.data)
    tmqueryAflag                             0x20000047   Data           1  node.o(.data)
    tmqueryAflag_9ms                         0x20000048   Data           1  node.o(.data)
    queryAtemp                               0x2000004c   Data           4  node.o(.data)
    queryBtemp                               0x20000050   Data           4  node.o(.data)
    queryATmtemp                             0x20000054   Data           4  node.o(.data)
    elmReportCnta                            0x20000058   Data           1  node.o(.data)
    elmReportCntb                            0x20000059   Data           1  node.o(.data)
    elmVpmReportCnta                         0x2000005a   Data           1  node.o(.data)
    elmVpmReportCntb                         0x2000005b   Data           1  node.o(.data)
    rcmVpmReportCnta                         0x2000005c   Data           1  node.o(.data)
    rcmVpmReportCntb                         0x2000005d   Data           1  node.o(.data)
    elmCapCnta                               0x2000005e   Data           1  node.o(.data)
    elmCapCntb                               0x2000005f   Data           1  node.o(.data)
    elmVpmCapCnta                            0x20000060   Data           1  node.o(.data)
    elmVpmCapCntb                            0x20000061   Data           1  node.o(.data)
    rcmVpmCapCnta                            0x20000062   Data           1  node.o(.data)
    rcmVpmCapCntb                            0x20000063   Data           1  node.o(.data)
    elmswitchCloseFlga                       0x20000064   Data           1  node.o(.data)
    elmswitchCloseFlgb                       0x20000065   Data           1  node.o(.data)
    elmVpmswitchCloseFlga                    0x20000066   Data           1  node.o(.data)
    elmVpmswitchCloseFlgb                    0x20000067   Data           1  node.o(.data)
    rcmVpmswitchCloseFlga                    0x20000068   Data           1  node.o(.data)
    rcmVpmswitchCloseFlgb                    0x20000069   Data           1  node.o(.data)
    uwTick                                   0x20000070   Data           4  stm32l4xx_hal.o(.data)
    uwTickPrio                               0x20000074   Data           4  stm32l4xx_hal.o(.data)
    uwTickFreq                               0x20000078   Data           1  stm32l4xx_hal.o(.data)
    g_RS485_rx_cnt                           0x20000079   Data           1  rs485.o(.data)
    g_tim1_queryA_cap_sta                    0x2000007c   Data           1  queryabcap.o(.data)
    g_tim1_queryA_cap_val                    0x2000007e   Data           2  queryabcap.o(.data)
    g_tim2_queryB_cap_sta                    0x20000080   Data           1  queryabcap.o(.data)
    g_tim2_queryB_cap_val                    0x20000082   Data           2  queryabcap.o(.data)
    AdcHandle1                               0x20000084   Data         100  main.o(.bss)
    AdcHandle2                               0x200000e8   Data         100  main.o(.bss)
    AdcHandle3                               0x2000014c   Data         100  main.o(.bss)
    g_node_data                              0x200001b0   Data           9  main.o(.bss)
    g_usart_rx_buf                           0x200001bc   Data         200  usart.o(.bss)
    g_uart1_handle                           0x20000284   Data         136  usart.o(.bss)
    g_can1_handler                           0x2000030c   Data          40  can.o(.bss)
    g_can1_txheader                          0x20000334   Data          24  can.o(.bss)
    g_can1_rxheader                          0x2000034c   Data          28  can.o(.bss)
    g_rs458_handler                          0x20000368   Data         136  rs485.o(.bss)
    g_RS485_rx_buf                           0x200003f0   Data          64  rs485.o(.bss)
    g_tim1_queryA_cap_handle                 0x20000430   Data          76  queryabcap.o(.bss)
    g_tim2_queryB_cap_handle                 0x2000047c   Data          76  queryabcap.o(.bss)
    __initial_sp                             0x200008c8   Data           0  startup_stm32l431xx.o(STACK)



==============================================================================

Memory Map of the image

  Image Entry point : 0x0800018d

  Load Region LR_IROM1 (Base: 0x08000000, Size: 0x00005dd0, Max: 0x00040000, ABSOLUTE)

    Execution Region ER_IROM1 (Exec base: 0x08000000, Load base: 0x08000000, Size: 0x00005d4c, Max: 0x00040000, ABSOLUTE)

    Exec Addr    Load Addr    Size         Type   Attr      Idx    E Section Name        Object

    0x08000000   0x08000000   0x0000018c   Data   RO            3    RESET               startup_stm32l431xx.o
    0x0800018c   0x0800018c   0x00000000   Code   RO         4653  * .ARM.Collect$$$$00000000  mc_w.l(entry.o)
    0x0800018c   0x0800018c   0x00000004   Code   RO         4672    .ARM.Collect$$$$00000001  mc_w.l(entry2.o)
    0x08000190   0x08000190   0x00000004   Code   RO         4675    .ARM.Collect$$$$00000004  mc_w.l(entry5.o)
    0x08000194   0x08000194   0x00000000   Code   RO         4677    .ARM.Collect$$$$00000008  mc_w.l(entry7b.o)
    0x08000194   0x08000194   0x00000000   Code   RO         4679    .ARM.Collect$$$$0000000A  mc_w.l(entry8b.o)
    0x08000194   0x08000194   0x00000008   Code   RO         4680    .ARM.Collect$$$$0000000B  mc_w.l(entry9a.o)
    0x0800019c   0x0800019c   0x00000004   Code   RO         4687    .ARM.Collect$$$$0000000E  mc_w.l(entry12b.o)
    0x080001a0   0x080001a0   0x00000000   Code   RO         4682    .ARM.Collect$$$$0000000F  mc_w.l(entry10a.o)
    0x080001a0   0x080001a0   0x00000000   Code   RO         4684    .ARM.Collect$$$$00000011  mc_w.l(entry11a.o)
    0x080001a0   0x080001a0   0x00000004   Code   RO         4673    .ARM.Collect$$$$00002712  mc_w.l(entry2.o)
    0x080001a4   0x080001a4   0x00000024   Code   RO            4    .text               startup_stm32l431xx.o
    0x080001c8   0x080001c8   0x00000024   Code   RO         4658    .text               mc_w.l(memcpya.o)
    0x080001ec   0x080001ec   0x00000024   Code   RO         4660    .text               mc_w.l(memseta.o)
    0x08000210   0x08000210   0x000000ea   Code   RO         4664    .text               mf_w.l(dmul.o)
    0x080002fa   0x080002fa   0x000000de   Code   RO         4666    .text               mf_w.l(ddiv.o)
    0x080003d8   0x080003d8   0x0000001a   Code   RO         4668    .text               mf_w.l(dfltui.o)
    0x080003f2   0x080003f2   0x00000032   Code   RO         4670    .text               mf_w.l(dfixui.o)
    0x08000424   0x08000424   0x0000001e   Code   RO         4688    .text               mc_w.l(llshl.o)
    0x08000442   0x08000442   0x00000020   Code   RO         4690    .text               mc_w.l(llushr.o)
    0x08000462   0x08000462   0x00000000   Code   RO         4692    .text               mc_w.l(iusefp.o)
    0x08000462   0x08000462   0x000000ba   Code   RO         4693    .text               mf_w.l(depilogue.o)
    0x0800051c   0x0800051c   0x00000024   Code   RO         4695    .text               mc_w.l(init.o)
    0x08000540   0x08000540   0x00000122   Code   RO          824    i.ADC_ConversionStop  stm32l4xx_hal_adc.o
    0x08000662   0x08000662   0x00000002   PAD
    0x08000664   0x08000664   0x00000094   Code   RO          828    i.ADC_Disable       stm32l4xx_hal_adc.o
    0x080006f8   0x080006f8   0x000000c8   Code   RO          829    i.ADC_Enable        stm32l4xx_hal_adc.o
    0x080007c0   0x080007c0   0x0000007c   Code   RO         4386    i.AudioCheck_init   rcmdi.o
    0x0800083c   0x0800083c   0x00000004   Code   RO          208    i.BusFault_Handler  stm32l4xx_it.o
    0x08000840   0x08000840   0x00000002   Code   RO          209    i.DebugMon_Handler  stm32l4xx_it.o
    0x08000842   0x08000842   0x0000000a   Code   RO         4387    i.EXTI0_IRQHandler  rcmdi.o
    0x0800084c   0x0800084c   0x0000000a   Code   RO         4388    i.EXTI1_IRQHandler  rcmdi.o
    0x08000856   0x08000856   0x0000000a   Code   RO         4389    i.EXTI2_IRQHandler  rcmdi.o
    0x08000860   0x08000860   0x0000000a   Code   RO         4390    i.EXTI3_IRQHandler  rcmdi.o
    0x0800086a   0x0800086a   0x0000000a   Code   RO         4391    i.EXTI4_IRQHandler  rcmdi.o
    0x08000874   0x08000874   0x00000016   Code   RO         4392    i.EXTI9_5_IRQHandler  rcmdi.o
    0x0800088a   0x0800088a   0x00000004   Code   RO         4499    i.Error_Handler     adc.o
    0x0800088e   0x0800088e   0x00000002   PAD
    0x08000890   0x08000890   0x000000ac   Code   RO         1085    i.HAL_ADCEx_Calibration_Start  stm32l4xx_hal_adc_ex.o
    0x0800093c   0x0800093c   0x000004c6   Code   RO          831    i.HAL_ADC_ConfigChannel  stm32l4xx_hal_adc.o
    0x08000e02   0x08000e02   0x00000002   PAD
    0x08000e04   0x08000e04   0x000001b8   Code   RO          834    i.HAL_ADC_DeInit    stm32l4xx_hal_adc.o
    0x08000fbc   0x08000fbc   0x00000008   Code   RO          838    i.HAL_ADC_GetValue  stm32l4xx_hal_adc.o
    0x08000fc4   0x08000fc4   0x000001f4   Code   RO          840    i.HAL_ADC_Init      stm32l4xx_hal_adc.o
    0x080011b8   0x080011b8   0x00000048   Code   RO         4500    i.HAL_ADC_MspDeInit  adc.o
    0x08001200   0x08001200   0x00000094   Code   RO         4501    i.HAL_ADC_MspInit   adc.o
    0x08001294   0x08001294   0x000000c6   Code   RO          844    i.HAL_ADC_PollForConversion  stm32l4xx_hal_adc.o
    0x0800135a   0x0800135a   0x00000094   Code   RO          846    i.HAL_ADC_Start     stm32l4xx_hal_adc.o
    0x080013ee   0x080013ee   0x00000056   Code   RO         1281    i.HAL_CAN_AbortTxRequest  stm32l4xx_hal_can.o
    0x08001444   0x08001444   0x0000014a   Code   RO         1283    i.HAL_CAN_AddTxMessage  stm32l4xx_hal_can.o
    0x0800158e   0x0800158e   0x0000010a   Code   RO         1284    i.HAL_CAN_ConfigFilter  stm32l4xx_hal_can.o
    0x08001698   0x08001698   0x00000028   Code   RO         1289    i.HAL_CAN_GetRxFifoFillLevel  stm32l4xx_hal_can.o
    0x080016c0   0x080016c0   0x00000194   Code   RO         1290    i.HAL_CAN_GetRxMessage  stm32l4xx_hal_can.o
    0x08001854   0x08001854   0x00000036   Code   RO         1292    i.HAL_CAN_GetTxMailboxesFreeLevel  stm32l4xx_hal_can.o
    0x0800188a   0x0800188a   0x00000174   Code   RO         1295    i.HAL_CAN_Init      stm32l4xx_hal_can.o
    0x080019fe   0x080019fe   0x00000002   PAD
    0x08001a00   0x08001a00   0x000000e4   Code   RO         4236    i.HAL_CAN_MspInit   can.o
    0x08001ae4   0x08001ae4   0x0000005e   Code   RO         1307    i.HAL_CAN_Start     stm32l4xx_hal_can.o
    0x08001b42   0x08001b42   0x0000005a   Code   RO         3815    i.HAL_DMA_Abort     stm32l4xx_hal_dma.o
    0x08001b9c   0x08001b9c   0x0000005c   Code   RO         3816    i.HAL_DMA_Abort_IT  stm32l4xx_hal_dma.o
    0x08001bf8   0x08001bf8   0x0000011c   Code   RO         1655    i.HAL_GPIO_DeInit   stm32l4xx_hal_gpio.o
    0x08001d14   0x08001d14   0x00000098   Code   RO         4393    i.HAL_GPIO_EXTI_Callback  rcmdi.o
    0x08001dac   0x08001dac   0x0000001c   Code   RO         1657    i.HAL_GPIO_EXTI_IRQHandler  stm32l4xx_hal_gpio.o
    0x08001dc8   0x08001dc8   0x000001c0   Code   RO         1658    i.HAL_GPIO_Init     stm32l4xx_hal_gpio.o
    0x08001f88   0x08001f88   0x00000010   Code   RO         1660    i.HAL_GPIO_ReadPin  stm32l4xx_hal_gpio.o
    0x08001f98   0x08001f98   0x0000000a   Code   RO         1662    i.HAL_GPIO_WritePin  stm32l4xx_hal_gpio.o
    0x08001fa2   0x08001fa2   0x00000002   PAD
    0x08001fa4   0x08001fa4   0x0000000c   Code   RO          600    i.HAL_GetREVID      stm32l4xx_hal.o
    0x08001fb0   0x08001fb0   0x0000000c   Code   RO          601    i.HAL_GetTick       stm32l4xx_hal.o
    0x08001fbc   0x08001fbc   0x00000018   Code   RO          607    i.HAL_IncTick       stm32l4xx_hal.o
    0x08001fd4   0x08001fd4   0x0000001e   Code   RO          608    i.HAL_Init          stm32l4xx_hal.o
    0x08001ff2   0x08001ff2   0x00000002   PAD
    0x08001ff4   0x08001ff4   0x00000058   Code   RO          609    i.HAL_InitTick      stm32l4xx_hal.o
    0x0800204c   0x0800204c   0x00000002   Code   RO          611    i.HAL_MspInit       stm32l4xx_hal.o
    0x0800204e   0x0800204e   0x00000002   PAD
    0x08002050   0x08002050   0x00000044   Code   RO         1519    i.HAL_NVIC_DisableIRQ  stm32l4xx_hal_cortex.o
    0x08002094   0x08002094   0x00000028   Code   RO         1520    i.HAL_NVIC_EnableIRQ  stm32l4xx_hal_cortex.o
    0x080020bc   0x080020bc   0x00000082   Code   RO         1526    i.HAL_NVIC_SetPriority  stm32l4xx_hal_cortex.o
    0x0800213e   0x0800213e   0x00000002   PAD
    0x08002140   0x08002140   0x00000028   Code   RO         1527    i.HAL_NVIC_SetPriorityGrouping  stm32l4xx_hal_cortex.o
    0x08002168   0x08002168   0x00000010   Code   RO         4065    i.HAL_PWREx_GetVoltageRange  stm32l4xx_hal_pwr_ex.o
    0x08002178   0x08002178   0x000001b4   Code   RO         1722    i.HAL_RCC_ClockConfig  stm32l4xx_hal_rcc.o
    0x0800232c   0x0800232c   0x000000ec   Code   RO         1731    i.HAL_RCC_GetSysClockFreq  stm32l4xx_hal_rcc.o
    0x08002418   0x08002418   0x00000750   Code   RO         1734    i.HAL_RCC_OscConfig  stm32l4xx_hal_rcc.o
    0x08002b68   0x08002b68   0x00000034   Code   RO         1531    i.HAL_SYSTICK_Config  stm32l4xx_hal_cortex.o
    0x08002b9c   0x08002b9c   0x00000002   Code   RO         2733    i.HAL_TIMEx_Break2Callback  stm32l4xx_hal_tim_ex.o
    0x08002b9e   0x08002b9e   0x00000002   Code   RO         2734    i.HAL_TIMEx_BreakCallback  stm32l4xx_hal_tim_ex.o
    0x08002ba0   0x08002ba0   0x00000002   Code   RO         2735    i.HAL_TIMEx_CommutCallback  stm32l4xx_hal_tim_ex.o
    0x08002ba2   0x08002ba2   0x00000002   PAD
    0x08002ba4   0x08002ba4   0x00000148   Code   RO         4582    i.HAL_TIM_IC_CaptureCallback  queryabcap.o
    0x08002cec   0x08002cec   0x000000de   Code   RO         2044    i.HAL_TIM_IC_ConfigChannel  stm32l4xx_hal_tim.o
    0x08002dca   0x08002dca   0x00000080   Code   RO         2045    i.HAL_TIM_IC_DeInit  stm32l4xx_hal_tim.o
    0x08002e4a   0x08002e4a   0x0000006e   Code   RO         2047    i.HAL_TIM_IC_Init   stm32l4xx_hal_tim.o
    0x08002eb8   0x08002eb8   0x00000002   Code   RO         2048    i.HAL_TIM_IC_MspDeInit  stm32l4xx_hal_tim.o
    0x08002eba   0x08002eba   0x00000002   PAD
    0x08002ebc   0x08002ebc   0x0000010c   Code   RO         4583    i.HAL_TIM_IC_MspInit  queryabcap.o
    0x08002fc8   0x08002fc8   0x0000018c   Code   RO         2052    i.HAL_TIM_IC_Start_IT  stm32l4xx_hal_tim.o
    0x08003154   0x08003154   0x000000f6   Code   RO         2055    i.HAL_TIM_IC_Stop_IT  stm32l4xx_hal_tim.o
    0x0800324a   0x0800324a   0x0000018c   Code   RO         2056    i.HAL_TIM_IRQHandler  stm32l4xx_hal_tim.o
    0x080033d6   0x080033d6   0x00000002   Code   RO         2059    i.HAL_TIM_OC_DelayElapsedCallback  stm32l4xx_hal_tim.o
    0x080033d8   0x080033d8   0x00000002   Code   RO         2086    i.HAL_TIM_PWM_PulseFinishedCallback  stm32l4xx_hal_tim.o
    0x080033da   0x080033da   0x00000002   PAD
    0x080033dc   0x080033dc   0x000000f4   Code   RO         4584    i.HAL_TIM_PeriodElapsedCallback  queryabcap.o
    0x080034d0   0x080034d0   0x00000032   Code   RO         2096    i.HAL_TIM_ReadCapturedValue  stm32l4xx_hal_tim.o
    0x08003502   0x08003502   0x00000002   Code   RO         2099    i.HAL_TIM_TriggerCallback  stm32l4xx_hal_tim.o
    0x08003504   0x08003504   0x00000002   Code   RO         3027    i.HAL_UARTEx_RxEventCallback  stm32l4xx_hal_uart.o
    0x08003506   0x08003506   0x00000002   Code   RO         3426    i.HAL_UARTEx_WakeupCallback  stm32l4xx_hal_uart_ex.o
    0x08003508   0x08003508   0x00000002   Code   RO         3043    i.HAL_UART_ErrorCallback  stm32l4xx_hal_uart.o
    0x0800350a   0x0800350a   0x00000002   PAD
    0x0800350c   0x0800350c   0x00000354   Code   RO         3046    i.HAL_UART_IRQHandler  stm32l4xx_hal_uart.o
    0x08003860   0x08003860   0x00000118   Code   RO         3050    i.HAL_UART_Receive  stm32l4xx_hal_uart.o
    0x08003978   0x08003978   0x00000002   Code   RO         3059    i.HAL_UART_TxCpltCallback  stm32l4xx_hal_uart.o
    0x0800397a   0x0800397a   0x00000004   Code   RO          210    i.HardFault_Handler  stm32l4xx_it.o
    0x0800397e   0x0800397e   0x00000002   PAD
    0x08003980   0x08003980   0x00000010   Code   RO          853    i.LL_ADC_Enable     stm32l4xx_hal_adc.o
    0x08003990   0x08003990   0x00000012   Code   RO          854    i.LL_ADC_GetOffsetChannel  stm32l4xx_hal_adc.o
    0x080039a2   0x080039a2   0x0000000a   Code   RO          855    i.LL_ADC_INJ_IsConversionOngoing  stm32l4xx_hal_adc.o
    0x080039ac   0x080039ac   0x0000000a   Code   RO          856    i.LL_ADC_IsDisableOngoing  stm32l4xx_hal_adc.o
    0x080039b6   0x080039b6   0x0000000a   Code   RO          857    i.LL_ADC_IsEnabled  stm32l4xx_hal_adc.o
    0x080039c0   0x080039c0   0x0000000a   Code   RO          858    i.LL_ADC_IsInternalRegulatorEnabled  stm32l4xx_hal_adc.o
    0x080039ca   0x080039ca   0x0000000a   Code   RO          859    i.LL_ADC_REG_IsConversionOngoing  stm32l4xx_hal_adc.o
    0x080039d4   0x080039d4   0x00000012   Code   RO          860    i.LL_ADC_REG_IsTriggerSourceSWStart  stm32l4xx_hal_adc.o
    0x080039e6   0x080039e6   0x00000002   PAD
    0x080039e8   0x080039e8   0x00000010   Code   RO          861    i.LL_ADC_REG_StartConversion  stm32l4xx_hal_adc.o
    0x080039f8   0x080039f8   0x00000028   Code   RO          863    i.LL_ADC_SetChannelSamplingTime  stm32l4xx_hal_adc.o
    0x08003a20   0x08003a20   0x0000000c   Code   RO          864    i.LL_ADC_SetCommonPathInternalCh  stm32l4xx_hal_adc.o
    0x08003a2c   0x08003a2c   0x00000016   Code   RO          865    i.LL_ADC_SetOffsetState  stm32l4xx_hal_adc.o
    0x08003a42   0x08003a42   0x00000004   Code   RO          211    i.MemManage_Handler  stm32l4xx_it.o
    0x08003a46   0x08003a46   0x00000002   Code   RO          212    i.NMI_Handler       stm32l4xx_it.o
    0x08003a48   0x08003a48   0x00000002   Code   RO          213    i.PendSV_Handler    stm32l4xx_it.o
    0x08003a4a   0x08003a4a   0x00000002   PAD
    0x08003a4c   0x08003a4c   0x00000158   Code   RO         4289    i.QUERY_init        query.o
    0x08003ba4   0x08003ba4   0x0000009c   Code   RO         1735    i.RCC_SetFlashLatencyFromMSIRange  stm32l4xx_hal_rcc.o
    0x08003c40   0x08003c40   0x00000164   Code   RO         4362    i.RCM_init          gpio.o
    0x08003da4   0x08003da4   0x00000002   Code   RO          214    i.SVC_Handler       stm32l4xx_it.o
    0x08003da6   0x08003da6   0x00000008   Code   RO          215    i.SysTick_Handler   stm32l4xx_it.o
    0x08003dae   0x08003dae   0x00000002   PAD
    0x08003db0   0x08003db0   0x00000014   Code   RO          275    i.SystemInit        system_stm32l4xx.o
    0x08003dc4   0x08003dc4   0x00000018   Code   RO         4585    i.TIM1_CC_IRQHandler  queryabcap.o
    0x08003ddc   0x08003ddc   0x00000018   Code   RO         4586    i.TIM2_IRQHandler   queryabcap.o
    0x08003df4   0x08003df4   0x00000074   Code   RO         2101    i.TIM_Base_SetConfig  stm32l4xx_hal_tim.o
    0x08003e68   0x08003e68   0x00000022   Code   RO         2102    i.TIM_CCxChannelCmd  stm32l4xx_hal_tim.o
    0x08003e8a   0x08003e8a   0x00000002   PAD
    0x08003e8c   0x08003e8c   0x0000005c   Code   RO         2122    i.TIM_TI1_SetConfig  stm32l4xx_hal_tim.o
    0x08003ee8   0x08003ee8   0x0000003a   Code   RO         2124    i.TIM_TI2_SetConfig  stm32l4xx_hal_tim.o
    0x08003f22   0x08003f22   0x00000038   Code   RO         2125    i.TIM_TI3_SetConfig  stm32l4xx_hal_tim.o
    0x08003f5a   0x08003f5a   0x0000003c   Code   RO         2126    i.TIM_TI4_SetConfig  stm32l4xx_hal_tim.o
    0x08003f96   0x08003f96   0x00000018   Code   RO         3063    i.UART_DMAAbortOnError  stm32l4xx_hal_uart.o
    0x08003fae   0x08003fae   0x00000066   Code   RO         3073    i.UART_EndRxTransfer  stm32l4xx_hal_uart.o
    0x08004014   0x08004014   0x0000002e   Code   RO         3074    i.UART_EndTransmit_IT  stm32l4xx_hal_uart.o
    0x08004042   0x08004042   0x000000a2   Code   RO         3083    i.UART_WaitOnFlagUntilTimeout  stm32l4xx_hal_uart.o
    0x080040e4   0x080040e4   0x00000010   Code   RO          515    i.USART1_IRQHandler  usart.o
    0x080040f4   0x080040f4   0x00000048   Code   RO         4313    i.USART3_IRQHandler  rs485.o
    0x0800413c   0x0800413c   0x00000004   Code   RO          216    i.UsageFault_Handler  stm32l4xx_it.o
    0x08004140   0x08004140   0x0000001c   Code   RO         4587    i.__NVIC_ClearPendingIRQ  queryabcap.o
    0x0800415c   0x0800415c   0x00000010   Code   RO         1533    i.__NVIC_GetPriorityGrouping  stm32l4xx_hal_cortex.o
    0x0800416c   0x0800416c   0x00000028   Code   RO         1534    i.__NVIC_SetPriority  stm32l4xx_hal_cortex.o
    0x08004194   0x08004194   0x0000000e   Code   RO         4699    i.__scatterload_copy  mc_w.l(handlers.o)
    0x080041a2   0x080041a2   0x00000002   Code   RO         4700    i.__scatterload_null  mc_w.l(handlers.o)
    0x080041a4   0x080041a4   0x0000000e   Code   RO         4701    i.__scatterload_zeroinit  mc_w.l(handlers.o)
    0x080041b2   0x080041b2   0x00000002   PAD
    0x080041b4   0x080041b4   0x000000dc   Code   RO         4502    i.adc_sigChann_get_value  adc.o
    0x08004290   0x08004290   0x00000088   Code   RO         4237    i.can_init          can.o
    0x08004318   0x08004318   0x00000034   Code   RO         4238    i.can_receive_msg   can.o
    0x0800434c   0x0800434c   0x00000060   Code   RO         4239    i.can_send_msg_data  can.o
    0x080043ac   0x080043ac   0x0000000c   Code   RO          397    i.delay_init        delay.o
    0x080043b8   0x080043b8   0x00000012   Code   RO          398    i.delay_ms          delay.o
    0x080043ca   0x080043ca   0x00000002   PAD
    0x080043cc   0x080043cc   0x00000048   Code   RO          399    i.delay_us          delay.o
    0x08004414   0x08004414   0x00000080   Code   RO         4465    i.key_init          key.o
    0x08004494   0x08004494   0x0000007c   Code   RO         4466    i.key_scan          key.o
    0x08004510   0x08004510   0x000000b4   Code   RO         4394    i.lock_init         rcmdi.o
    0x080045c4   0x080045c4   0x00000314   Code   RO           13    i.main              main.o
    0x080048d8   0x080048d8   0x0000007c   Code   RO         4588    i.queryA_gtim_timx_cap_chy_init  queryabcap.o
    0x08004954   0x08004954   0x00000078   Code   RO         4589    i.queryB_gtim_timx_cap_chy_init  queryabcap.o
    0x080049cc   0x080049cc   0x0000037c   Code   RO          317    i.queryCapDisposeFunc  node.o
    0x08004d48   0x08004d48   0x00000304   Code   RO          318    i.queryCheckDisposeFunc  node.o
    0x0800504c   0x0800504c   0x0000037c   Code   RO          319    i.rcmDiDebounceDisposeFunc  node.o
    0x080053c8   0x080053c8   0x000005ca   Code   RO          320    i.rcmVpmNodeDisposeFunc  node.o
    0x08005992   0x08005992   0x00000002   PAD
    0x08005994   0x08005994   0x00000270   Code   RO         4395    i.rcmdi_init        rcmdi.o
    0x08005c04   0x08005c04   0x000000e0   Code   RO          446    i.sys_stm32_clock_init  sys.o
    0x08005ce4   0x08005ce4   0x00000048   Data   RO          276    .constdata          system_stm32l4xx.o
    0x08005d2c   0x08005d2c   0x00000020   Data   RO         4697    Region$$Table       anon$$obj.o


    Execution Region RW_IRAM1 (Exec base: 0x20000000, Load base: 0x08005d4c, Size: 0x000008c8, Max: 0x0000c000, ABSOLUTE)

    Exec Addr    Load Addr    Size         Type   Attr      Idx    E Section Name        Object

    0x20000000   0x08005d4c   0x0000000d   Data   RW           16    .data               main.o
    0x2000000d   0x08005d59   0x00000003   PAD
    0x20000010   0x08005d5c   0x00000004   Data   RW          277    .data               system_stm32l4xx.o
    0x20000014   0x08005d60   0x00000056   Data   RW          324    .data               node.o
    0x2000006a   0x08005db6   0x00000002   PAD
    0x2000006c   0x08005db8   0x00000004   Data   RW          400    .data               delay.o
    0x20000070   0x08005dbc   0x00000009   Data   RW          625    .data               stm32l4xx_hal.o
    0x20000079   0x08005dc5   0x00000001   Data   RW         4318    .data               rs485.o
    0x2000007a   0x08005dc6   0x00000001   Data   RW         4467    .data               key.o
    0x2000007b   0x08005dc7   0x00000001   PAD
    0x2000007c   0x08005dc8   0x00000008   Data   RW         4591    .data               queryabcap.o
    0x20000084        -       0x00000135   Zero   RW           14    .bss                main.o
    0x200001b9   0x08005dd0   0x00000003   PAD
    0x200001bc        -       0x00000150   Zero   RW          521    .bss                usart.o
    0x2000030c        -       0x0000005c   Zero   RW         4240    .bss                can.o
    0x20000368        -       0x000000c8   Zero   RW         4317    .bss                rs485.o
    0x20000430        -       0x00000098   Zero   RW         4590    .bss                queryabcap.o
    0x200004c8        -       0x00000400   Zero   RW            1    STACK               startup_stm32l431xx.o


==============================================================================

Image component sizes


      Code (inc. data)   RO Data    RW Data    ZI Data      Debug   Object Name

       444         36          0          0          0       2923   adc.o
       512         44          0          0         92       3952   can.o
       102         10          0          4          0       1979   delay.o
       356         12          0          0          0       1147   gpio.o
       252         18          0          1          0       1666   key.o
       788        102          0         13        309     704817   main.o
      4038        358          0         86          0       7770   node.o
       344         10          0          0          0       1173   query.o
      1160         94          0          8        152      36803   queryabcap.o
      1152         42          0          0          0       6766   rcmdi.o
        72         12          0          1        200       1244   rs485.o
        36          8        396          0       1024        972   startup_stm32l431xx.o
       168         32          0          9          0      13182   stm32l4xx_hal.o
      3346        150          0          0          0      68395   stm32l4xx_hal_adc.o
       172          6          0          0          0      52334   stm32l4xx_hal_adc_ex.o
      1646          0          0          0          0       7516   stm32l4xx_hal_can.o
       386         28          0          0          0      35273   stm32l4xx_hal_cortex.o
       182          0          0          0          0       1815   stm32l4xx_hal_dma.o
       786         58          0          0          0       4304   stm32l4xx_hal_gpio.o
        16          6          0          0          0        592   stm32l4xx_hal_pwr_ex.o
      2700         82          0          0          0       5764   stm32l4xx_hal_rcc.o
      1972         32          0          0          0      13713   stm32l4xx_hal_tim.o
         6          0          0          0          0       2264   stm32l4xx_hal_tim_ex.o
      1472          8          0          0          0       8599   stm32l4xx_hal_uart.o
         2          0          0          0          0       1020   stm32l4xx_hal_uart_ex.o
        32          0          0          0          0       4302   stm32l4xx_it.o
       224         12          0          0          0       1403   sys.o
        20          6         72          4          0       1449   system_stm32l4xx.o
        16          6          0          0        336       2611   usart.o

    ----------------------------------------------------------------------
     22440       1172        500        132       2116     995748   Object Totals
         0          0         32          0          0          0   (incl. Generated)
        38          0          0          6          3          0   (incl. Padding)

    ----------------------------------------------------------------------

      Code (inc. data)   RO Data    RW Data    ZI Data      Debug   Library Member Name

         0          0          0          0          0          0   entry.o
         0          0          0          0          0          0   entry10a.o
         0          0          0          0          0          0   entry11a.o
         4          0          0          0          0          0   entry12b.o
         8          4          0          0          0          0   entry2.o
         4          0          0          0          0          0   entry5.o
         0          0          0          0          0          0   entry7b.o
         0          0          0          0          0          0   entry8b.o
         8          4          0          0          0          0   entry9a.o
        30          0          0          0          0          0   handlers.o
        36          8          0          0          0         68   init.o
         0          0          0          0          0          0   iusefp.o
        30          0          0          0          0         68   llshl.o
        32          0          0          0          0         68   llushr.o
        36          0          0          0          0         68   memcpya.o
        36          0          0          0          0        108   memseta.o
       222          0          0          0          0        100   ddiv.o
       186          0          0          0          0        176   depilogue.o
        50          0          0          0          0         76   dfixui.o
        26          0          0          0          0         76   dfltui.o
       234          0          0          0          0         96   dmul.o

    ----------------------------------------------------------------------
       944         16          0          0          0        904   Library Totals
         2          0          0          0          0          0   (incl. Padding)

    ----------------------------------------------------------------------

      Code (inc. data)   RO Data    RW Data    ZI Data      Debug   Library Name

       224         16          0          0          0        380   mc_w.l
       718          0          0          0          0        524   mf_w.l

    ----------------------------------------------------------------------
       944         16          0          0          0        904   Library Totals

    ----------------------------------------------------------------------

==============================================================================


      Code (inc. data)   RO Data    RW Data    ZI Data      Debug   

     23384       1188        500        132       2116     983440   Grand Totals
     23384       1188        500        132       2116     983440   ELF Image Totals
     23384       1188        500        132          0          0   ROM Totals

==============================================================================

    Total RO  Size (Code + RO Data)                23884 (  23.32kB)
    Total RW  Size (RW Data + ZI Data)              2248 (   2.20kB)
    Total ROM Size (Code + RO Data + RW Data)      24016 (  23.45kB)

==============================================================================

