Component: ARM Compiler 5.06 update 7 (build 960) Tool: armlink [4d3601]

==============================================================================

Section Cross References

    startup_stm32l431xx.o(RESET) refers to startup_stm32l431xx.o(STACK) for __initial_sp
    startup_stm32l431xx.o(RESET) refers to startup_stm32l431xx.o(.text) for Reset_Handler
    startup_stm32l431xx.o(RESET) refers to stm32l4xx_it.o(i.NMI_Handler) for NMI_Handler
    startup_stm32l431xx.o(RESET) refers to stm32l4xx_it.o(i.HardFault_Handler) for HardFault_Handler
    startup_stm32l431xx.o(RESET) refers to stm32l4xx_it.o(i.MemManage_Handler) for MemManage_Handler
    startup_stm32l431xx.o(RESET) refers to stm32l4xx_it.o(i.BusFault_Handler) for BusFault_Handler
    startup_stm32l431xx.o(RESET) refers to stm32l4xx_it.o(i.UsageFault_Handler) for UsageFault_Handler
    startup_stm32l431xx.o(RESET) refers to stm32l4xx_it.o(i.SVC_Handler) for SVC_Handler
    startup_stm32l431xx.o(RESET) refers to stm32l4xx_it.o(i.DebugMon_Handler) for DebugMon_Handler
    startup_stm32l431xx.o(RESET) refers to stm32l4xx_it.o(i.PendSV_Handler) for PendSV_Handler
    startup_stm32l431xx.o(RESET) refers to stm32l4xx_it.o(i.SysTick_Handler) for SysTick_Handler
    startup_stm32l431xx.o(RESET) refers to rcmdi.o(i.EXTI0_IRQHandler) for EXTI0_IRQHandler
    startup_stm32l431xx.o(RESET) refers to rcmdi.o(i.EXTI1_IRQHandler) for EXTI1_IRQHandler
    startup_stm32l431xx.o(RESET) refers to rcmdi.o(i.EXTI2_IRQHandler) for EXTI2_IRQHandler
    startup_stm32l431xx.o(RESET) refers to rcmdi.o(i.EXTI3_IRQHandler) for EXTI3_IRQHandler
    startup_stm32l431xx.o(RESET) refers to rcmdi.o(i.EXTI4_IRQHandler) for EXTI4_IRQHandler
    startup_stm32l431xx.o(RESET) refers to rcmdi.o(i.EXTI9_5_IRQHandler) for EXTI9_5_IRQHandler
    startup_stm32l431xx.o(RESET) refers to atim.o(i.TIM1_UP_TIM16_IRQHandler) for TIM1_UP_TIM16_IRQHandler
    startup_stm32l431xx.o(RESET) refers to queryabcap.o(i.TIM2_IRQHandler) for TIM2_IRQHandler
    startup_stm32l431xx.o(RESET) refers to usart.o(i.USART1_IRQHandler) for USART1_IRQHandler
    startup_stm32l431xx.o(RESET) refers to rs485.o(i.USART3_IRQHandler) for USART3_IRQHandler
    startup_stm32l431xx.o(.text) refers to system_stm32l4xx.o(i.SystemInit) for SystemInit
    startup_stm32l431xx.o(.text) refers to entry.o(.ARM.Collect$$$$00000000) for __main
    main.o(i.main) refers to stm32l4xx_hal.o(i.HAL_Init) for HAL_Init
    main.o(i.main) refers to sys.o(i.sys_stm32_clock_init) for sys_stm32_clock_init
    main.o(i.main) refers to delay.o(i.delay_init) for delay_init
    main.o(i.main) refers to query.o(i.QUERY_init) for QUERY_init
    main.o(i.main) refers to key.o(i.key_init) for key_init
    main.o(i.main) refers to can.o(i.can_init) for can_init
    main.o(i.main) refers to gpio.o(i.RCM_init) for RCM_init
    main.o(i.main) refers to rcmdi.o(i.rcmdi_init) for rcmdi_init
    main.o(i.main) refers to rcmdi.o(i.AudioCheck_init) for AudioCheck_init
    main.o(i.main) refers to rcmdi.o(i.lock_init) for lock_init
    main.o(i.main) refers to queryabcap.o(i.queryA_gtim_timx_cap_chy_init) for queryA_gtim_timx_cap_chy_init
    main.o(i.main) refers to queryabcap.o(i.queryB_gtim_timx_cap_chy_init) for queryB_gtim_timx_cap_chy_init
    main.o(i.main) refers to queryabcap.o(i.queryA_gtim_timx_cap_tm_init) for queryA_gtim_timx_cap_tm_init
    main.o(i.main) refers to memcpya.o(.text) for __aeabi_memcpy4
    main.o(i.main) refers to adc.o(i.adc_sigChann_get_value) for adc_sigChann_get_value
    main.o(i.main) refers to dfltui.o(.text) for __aeabi_ui2d
    main.o(i.main) refers to dmul.o(.text) for __aeabi_dmul
    main.o(i.main) refers to ddiv.o(.text) for __aeabi_ddiv
    main.o(i.main) refers to dfixui.o(.text) for __aeabi_d2uiz
    main.o(i.main) refers to node.o(i.queryCapDisposeFunc) for queryCapDisposeFunc
    main.o(i.main) refers to key.o(i.key_scan) for key_scan
    main.o(i.main) refers to printfb.o(i.__0printf$bare) for __2printf
    main.o(i.main) refers to stm32l4xx_hal_gpio.o(i.HAL_GPIO_ReadPin) for HAL_GPIO_ReadPin
    main.o(i.main) refers to node.o(i.queryCheckDisposeFunc) for queryCheckDisposeFunc
    main.o(i.main) refers to node.o(i.rcmVpmNodeDisposeFunc) for rcmVpmNodeDisposeFunc
    main.o(i.main) refers to main.o(.bss) for AdcHandle1
    main.o(i.main) refers to main.o(.data) for ADC1ConvertedValue1
    stm32l4xx_it.o(i.SysTick_Handler) refers to stm32l4xx_hal.o(i.HAL_IncTick) for HAL_IncTick
    system_stm32l4xx.o(i.SystemCoreClockUpdate) refers to system_stm32l4xx.o(.constdata) for MSIRangeTable
    system_stm32l4xx.o(i.SystemCoreClockUpdate) refers to system_stm32l4xx.o(.data) for SystemCoreClock
    node.o(i.AllRcmNodeDoPortDisconnect) refers to stm32l4xx_hal_gpio.o(i.HAL_GPIO_WritePin) for HAL_GPIO_WritePin
    node.o(i.elmNodeDisposeFunc) refers to delay.o(i.delay_us) for delay_us
    node.o(i.elmNodeDisposeFunc) refers to stm32l4xx_hal_gpio.o(i.HAL_GPIO_ReadPin) for HAL_GPIO_ReadPin
[...]
    ../clib/microlib/init/entry.s            0x00000000   Number         0  entry12b.o ABSOLUTE
    ../clib/microlib/init/entry.s            0x00000000   Number         0  entry11b.o ABSOLUTE
    ../clib/microlib/init/entry.s            0x00000000   Number         0  entry12a.o ABSOLUTE
    ../clib/microlib/init/entry.s            0x00000000   Number         0  entry8b.o ABSOLUTE
    ../clib/microlib/init/entry.s            0x00000000   Number         0  entry9a.o ABSOLUTE
    ../clib/microlib/init/entry.s            0x00000000   Number         0  entry7b.o ABSOLUTE
    ../clib/microlib/init/entry.s            0x00000000   Number         0  entry7a.o ABSOLUTE
    ../clib/microlib/init/entry.s            0x00000000   Number         0  entry.o ABSOLUTE
    ../clib/microlib/longlong.c              0x00000000   Number         0  llushr.o ABSOLUTE
    ../clib/microlib/longlong.c              0x00000000   Number         0  llshl.o ABSOLUTE
    ../clib/microlib/longlong.c              0x00000000   Number         0  llsshr.o ABSOLUTE
    ../clib/microlib/printf/printf.c         0x00000000   Number         0  printf4.o ABSOLUTE
    ../clib/microlib/printf/printf.c         0x00000000   Number         0  printf5.o ABSOLUTE
    ../clib/microlib/printf/printf.c         0x00000000   Number         0  printf6.o ABSOLUTE
    ../clib/microlib/printf/printf.c         0x00000000   Number         0  printf1.o ABSOLUTE
    ../clib/microlib/printf/printf.c         0x00000000   Number         0  printf7.o ABSOLUTE
    ../clib/microlib/printf/printf.c         0x00000000   Number         0  printfa.o ABSOLUTE
    ../clib/microlib/printf/printf.c         0x00000000   Number         0  printf8.o ABSOLUTE
    ../clib/microlib/printf/printf.c         0x00000000   Number         0  printf3.o ABSOLUTE
    ../clib/microlib/printf/printf.c         0x00000000   Number         0  printfb.o ABSOLUTE
    ../clib/microlib/printf/printf.c         0x00000000   Number         0  printf0.o ABSOLUTE
    ../clib/microlib/printf/printf.c         0x00000000   Number         0  printf2.o ABSOLUTE
    ../clib/microlib/string/memcpy.c         0x00000000   Number         0  memcpyb.o ABSOLUTE
    ../clib/microlib/string/memcpy.c         0x00000000   Number         0  memcpya.o ABSOLUTE
    ../clib/microlib/string/memset.c         0x00000000   Number         0  memseta.o ABSOLUTE
    ../clib/microlib/stubs.s                 0x00000000   Number         0  useno.o ABSOLUTE
    ../clib/microlib/stubs.s                 0x00000000   Number         0  iusefp.o ABSOLUTE
    ../fplib/microlib/fpadd.c                0x00000000   Number         0  dadd.o ABSOLUTE
    ../fplib/microlib/fpdiv.c                0x00000000   Number         0  ddiv.o ABSOLUTE
    ../fplib/microlib/fpepilogue.c           0x00000000   Number         0  depilogue.o ABSOLUTE
    ../fplib/microlib/fpfix.c                0x00000000   Number         0  dfixul.o ABSOLUTE
    ../fplib/microlib/fpfix.c                0x00000000   Number         0  dfixui.o ABSOLUTE
    ../fplib/microlib/fpflt.c                0x00000000   Number         0  dfltui.o ABSOLUTE
    ../fplib/microlib/fpmul.c                0x00000000   Number         0  dmul.o ABSOLUTE
    ..\..\Drivers\BSP\ADC\adc.c              0x00000000   Number         0  adc.o ABSOLUTE
    ..\..\Drivers\BSP\ATIMER\atim.c          0x00000000   Number         0  atim.o ABSOLUTE
    ..\..\Drivers\BSP\CAN\can.c              0x00000000   Number         0  can.o ABSOLUTE
    ..\..\Drivers\BSP\GPIO\gpio.c            0x00000000   Number         0  gpio.o ABSOLUTE
    ..\..\Drivers\BSP\KEY\key.c              0x00000000   Number         0  key.o ABSOLUTE
    ..\..\Drivers\BSP\LOCKPWM\lockpwm.c      0x00000000   Number         0  lockpwm.o ABSOLUTE
    ..\..\Drivers\BSP\QUERYTIMER\queryabcap.c 0x00000000   Number         0  queryabcap.o ABSOLUTE
    ..\..\Drivers\BSP\QUERY\query.c          0x00000000   Number         0  query.o ABSOLUTE
    ..\..\Drivers\BSP\RCMDI\rcmdi.c          0x00000000   Number         0  rcmdi.o ABSOLUTE
    ..\..\Drivers\BSP\RS485\rs485.c          0x00000000   Number         0  rs485.o ABSOLUTE
    ..\..\Drivers\CMSIS\Device\ST\STM32L4xx\Source\Templates\arm\startup_stm32l431xx.s 0x00000000   Number         0  startup_stm32l431xx.o ABSOLUTE
    ..\..\Drivers\CMSIS\Device\ST\STM32L4xx\Source\Templates\system_stm32l4xx.c 0x00000000   Number         0  system_stm32l4xx.o ABSOLUTE
    ..\..\Drivers\STM32L4xx_HAL_Driver\Src\stm32l4xx_hal.c 0x00000000   Number         0  stm32l4xx_hal.o ABSOLUTE
    ..\..\Drivers\STM32L4xx_HAL_Driver\Src\stm32l4xx_hal_adc.c 0x00000000   Number         0  stm32l4xx_hal_adc.o ABSOLUTE
    ..\..\Drivers\STM32L4xx_HAL_Driver\Src\stm32l4xx_hal_adc_ex.c 0x00000000   Number         0  stm32l4xx_hal_adc_ex.o ABSOLUTE
    ..\..\Drivers\STM32L4xx_HAL_Driver\Src\stm32l4xx_hal_can.c 0x00000000   Number         0  stm32l4xx_hal_can.o ABSOLUTE
    ..\..\Drivers\STM32L4xx_HAL_Driver\Src\stm32l4xx_hal_cortex.c 0x00000000   Number         0  stm32l4xx_hal_cortex.o ABSOLUTE
    ..\..\Drivers\STM32L4xx_HAL_Driver\Src\stm32l4xx_hal_dma.c 0x00000000   Number         0  stm32l4xx_hal_dma.o ABSOLUTE
    ..\..\Drivers\STM32L4xx_HAL_Driver\Src\stm32l4xx_hal_dma_ex.c 0x00000000   Number         0  stm32l4xx_hal_dma_ex.o ABSOLUTE
    ..\..\Drivers\STM32L4xx_HAL_Driver\Src\stm32l4xx_hal_gpio.c 0x00000000   Number         0  stm32l4xx_hal_gpio.o ABSOLUTE
    ..\..\Drivers\STM32L4xx_HAL_Driver\Src\stm32l4xx_hal_pwr.c 0x00000000   Number         0  stm32l4xx_hal_pwr.o ABSOLUTE
    ..\..\Drivers\STM32L4xx_HAL_Driver\Src\stm32l4xx_hal_pwr_ex.c 0x00000000   Number         0  stm32l4xx_hal_pwr_ex.o ABSOLUTE
    ..\..\Drivers\STM32L4xx_HAL_Driver\Src\stm32l4xx_hal_rcc.c 0x00000000   Number         0  stm32l4xx_hal_rcc.o ABSOLUTE
    ..\..\Drivers\STM32L4xx_HAL_Driver\Src\stm32l4xx_hal_rcc_ex.c 0x00000000   Number         0  stm32l4xx_hal_rcc_ex.o ABSOLUTE
    ..\..\Drivers\STM32L4xx_HAL_Driver\Src\stm32l4xx_hal_tim.c 0x00000000   Number         0  stm32l4xx_hal_tim.o ABSOLUTE
    ..\..\Drivers\STM32L4xx_HAL_Driver\Src\stm32l4xx_hal_tim_ex.c 0x00000000   Number         0  stm32l4xx_hal_tim_ex.o ABSOLUTE
    ..\..\Drivers\STM32L4xx_HAL_Driver\Src\stm32l4xx_hal_uart.c 0x00000000   Number         0  stm32l4xx_hal_uart.o ABSOLUTE
    ..\..\Drivers\STM32L4xx_HAL_Driver\Src\stm32l4xx_hal_uart_ex.c 0x00000000   Number         0  stm32l4xx_hal_uart_ex.o ABSOLUTE
    ..\..\Drivers\STM32L4xx_HAL_Driver\Src\stm32l4xx_hal_usart.c 0x00000000   Number         0  stm32l4xx_hal_usart.o ABSOLUTE
    ..\..\Drivers\STM32L4xx_HAL_Driver\Src\stm32l4xx_hal_usart_ex.c 0x00000000   Number         0  stm32l4xx_hal_usart_ex.o ABSOLUTE
    ..\..\Drivers\STM32L4xx_HAL_Driver\Src\stm32l4xx_ll_adc.c 0x00000000   Number         0  stm32l4xx_ll_adc.o ABSOLUTE
    ..\..\Drivers\STM32L4xx_HAL_Driver\Src\stm32l4xx_ll_gpio.c 0x00000000   Number         0  stm32l4xx_ll_gpio.o ABSOLUTE
    ..\..\Drivers\STM32L4xx_HAL_Driver\Src\stm32l4xx_ll_pwr.c 0x00000000   Number         0  stm32l4xx_ll_pwr.o ABSOLUTE
    ..\..\Drivers\STM32L4xx_HAL_Driver\Src\stm32l4xx_ll_rcc.c 0x00000000   Number         0  stm32l4xx_ll_rcc.o ABSOLUTE
    ..\..\Drivers\STM32L4xx_HAL_Driver\Src\stm32l4xx_ll_tim.c 0x00000000   Number         0  stm32l4xx_ll_tim.o ABSOLUTE
    ..\..\Drivers\STM32L4xx_HAL_Driver\Src\stm32l4xx_ll_usart.c 0x00000000   Number         0  stm32l4xx_ll_usart.o ABSOLUTE
    ..\..\Drivers\SYSTEM\delay\delay.c       0x00000000   Number         0  delay.o ABSOLUTE
    ..\..\Drivers\SYSTEM\sys\sys.c           0x00000000   Number         0  sys.o ABSOLUTE
    ..\..\Drivers\SYSTEM\usart\usart.c       0x00000000   Number         0  usart.o ABSOLUTE
    ..\..\User\main.c                        0x00000000   Number         0  main.o ABSOLUTE
    ..\..\User\node.c                        0x00000000   Number         0  node.o ABSOLUTE
    ..\..\User\stm32l4xx_it.c                0x00000000   Number         0  stm32l4xx_it.o ABSOLUTE
    ..\\..\\Drivers\\BSP\\ADC\\adc.c         0x00000000   Number         0  adc.o ABSOLUTE
    ..\\..\\Drivers\\BSP\\ATIMER\\atim.c     0x00000000   Number         0  atim.o ABSOLUTE
    ..\\..\\Drivers\\BSP\\CAN\\can.c         0x00000000   Number         0  can.o ABSOLUTE
    ..\\..\\Drivers\\BSP\\GPIO\\gpio.c       0x00000000   Number         0  gpio.o ABSOLUTE
    ..\\..\\Drivers\\BSP\\KEY\\key.c         0x00000000   Number         0  key.o ABSOLUTE
    ..\\..\\Drivers\\BSP\\LOCKPWM\\lockpwm.c 0x00000000   Number         0  lockpwm.o ABSOLUTE
    ..\\..\\Drivers\\BSP\\QUERYTIMER\\queryabcap.c 0x00000000   Number         0  queryabcap.o ABSOLUTE
    ..\\..\\Drivers\\BSP\\QUERY\\query.c     0x00000000   Number         0  query.o ABSOLUTE
    ..\\..\\Drivers\\BSP\\RCMDI\\rcmdi.c     0x00000000   Number         0  rcmdi.o ABSOLUTE
    ..\\..\\Drivers\\BSP\\RS485\\rs485.c     0x00000000   Number         0  rs485.o ABSOLUTE
    ..\\..\\Drivers\\CMSIS\\Device\\ST\\STM32L4xx\\Source\\Templates\\system_stm32l4xx.c 0x00000000   Number         0  system_stm32l4xx.o ABSOLUTE
    ..\\..\\Drivers\\STM32L4xx_HAL_Driver\\Src\\stm32l4xx_hal.c 0x00000000   Number         0  stm32l4xx_hal.o ABSOLUTE
    ..\\..\\Drivers\\STM32L4xx_HAL_Driver\\Src\\stm32l4xx_hal_adc.c 0x00000000   Number         0  stm32l4xx_hal_adc.o ABSOLUTE
    ..\\..\\Drivers\\STM32L4xx_HAL_Driver\\Src\\stm32l4xx_hal_adc_ex.c 0x00000000   Number         0  stm32l4xx_hal_adc_ex.o ABSOLUTE
    ..\\..\\Drivers\\STM32L4xx_HAL_Driver\\Src\\stm32l4xx_hal_can.c 0x00000000   Number         0  stm32l4xx_hal_can.o ABSOLUTE
    ..\\..\\Drivers\\STM32L4xx_HAL_Driver\\Src\\stm32l4xx_hal_cortex.c 0x00000000   Number         0  stm32l4xx_hal_cortex.o ABSOLUTE
    ..\\..\\Drivers\\STM32L4xx_HAL_Driver\\Src\\stm32l4xx_hal_dma.c 0x00000000   Number         0  stm32l4xx_hal_dma.o ABSOLUTE
    ..\\..\\Drivers\\STM32L4xx_HAL_Driver\\Src\\stm32l4xx_hal_dma_ex.c 0x00000000   Number         0  stm32l4xx_hal_dma_ex.o ABSOLUTE
    ..\\..\\Drivers\\STM32L4xx_HAL_Driver\\Src\\stm32l4xx_hal_gpio.c 0x00000000   Number         0  stm32l4xx_hal_gpio.o ABSOLUTE
    ..\\..\\Drivers\\STM32L4xx_HAL_Driver\\Src\\stm32l4xx_hal_pwr.c 0x00000000   Number         0  stm32l4xx_hal_pwr.o ABSOLUTE
    ..\\..\\Drivers\\STM32L4xx_HAL_Driver\\Src\\stm32l4xx_hal_pwr_ex.c 0x00000000   Number         0  stm32l4xx_hal_pwr_ex.o ABSOLUTE
    ..\\..\\Drivers\\STM32L4xx_HAL_Driver\\Src\\stm32l4xx_hal_rcc.c 0x00000000   Number         0  stm32l4xx_hal_rcc.o ABSOLUTE
    ..\\..\\Drivers\\STM32L4xx_HAL_Driver\\Src\\stm32l4xx_hal_rcc_ex.c 0x00000000   Number         0  stm32l4xx_hal_rcc_ex.o ABSOLUTE
    ..\\..\\Drivers\\STM32L4xx_HAL_Driver\\Src\\stm32l4xx_hal_tim.c 0x00000000   Number         0  stm32l4xx_hal_tim.o ABSOLUTE
    ..\\..\\Drivers\\STM32L4xx_HAL_Driver\\Src\\stm32l4xx_hal_tim_ex.c 0x00000000   Number         0  stm32l4xx_hal_tim_ex.o ABSOLUTE
    ..\\..\\Drivers\\STM32L4xx_HAL_Driver\\Src\\stm32l4xx_hal_uart.c 0x00000000   Number         0  stm32l4xx_hal_uart.o ABSOLUTE
    ..\\..\\Drivers\\STM32L4xx_HAL_Driver\\Src\\stm32l4xx_hal_uart_ex.c 0x00000000   Number         0  stm32l4xx_hal_uart_ex.o ABSOLUTE
    ..\\..\\Drivers\\STM32L4xx_HAL_Driver\\Src\\stm32l4xx_hal_usart.c 0x00000000   Number         0  stm32l4xx_hal_usart.o ABSOLUTE
    ..\\..\\Drivers\\STM32L4xx_HAL_Driver\\Src\\stm32l4xx_hal_usart_ex.c 0x00000000   Number         0  stm32l4xx_hal_usart_ex.o ABSOLUTE
    ..\\..\\Drivers\\SYSTEM\\delay\\delay.c  0x00000000   Number         0  delay.o ABSOLUTE
    ..\\..\\Drivers\\SYSTEM\\sys\\sys.c      0x00000000   Number         0  sys.o ABSOLUTE
    ..\\..\\Drivers\\SYSTEM\\usart\\usart.c  0x00000000   Number         0  usart.o ABSOLUTE
    ..\\..\\User\\main.c                     0x00000000   Number         0  main.o ABSOLUTE
    ..\\..\\User\\node.c                     0x00000000   Number         0  node.o ABSOLUTE
    cdrcmple.s                               0x00000000   Number         0  cdrcmple.o ABSOLUTE
    dc.s                                     0x00000000   Number         0  dc.o ABSOLUTE
    handlers.s                               0x00000000   Number         0  handlers.o ABSOLUTE
    init.s                                   0x00000000   Number         0  init.o ABSOLUTE
    RESET                                    0x08000000   Section      396  startup_stm32l431xx.o(RESET)
    .ARM.Collect$$$$00000000                 0x0800018c   Section        0  entry.o(.ARM.Collect$$$$00000000)
    .ARM.Collect$$$$00000001                 0x0800018c   Section        4  entry2.o(.ARM.Collect$$$$00000001)
    .ARM.Collect$$$$00000004                 0x08000190   Section        4  entry5.o(.ARM.Collect$$$$00000004)
    .ARM.Collect$$$$00000008                 0x08000194   Section        0  entry7b.o(.ARM.Collect$$$$00000008)
    .ARM.Collect$$$$0000000A                 0x08000194   Section        0  entry8b.o(.ARM.Collect$$$$0000000A)
    .ARM.Collect$$$$0000000B                 0x08000194   Section        8  entry9a.o(.ARM.Collect$$$$0000000B)
    .ARM.Collect$$$$0000000E                 0x0800019c   Section        4  entry12b.o(.ARM.Collect$$$$0000000E)
    .ARM.Collect$$$$0000000F                 0x080001a0   Section        0  entry10a.o(.ARM.Collect$$$$0000000F)
    .ARM.Collect$$$$00000011                 0x080001a0   Section        0  entry11a.o(.ARM.Collect$$$$00000011)
    .ARM.Collect$$$$00002712                 0x080001a0   Section        4  entry2.o(.ARM.Collect$$$$00002712)
    __lit__00000000                          0x080001a0   Data           4  entry2.o(.ARM.Collect$$$$00002712)
    .text                                    0x080001a4   Section       36  startup_stm32l431xx.o(.text)
    $v0                                      0x080001a4   Number         0  startup_stm32l431xx.o(.text)
    .text                                    0x080001c8   Section        0  memcpya.o(.text)
    .text                                    0x080001ec   Section        0  memseta.o(.text)
    .text                                    0x08000210   Section        0  dmul.o(.text)
    .text                                    0x080002fa   Section        0  ddiv.o(.text)
    .text                                    0x080003d8   Section        0  dfltui.o(.text)
    .text                                    0x080003f2   Section        0  dfixui.o(.text)
    .text                                    0x08000424   Section        0  llshl.o(.text)
    .text                                    0x08000442   Section        0  llushr.o(.text)
    .text                                    0x08000462   Section        0  iusefp.o(.text)
    .text                                    0x08000462   Section        0  depilogue.o(.text)
    .text                                    0x0800051c   Section       36  init.o(.text)
    i.ADC_ConversionStop                     0x08000540   Section        0  stm32l4xx_hal_adc.o(i.ADC_ConversionStop)
    i.ADC_Disable                            0x08000664   Section        0  stm32l4xx_hal_adc.o(i.ADC_Disable)
    i.ADC_Enable                             0x080006f8   Section        0  stm32l4xx_hal_adc.o(i.ADC_Enable)
    i.AudioCheck_init                        0x080007c0   Section        0  rcmdi.o(i.AudioCheck_init)
    i.BusFault_Handler                       0x08000808   Section        0  stm32l4xx_it.o(i.BusFault_Handler)
    i.DebugMon_Handler                       0x0800080c   Section        0  stm32l4xx_it.o(i.DebugMon_Handler)
    i.EXTI0_IRQHandler                       0x0800080e   Section        0  rcmdi.o(i.EXTI0_IRQHandler)
    i.EXTI1_IRQHandler                       0x08000818   Section        0  rcmdi.o(i.EXTI1_IRQHandler)
    i.EXTI2_IRQHandler                       0x08000822   Section        0  rcmdi.o(i.EXTI2_IRQHandler)
    i.EXTI3_IRQHandler                       0x0800082c   Section        0  rcmdi.o(i.EXTI3_IRQHandler)
    i.EXTI4_IRQHandler                       0x08000836   Section        0  rcmdi.o(i.EXTI4_IRQHandler)
    i.EXTI9_5_IRQHandler                     0x08000840   Section        0  rcmdi.o(i.EXTI9_5_IRQHandler)
    i.Error_Handler                          0x08000856   Section        0  adc.o(i.Error_Handler)
    Error_Handler                            0x08000857   Thumb Code     4  adc.o(i.Error_Handler)
    i.HAL_ADCEx_Calibration_Start            0x0800085c   Section        0  stm32l4xx_hal_adc_ex.o(i.HAL_ADCEx_Calibration_Start)
    i.HAL_ADC_ConfigChannel                  0x08000908   Section        0  stm32l4xx_hal_adc.o(i.HAL_ADC_ConfigChannel)
    i.HAL_ADC_DeInit                         0x08000dd0   Section        0  stm32l4xx_hal_adc.o(i.HAL_ADC_DeInit)
    i.HAL_ADC_GetValue                       0x08000f88   Section        0  stm32l4xx_hal_adc.o(i.HAL_ADC_GetValue)
    i.HAL_ADC_Init                           0x08000f90   Section        0  stm32l4xx_hal_adc.o(i.HAL_ADC_Init)
    i.HAL_ADC_MspDeInit                      0x08001184   Section        0  adc.o(i.HAL_ADC_MspDeInit)
    i.HAL_ADC_MspInit                        0x080011bc   Section        0  adc.o(i.HAL_ADC_MspInit)
    i.HAL_ADC_PollForConversion              0x0800123c   Section        0  stm32l4xx_hal_adc.o(i.HAL_ADC_PollForConversion)
    i.HAL_ADC_Start                          0x08001302   Section        0  stm32l4xx_hal_adc.o(i.HAL_ADC_Start)
    i.HAL_CAN_AbortTxRequest                 0x08001396   Section        0  stm32l4xx_hal_can.o(i.HAL_CAN_AbortTxRequest)
    i.HAL_CAN_AddTxMessage                   0x080013ec   Section        0  stm32l4xx_hal_can.o(i.HAL_CAN_AddTxMessage)
    i.HAL_CAN_ConfigFilter                   0x08001536   Section        0  stm32l4xx_hal_can.o(i.HAL_CAN_ConfigFilter)
    i.HAL_CAN_GetRxFifoFillLevel             0x08001640   Section        0  stm32l4xx_hal_can.o(i.HAL_CAN_GetRxFifoFillLevel)
    i.HAL_CAN_GetRxMessage                   0x08001668   Section        0  stm32l4xx_hal_can.o(i.HAL_CAN_GetRxMessage)
    i.HAL_CAN_GetTxMailboxesFreeLevel        0x080017fc   Section        0  stm32l4xx_hal_can.o(i.HAL_CAN_GetTxMailboxesFreeLevel)
    i.HAL_CAN_Init                           0x08001832   Section        0  stm32l4xx_hal_can.o(i.HAL_CAN_Init)
    i.HAL_CAN_MspInit                        0x080019a8   Section        0  can.o(i.HAL_CAN_MspInit)
    i.HAL_CAN_Start                          0x08001a8c   Section        0  stm32l4xx_hal_can.o(i.HAL_CAN_Start)
    i.HAL_DMA_Abort                          0x08001aea   Section        0  stm32l4xx_hal_dma.o(i.HAL_DMA_Abort)
    i.HAL_DMA_Abort_IT                       0x08001b44   Section        0  stm32l4xx_hal_dma.o(i.HAL_DMA_Abort_IT)
    i.HAL_GPIO_DeInit                        0x08001ba0   Section        0  stm32l4xx_hal_gpio.o(i.HAL_GPIO_DeInit)
    i.HAL_GPIO_EXTI_Callback                 0x08001cbc   Section        0  rcmdi.o(i.HAL_GPIO_EXTI_Callback)
    i.HAL_GPIO_EXTI_IRQHandler               0x08001d54   Section        0  stm32l4xx_hal_gpio.o(i.HAL_GPIO_EXTI_IRQHandler)
    i.HAL_GPIO_Init                          0x08001d70   Section        0  stm32l4xx_hal_gpio.o(i.HAL_GPIO_Init)
    i.HAL_GPIO_ReadPin                       0x08001f30   Section        0  stm32l4xx_hal_gpio.o(i.HAL_GPIO_ReadPin)
    i.HAL_GPIO_WritePin                      0x08001f40   Section        0  stm32l4xx_hal_gpio.o(i.HAL_GPIO_WritePin)
    i.HAL_GetREVID                           0x08001f4c   Section        0  stm32l4xx_hal.o(i.HAL_GetREVID)
    i.HAL_GetTick                            0x08001f58   Section        0  stm32l4xx_hal.o(i.HAL_GetTick)
    i.HAL_IncTick                            0x08001f64   Section        0  stm32l4xx_hal.o(i.HAL_IncTick)
    i.HAL_Init                               0x08001f7c   Section        0  stm32l4xx_hal.o(i.HAL_Init)
    i.HAL_InitTick                           0x08001f9c   Section        0  stm32l4xx_hal.o(i.HAL_InitTick)
    i.HAL_MspInit                            0x08001ff4   Section        0  stm32l4xx_hal.o(i.HAL_MspInit)
    i.HAL_NVIC_DisableIRQ                    0x08001ff8   Section        0  stm32l4xx_hal_cortex.o(i.HAL_NVIC_DisableIRQ)
    i.HAL_NVIC_EnableIRQ                     0x0800203c   Section        0  stm32l4xx_hal_cortex.o(i.HAL_NVIC_EnableIRQ)
    i.HAL_NVIC_SetPriority                   0x08002064   Section        0  stm32l4xx_hal_cortex.o(i.HAL_NVIC_SetPriority)
    i.HAL_NVIC_SetPriorityGrouping           0x080020e8   Section        0  stm32l4xx_hal_cortex.o(i.HAL_NVIC_SetPriorityGrouping)
    i.HAL_PWREx_GetVoltageRange              0x08002110   Section        0  stm32l4xx_hal_pwr_ex.o(i.HAL_PWREx_GetVoltageRange)
    i.HAL_RCC_ClockConfig                    0x08002120   Section        0  stm32l4xx_hal_rcc.o(i.HAL_RCC_ClockConfig)
    i.HAL_RCC_GetSysClockFreq                0x080022d4   Section        0  stm32l4xx_hal_rcc.o(i.HAL_RCC_GetSysClockFreq)
    i.HAL_RCC_OscConfig                      0x080023c0   Section        0  stm32l4xx_hal_rcc.o(i.HAL_RCC_OscConfig)
    i.HAL_SYSTICK_Config                     0x08002b10   Section        0  stm32l4xx_hal_cortex.o(i.HAL_SYSTICK_Config)
    i.HAL_TIMEx_Break2Callback               0x08002b44   Section        0  stm32l4xx_hal_tim_ex.o(i.HAL_TIMEx_Break2Callback)
    i.HAL_TIMEx_BreakCallback                0x08002b46   Section        0  stm32l4xx_hal_tim_ex.o(i.HAL_TIMEx_BreakCallback)
    i.HAL_TIMEx_CommutCallback               0x08002b48   Section        0  stm32l4xx_hal_tim_ex.o(i.HAL_TIMEx_CommutCallback)
    i.HAL_TIM_GenerateEvent                  0x08002b4a   Section        0  stm32l4xx_hal_tim.o(i.HAL_TIM_GenerateEvent)
    i.HAL_TIM_IC_CaptureCallback             0x08002b80   Section        0  queryabcap.o(i.HAL_TIM_IC_CaptureCallback)
    i.HAL_TIM_IC_ConfigChannel               0x08002d48   Section        0  stm32l4xx_hal_tim.o(i.HAL_TIM_IC_ConfigChannel)
    i.HAL_TIM_IC_DeInit                      0x08002e26   Section        0  stm32l4xx_hal_tim.o(i.HAL_TIM_IC_DeInit)
    i.HAL_TIM_IC_Init                        0x08002ea6   Section        0  stm32l4xx_hal_tim.o(i.HAL_TIM_IC_Init)
    i.HAL_TIM_IC_MspDeInit                   0x08002f14   Section        0  stm32l4xx_hal_tim.o(i.HAL_TIM_IC_MspDeInit)
    i.HAL_TIM_IC_MspInit                     0x08002f18   Section        0  queryabcap.o(i.HAL_TIM_IC_MspInit)
    i.HAL_TIM_IC_Start_IT                    0x08003024   Section        0  stm32l4xx_hal_tim.o(i.HAL_TIM_IC_Start_IT)
    i.HAL_TIM_IC_Stop_IT                     0x080031b0   Section        0  stm32l4xx_hal_tim.o(i.HAL_TIM_IC_Stop_IT)
    i.HAL_TIM_IRQHandler                     0x080032a6   Section        0  stm32l4xx_hal_tim.o(i.HAL_TIM_IRQHandler)
    i.HAL_TIM_OC_DelayElapsedCallback        0x08003432   Section        0  stm32l4xx_hal_tim.o(i.HAL_TIM_OC_DelayElapsedCallback)
    i.HAL_TIM_PWM_PulseFinishedCallback      0x08003434   Section        0  stm32l4xx_hal_tim.o(i.HAL_TIM_PWM_PulseFinishedCallback)
    i.HAL_TIM_PeriodElapsedCallback          0x08003438   Section        0  queryabcap.o(i.HAL_TIM_PeriodElapsedCallback)
    i.HAL_TIM_ReadCapturedValue              0x08003590   Section        0  stm32l4xx_hal_tim.o(i.HAL_TIM_ReadCapturedValue)
    i.HAL_TIM_TriggerCallback                0x080035c2   Section        0  stm32l4xx_hal_tim.o(i.HAL_TIM_TriggerCallback)
    i.HAL_UARTEx_RxEventCallback             0x080035c4   Section        0  stm32l4xx_hal_uart.o(i.HAL_UARTEx_RxEventCallback)
    i.HAL_UARTEx_WakeupCallback              0x080035c6   Section        0  stm32l4xx_hal_uart_ex.o(i.HAL_UARTEx_WakeupCallback)
    i.HAL_UART_ErrorCallback                 0x080035c8   Section        0  stm32l4xx_hal_uart.o(i.HAL_UART_ErrorCallback)
    i.HAL_UART_IRQHandler                    0x080035cc   Section        0  stm32l4xx_hal_uart.o(i.HAL_UART_IRQHandler)
    i.HAL_UART_Receive                       0x08003920   Section        0  stm32l4xx_hal_uart.o(i.HAL_UART_Receive)
    i.HAL_UART_TxCpltCallback                0x08003a38   Section        0  stm32l4xx_hal_uart.o(i.HAL_UART_TxCpltCallback)
    i.HardFault_Handler                      0x08003a3a   Section        0  stm32l4xx_it.o(i.HardFault_Handler)
    i.LL_ADC_Enable                          0x08003a40   Section        0  stm32l4xx_hal_adc.o(i.LL_ADC_Enable)
    LL_ADC_Enable                            0x08003a41   Thumb Code    12  stm32l4xx_hal_adc.o(i.LL_ADC_Enable)
    i.LL_ADC_GetOffsetChannel                0x08003a50   Section        0  stm32l4xx_hal_adc.o(i.LL_ADC_GetOffsetChannel)
    LL_ADC_GetOffsetChannel                  0x08003a51   Thumb Code    18  stm32l4xx_hal_adc.o(i.LL_ADC_GetOffsetChannel)
    i.LL_ADC_INJ_IsConversionOngoing         0x08003a62   Section        0  stm32l4xx_hal_adc.o(i.LL_ADC_INJ_IsConversionOngoing)
    LL_ADC_INJ_IsConversionOngoing           0x08003a63   Thumb Code    10  stm32l4xx_hal_adc.o(i.LL_ADC_INJ_IsConversionOngoing)
    i.LL_ADC_IsDisableOngoing                0x08003a6c   Section        0  stm32l4xx_hal_adc.o(i.LL_ADC_IsDisableOngoing)
    LL_ADC_IsDisableOngoing                  0x08003a6d   Thumb Code    10  stm32l4xx_hal_adc.o(i.LL_ADC_IsDisableOngoing)
    i.LL_ADC_IsEnabled                       0x08003a76   Section        0  stm32l4xx_hal_adc.o(i.LL_ADC_IsEnabled)
    LL_ADC_IsEnabled                         0x08003a77   Thumb Code    10  stm32l4xx_hal_adc.o(i.LL_ADC_IsEnabled)
    i.LL_ADC_IsInternalRegulatorEnabled      0x08003a80   Section        0  stm32l4xx_hal_adc.o(i.LL_ADC_IsInternalRegulatorEnabled)
    LL_ADC_IsInternalRegulatorEnabled        0x08003a81   Thumb Code    10  stm32l4xx_hal_adc.o(i.LL_ADC_IsInternalRegulatorEnabled)
    i.LL_ADC_REG_IsConversionOngoing         0x08003a8a   Section        0  stm32l4xx_hal_adc.o(i.LL_ADC_REG_IsConversionOngoing)
    LL_ADC_REG_IsConversionOngoing           0x08003a8b   Thumb Code    10  stm32l4xx_hal_adc.o(i.LL_ADC_REG_IsConversionOngoing)
    i.LL_ADC_REG_IsTriggerSourceSWStart      0x08003a94   Section        0  stm32l4xx_hal_adc.o(i.LL_ADC_REG_IsTriggerSourceSWStart)
    LL_ADC_REG_IsTriggerSourceSWStart        0x08003a95   Thumb Code    18  stm32l4xx_hal_adc.o(i.LL_ADC_REG_IsTriggerSourceSWStart)
    i.LL_ADC_REG_StartConversion             0x08003aa8   Section        0  stm32l4xx_hal_adc.o(i.LL_ADC_REG_StartConversion)
    LL_ADC_REG_StartConversion               0x08003aa9   Thumb Code    12  stm32l4xx_hal_adc.o(i.LL_ADC_REG_StartConversion)
    i.LL_ADC_SetChannelSamplingTime          0x08003ab8   Section        0  stm32l4xx_hal_adc.o(i.LL_ADC_SetChannelSamplingTime)
    LL_ADC_SetChannelSamplingTime            0x08003ab9   Thumb Code    40  stm32l4xx_hal_adc.o(i.LL_ADC_SetChannelSamplingTime)
    i.LL_ADC_SetCommonPathInternalCh         0x08003ae0   Section        0  stm32l4xx_hal_adc.o(i.LL_ADC_SetCommonPathInternalCh)
    LL_ADC_SetCommonPathInternalCh           0x08003ae1   Thumb Code    12  stm32l4xx_hal_adc.o(i.LL_ADC_SetCommonPathInternalCh)
    i.LL_ADC_SetOffsetState                  0x08003aec   Section        0  stm32l4xx_hal_adc.o(i.LL_ADC_SetOffsetState)
    LL_ADC_SetOffsetState                    0x08003aed   Thumb Code    22  stm32l4xx_hal_adc.o(i.LL_ADC_SetOffsetState)
    i.MemManage_Handler                      0x08003b02   Section        0  stm32l4xx_it.o(i.MemManage_Handler)
    i.NMI_Handler                            0x08003b06   Section        0  stm32l4xx_it.o(i.NMI_Handler)
    i.PendSV_Handler                         0x08003b08   Section        0  stm32l4xx_it.o(i.PendSV_Handler)
    i.QUERY_init                             0x08003b0c   Section        0  query.o(i.QUERY_init)
    i.RCC_SetFlashLatencyFromMSIRange        0x08003c0c   Section        0  stm32l4xx_hal_rcc.o(i.RCC_SetFlashLatencyFromMSIRange)
    RCC_SetFlashLatencyFromMSIRange          0x08003c0d   Thumb Code   148  stm32l4xx_hal_rcc.o(i.RCC_SetFlashLatencyFromMSIRange)
    i.RCM_init                               0x08003ca8   Section        0  gpio.o(i.RCM_init)
    i.SVC_Handler                            0x08003e0c   Section        0  stm32l4xx_it.o(i.SVC_Handler)
    i.SysTick_Handler                        0x08003e0e   Section        0  stm32l4xx_it.o(i.SysTick_Handler)
    i.SystemInit                             0x08003e18   Section        0  system_stm32l4xx.o(i.SystemInit)
    i.TIM1_UP_TIM16_IRQHandler               0x08003e2c   Section        0  atim.o(i.TIM1_UP_TIM16_IRQHandler)
    i.TIM2_IRQHandler                        0x08003f28   Section        0  queryabcap.o(i.TIM2_IRQHandler)
    i.TIM_Base_SetConfig                     0x08003f68   Section        0  stm32l4xx_hal_tim.o(i.TIM_Base_SetConfig)
    i.TIM_CCxChannelCmd                      0x08003fdc   Section        0  stm32l4xx_hal_tim.o(i.TIM_CCxChannelCmd)
    i.TIM_TI1_SetConfig                      0x08004000   Section        0  stm32l4xx_hal_tim.o(i.TIM_TI1_SetConfig)
    i.TIM_TI2_SetConfig                      0x0800405c   Section        0  stm32l4xx_hal_tim.o(i.TIM_TI2_SetConfig)
    TIM_TI2_SetConfig                        0x0800405d   Thumb Code    58  stm32l4xx_hal_tim.o(i.TIM_TI2_SetConfig)
    i.TIM_TI3_SetConfig                      0x08004096   Section        0  stm32l4xx_hal_tim.o(i.TIM_TI3_SetConfig)
    TIM_TI3_SetConfig                        0x08004097   Thumb Code    56  stm32l4xx_hal_tim.o(i.TIM_TI3_SetConfig)
    i.TIM_TI4_SetConfig                      0x080040ce   Section        0  stm32l4xx_hal_tim.o(i.TIM_TI4_SetConfig)
    TIM_TI4_SetConfig                        0x080040cf   Thumb Code    60  stm32l4xx_hal_tim.o(i.TIM_TI4_SetConfig)
    i.UART_DMAAbortOnError                   0x0800410a   Section        0  stm32l4xx_hal_uart.o(i.UART_DMAAbortOnError)
    UART_DMAAbortOnError                     0x0800410b   Thumb Code    24  stm32l4xx_hal_uart.o(i.UART_DMAAbortOnError)
    i.UART_EndRxTransfer                     0x08004122   Section        0  stm32l4xx_hal_uart.o(i.UART_EndRxTransfer)
    UART_EndRxTransfer                       0x08004123   Thumb Code   102  stm32l4xx_hal_uart.o(i.UART_EndRxTransfer)
    i.UART_EndTransmit_IT                    0x08004188   Section        0  stm32l4xx_hal_uart.o(i.UART_EndTransmit_IT)
    UART_EndTransmit_IT                      0x08004189   Thumb Code    46  stm32l4xx_hal_uart.o(i.UART_EndTransmit_IT)
    i.UART_WaitOnFlagUntilTimeout            0x080041b6   Section        0  stm32l4xx_hal_uart.o(i.UART_WaitOnFlagUntilTimeout)
    i.USART1_IRQHandler                      0x08004258   Section        0  usart.o(i.USART1_IRQHandler)
    i.USART3_IRQHandler                      0x08004268   Section        0  rs485.o(i.USART3_IRQHandler)
    i.UsageFault_Handler                     0x080042b0   Section        0  stm32l4xx_it.o(i.UsageFault_Handler)
    i.__0printf$bare                         0x080042b4   Section        0  printfb.o(i.__0printf$bare)
    i.__NVIC_GetPriorityGrouping             0x080042c4   Section        0  stm32l4xx_hal_cortex.o(i.__NVIC_GetPriorityGrouping)
    __NVIC_GetPriorityGrouping               0x080042c5   Thumb Code    10  stm32l4xx_hal_cortex.o(i.__NVIC_GetPriorityGrouping)
    i.__NVIC_SetPriority                     0x080042d4   Section        0  stm32l4xx_hal_cortex.o(i.__NVIC_SetPriority)
    __NVIC_SetPriority                       0x080042d5   Thumb Code    32  stm32l4xx_hal_cortex.o(i.__NVIC_SetPriority)
    i.__scatterload_copy                     0x080042fc   Section       14  handlers.o(i.__scatterload_copy)
    i.__scatterload_null                     0x0800430a   Section        2  handlers.o(i.__scatterload_null)
    i.__scatterload_zeroinit                 0x0800430c   Section       14  handlers.o(i.__scatterload_zeroinit)
    i._printf_core                           0x0800431a   Section        0  printfb.o(i._printf_core)
    _printf_core                             0x0800431b   Thumb Code    34  printfb.o(i._printf_core)
    i.adc_sigChann_get_value                 0x0800433c   Section        0  adc.o(i.adc_sigChann_get_value)
    i.can_init                               0x0800440c   Section        0  can.o(i.can_init)
    i.can_receive_msg                        0x08004494   Section        0  can.o(i.can_receive_msg)
    i.can_send_msg_data                      0x080044c8   Section        0  can.o(i.can_send_msg_data)
    i.delay_init                             0x08004528   Section        0  delay.o(i.delay_init)
    i.delay_ms                               0x08004534   Section        0  delay.o(i.delay_ms)
    i.delay_us                               0x08004548   Section        0  delay.o(i.delay_us)
    i.fputc                                  0x08004590   Section        0  usart.o(i.fputc)
    i.key_init                               0x080045ac   Section        0  key.o(i.key_init)
    i.key_scan                               0x08004630   Section        0  key.o(i.key_scan)
    i.lock_init                              0x080046b0   Section        0  rcmdi.o(i.lock_init)
    i.main                                   0x080046f4   Section        0  main.o(i.main)
    i.queryA_gtim_timx_cap_chy_init          0x08004978   Section        0  queryabcap.o(i.queryA_gtim_timx_cap_chy_init)
    i.queryA_gtim_timx_cap_tm_init           0x080049e4   Section        0  queryabcap.o(i.queryA_gtim_timx_cap_tm_init)
    i.queryB_gtim_timx_cap_chy_init          0x08004a38   Section        0  queryabcap.o(i.queryB_gtim_timx_cap_chy_init)
    i.queryCapDisposeFunc                    0x08004aa4   Section        0  node.o(i.queryCapDisposeFunc)
    i.queryCheckDisposeFunc                  0x08004bec   Section        0  node.o(i.queryCheckDisposeFunc)
    i.rcmDiDebounceDisposeFunc               0x08004e18   Section        0  node.o(i.rcmDiDebounceDisposeFunc)
    i.rcmVpmNodeDisposeFunc                  0x080051d8   Section        0  node.o(i.rcmVpmNodeDisposeFunc)
    i.rcmdi_init                             0x0800573c   Section        0  rcmdi.o(i.rcmdi_init)
    i.sys_stm32_clock_init                   0x0800590c   Section        0  sys.o(i.sys_stm32_clock_init)
    i.tmPulseCapDisposeFunc                  0x080059ec   Section        0  node.o(i.tmPulseCapDisposeFunc)
    .constdata                               0x08005a84   Section       72  system_stm32l4xx.o(.constdata)
    .data                                    0x20000000   Section        9  main.o(.data)
    .data                                    0x2000000c   Section        4  system_stm32l4xx.o(.data)
    .data                                    0x20000010   Section       52  node.o(.data)
    .data                                    0x20000044   Section        4  delay.o(.data)
    g_fac_us                                 0x20000044   Data           4  delay.o(.data)
    .data                                    0x20000048   Section        7  usart.o(.data)
    .data                                    0x20000050   Section        9  stm32l4xx_hal.o(.data)
    .data                                    0x20000059   Section        1  rs485.o(.data)
    .data                                    0x2000005a   Section        1  key.o(.data)
    key_up                                   0x2000005a   Data           1  key.o(.data)
    .data                                    0x2000005c   Section        4  atim.o(.data)
    g_npwm_remain                            0x2000005c   Data           4  atim.o(.data)
    .data                                    0x20000060   Section       12  queryabcap.o(.data)
    .bss                                     0x2000006c   Section      209  main.o(.bss)
    .bss                                     0x2000013e   Section       16  node.o(.bss)
    .bss                                     0x20000150   Section      336  usart.o(.bss)
    .bss                                     0x200002a0   Section       92  can.o(.bss)
    .bss                                     0x200002fc   Section      200  rs485.o(.bss)
    .bss                                     0x200003c4   Section      152  atim.o(.bss)
    .bss                                     0x2000045c   Section      228  queryabcap.o(.bss)
    STACK                                    0x20000540   Section     1024  startup_stm32l431xx.o(STACK)

    Global Symbols

    Symbol Name                              Value     Ov Type        Size  Object(Section)

    BuildAttributes$$THM_ISAv4$E$P$D$K$B$S$7EM$VFPi3$EXTD16$VFPS$VFMA$PE$A:L22UL41UL21$X:L11$S22US41US21$IEEE1$IW$USESV6$~STKCKD$USESV7$~SHL$OSPACE$ROPI$EBA8$MICROLIB$REQ8$PRES8$EABIv2 0x00000000   Number         0  anon$$obj.o ABSOLUTE
    __ARM_use_no_argv                        0x00000000   Number         0  main.o ABSOLUTE
    __use_no_errno                           0x00000000   Number         0  useno.o ABSOLUTE
    __use_no_exception_handling              0x00000000   Number         0  useno.o ABSOLUTE
    __use_no_fp                              0x00000000   Number         0  useno.o ABSOLUTE
    __use_no_heap                            0x00000000   Number         0  useno.o ABSOLUTE
    __use_no_heap_region                     0x00000000   Number         0  useno.o ABSOLUTE
    __use_no_semihosting                     0x00000000   Number         0  useno.o ABSOLUTE
    __use_no_semihosting_swi                 0x00000000   Number         0  useno.o ABSOLUTE
    __use_no_signal_handling                 0x00000000   Number         0  useno.o ABSOLUTE
    __arm_fini_                               - Undefined Weak Reference
    __cpp_initialize__aeabi_                  - Undefined Weak Reference
    __cxa_finalize                            - Undefined Weak Reference
    __decompress                              - Undefined Weak Reference
    _clock_init                               - Undefined Weak Reference
    _microlib_exit                            - Undefined Weak Reference
    __Vectors_Size                           0x0000018c   Number         0  startup_stm32l431xx.o ABSOLUTE
    __Vectors                                0x08000000   Data           4  startup_stm32l431xx.o(RESET)
    __Vectors_End                            0x0800018c   Data           0  startup_stm32l431xx.o(RESET)
    __main                                   0x0800018d   Thumb Code     0  entry.o(.ARM.Collect$$$$00000000)
    _main_stk                                0x0800018d   Thumb Code     0  entry2.o(.ARM.Collect$$$$00000001)
    _main_scatterload                        0x08000191   Thumb Code     0  entry5.o(.ARM.Collect$$$$00000004)
    __main_after_scatterload                 0x08000195   Thumb Code     0  entry5.o(.ARM.Collect$$$$00000004)
    _main_clock                              0x08000195   Thumb Code     0  entry7b.o(.ARM.Collect$$$$00000008)
    _main_cpp_init                           0x08000195   Thumb Code     0  entry8b.o(.ARM.Collect$$$$0000000A)
    _main_init                               0x08000195   Thumb Code     0  entry9a.o(.ARM.Collect$$$$0000000B)
    __rt_lib_shutdown_fini                   0x0800019d   Thumb Code     0  entry12b.o(.ARM.Collect$$$$0000000E)
    __rt_final_cpp                           0x080001a1   Thumb Code     0  entry10a.o(.ARM.Collect$$$$0000000F)
    __rt_final_exit                          0x080001a1   Thumb Code     0  entry11a.o(.ARM.Collect$$$$00000011)
    Reset_Handler                            0x080001a5   Thumb Code     8  startup_stm32l431xx.o(.text)
    ADC1_IRQHandler                          0x080001bf   Thumb Code     0  startup_stm32l431xx.o(.text)
    CAN1_RX0_IRQHandler                      0x080001bf   Thumb Code     0  startup_stm32l431xx.o(.text)
    CAN1_RX1_IRQHandler                      0x080001bf   Thumb Code     0  startup_stm32l431xx.o(.text)
    CAN1_SCE_IRQHandler                      0x080001bf   Thumb Code     0  startup_stm32l431xx.o(.text)
    CAN1_TX_IRQHandler                       0x080001bf   Thumb Code     0  startup_stm32l431xx.o(.text)
    COMP_IRQHandler                          0x080001bf   Thumb Code     0  startup_stm32l431xx.o(.text)
    CRS_IRQHandler                           0x080001bf   Thumb Code     0  startup_stm32l431xx.o(.text)
    DMA1_Channel1_IRQHandler                 0x080001bf   Thumb Code     0  startup_stm32l431xx.o(.text)
    DMA1_Channel2_IRQHandler                 0x080001bf   Thumb Code     0  startup_stm32l431xx.o(.text)
    DMA1_Channel3_IRQHandler                 0x080001bf   Thumb Code     0  startup_stm32l431xx.o(.text)
    DMA1_Channel4_IRQHandler                 0x080001bf   Thumb Code     0  startup_stm32l431xx.o(.text)
    DMA1_Channel5_IRQHandler                 0x080001bf   Thumb Code     0  startup_stm32l431xx.o(.text)
    DMA1_Channel6_IRQHandler                 0x080001bf   Thumb Code     0  startup_stm32l431xx.o(.text)
    DMA1_Channel7_IRQHandler                 0x080001bf   Thumb Code     0  startup_stm32l431xx.o(.text)
    DMA2_Channel1_IRQHandler                 0x080001bf   Thumb Code     0  startup_stm32l431xx.o(.text)
    DMA2_Channel2_IRQHandler                 0x080001bf   Thumb Code     0  startup_stm32l431xx.o(.text)
    DMA2_Channel3_IRQHandler                 0x080001bf   Thumb Code     0  startup_stm32l431xx.o(.text)
    DMA2_Channel4_IRQHandler                 0x080001bf   Thumb Code     0  startup_stm32l431xx.o(.text)
    DMA2_Channel5_IRQHandler                 0x080001bf   Thumb Code     0  startup_stm32l431xx.o(.text)
    DMA2_Channel6_IRQHandler                 0x080001bf   Thumb Code     0  startup_stm32l431xx.o(.text)
    DMA2_Channel7_IRQHandler                 0x080001bf   Thumb Code     0  startup_stm32l431xx.o(.text)
    EXTI15_10_IRQHandler                     0x080001bf   Thumb Code     0  startup_stm32l431xx.o(.text)
    FLASH_IRQHandler                         0x080001bf   Thumb Code     0  startup_stm32l431xx.o(.text)
    FPU_IRQHandler                           0x080001bf   Thumb Code     0  startup_stm32l431xx.o(.text)
    I2C1_ER_IRQHandler                       0x080001bf   Thumb Code     0  startup_stm32l431xx.o(.text)
    I2C1_EV_IRQHandler                       0x080001bf   Thumb Code     0  startup_stm32l431xx.o(.text)
    I2C2_ER_IRQHandler                       0x080001bf   Thumb Code     0  startup_stm32l431xx.o(.text)
    I2C2_EV_IRQHandler                       0x080001bf   Thumb Code     0  startup_stm32l431xx.o(.text)
    I2C3_ER_IRQHandler                       0x080001bf   Thumb Code     0  startup_stm32l431xx.o(.text)
    I2C3_EV_IRQHandler                       0x080001bf   Thumb Code     0  startup_stm32l431xx.o(.text)
    LPTIM1_IRQHandler                        0x080001bf   Thumb Code     0  startup_stm32l431xx.o(.text)
    LPTIM2_IRQHandler                        0x080001bf   Thumb Code     0  startup_stm32l431xx.o(.text)
    LPUART1_IRQHandler                       0x080001bf   Thumb Code     0  startup_stm32l431xx.o(.text)
    PVD_PVM_IRQHandler                       0x080001bf   Thumb Code     0  startup_stm32l431xx.o(.text)
    QUADSPI_IRQHandler                       0x080001bf   Thumb Code     0  startup_stm32l431xx.o(.text)
    RCC_IRQHandler                           0x080001bf   Thumb Code     0  startup_stm32l431xx.o(.text)
    RNG_IRQHandler                           0x080001bf   Thumb Code     0  startup_stm32l431xx.o(.text)
    RTC_Alarm_IRQHandler                     0x080001bf   Thumb Code     0  startup_stm32l431xx.o(.text)
    RTC_WKUP_IRQHandler                      0x080001bf   Thumb Code     0  startup_stm32l431xx.o(.text)
    SAI1_IRQHandler                          0x080001bf   Thumb Code     0  startup_stm32l431xx.o(.text)
    SDMMC1_IRQHandler                        0x080001bf   Thumb Code     0  startup_stm32l431xx.o(.text)
    SPI1_IRQHandler                          0x080001bf   Thumb Code     0  startup_stm32l431xx.o(.text)
    SPI2_IRQHandler                          0x080001bf   Thumb Code     0  startup_stm32l431xx.o(.text)
    SPI3_IRQHandler                          0x080001bf   Thumb Code     0  startup_stm32l431xx.o(.text)
    SWPMI1_IRQHandler                        0x080001bf   Thumb Code     0  startup_stm32l431xx.o(.text)
    TAMP_STAMP_IRQHandler                    0x080001bf   Thumb Code     0  startup_stm32l431xx.o(.text)
    TIM1_BRK_TIM15_IRQHandler                0x080001bf   Thumb Code     0  startup_stm32l431xx.o(.text)
    TIM1_CC_IRQHandler                       0x080001bf   Thumb Code     0  startup_stm32l431xx.o(.text)
    TIM1_TRG_COM_IRQHandler                  0x080001bf   Thumb Code     0  startup_stm32l431xx.o(.text)
    TIM6_DAC_IRQHandler                      0x080001bf   Thumb Code     0  startup_stm32l431xx.o(.text)
    TIM7_IRQHandler                          0x080001bf   Thumb Code     0  startup_stm32l431xx.o(.text)
    TSC_IRQHandler                           0x080001bf   Thumb Code     0  startup_stm32l431xx.o(.text)
    USART2_IRQHandler                        0x080001bf   Thumb Code     0  startup_stm32l431xx.o(.text)
    WWDG_IRQHandler                          0x080001bf   Thumb Code     0  startup_stm32l431xx.o(.text)
    __aeabi_memcpy                           0x080001c9   Thumb Code    36  memcpya.o(.text)
    __aeabi_memcpy4                          0x080001c9   Thumb Code     0  memcpya.o(.text)
    __aeabi_memcpy8                          0x080001c9   Thumb Code     0  memcpya.o(.text)
    __aeabi_memset                           0x080001ed   Thumb Code    14  memseta.o(.text)
    __aeabi_memset4                          0x080001ed   Thumb Code     0  memseta.o(.text)
    __aeabi_memset8                          0x080001ed   Thumb Code     0  memseta.o(.text)
    __aeabi_memclr                           0x080001fb   Thumb Code     4  memseta.o(.text)
    __aeabi_memclr4                          0x080001fb   Thumb Code     0  memseta.o(.text)
    __aeabi_memclr8                          0x080001fb   Thumb Code     0  memseta.o(.text)
    _memset$wrapper                          0x080001ff   Thumb Code    18  memseta.o(.text)
    __aeabi_dmul                             0x08000211   Thumb Code   228  dmul.o(.text)
    __aeabi_ddiv                             0x080002fb   Thumb Code   222  ddiv.o(.text)
    __aeabi_ui2d                             0x080003d9   Thumb Code    26  dfltui.o(.text)
    __aeabi_d2uiz                            0x080003f3   Thumb Code    50  dfixui.o(.text)
    __aeabi_llsl                             0x08000425   Thumb Code    30  llshl.o(.text)
    _ll_shift_l                              0x08000425   Thumb Code     0  llshl.o(.text)
    __aeabi_llsr                             0x08000443   Thumb Code    32  llushr.o(.text)
    _ll_ushift_r                             0x08000443   Thumb Code     0  llushr.o(.text)
    __I$use$fp                               0x08000463   Thumb Code     0  iusefp.o(.text)
    _double_round                            0x08000463   Thumb Code    30  depilogue.o(.text)
    _double_epilogue                         0x08000481   Thumb Code   156  depilogue.o(.text)
    __scatterload                            0x0800051d   Thumb Code    28  init.o(.text)
    __scatterload_rt2                        0x0800051d   Thumb Code     0  init.o(.text)
    ADC_ConversionStop                       0x08000541   Thumb Code   276  stm32l4xx_hal_adc.o(i.ADC_ConversionStop)
    ADC_Disable                              0x08000665   Thumb Code   142  stm32l4xx_hal_adc.o(i.ADC_Disable)
    ADC_Enable                               0x080006f9   Thumb Code   182  stm32l4xx_hal_adc.o(i.ADC_Enable)
    AudioCheck_init                          0x080007c1   Thumb Code    62  rcmdi.o(i.AudioCheck_init)
    BusFault_Handler                         0x08000809   Thumb Code     4  stm32l4xx_it.o(i.BusFault_Handler)
    DebugMon_Handler                         0x0800080d   Thumb Code     2  stm32l4xx_it.o(i.DebugMon_Handler)
    EXTI0_IRQHandler                         0x0800080f   Thumb Code    10  rcmdi.o(i.EXTI0_IRQHandler)
    EXTI1_IRQHandler                         0x08000819   Thumb Code    10  rcmdi.o(i.EXTI1_IRQHandler)
    EXTI2_IRQHandler                         0x08000823   Thumb Code    10  rcmdi.o(i.EXTI2_IRQHandler)
    EXTI3_IRQHandler                         0x0800082d   Thumb Code    10  rcmdi.o(i.EXTI3_IRQHandler)
    EXTI4_IRQHandler                         0x08000837   Thumb Code    10  rcmdi.o(i.EXTI4_IRQHandler)
    EXTI9_5_IRQHandler                       0x08000841   Thumb Code    22  rcmdi.o(i.EXTI9_5_IRQHandler)
    HAL_ADCEx_Calibration_Start              0x0800085d   Thumb Code   166  stm32l4xx_hal_adc_ex.o(i.HAL_ADCEx_Calibration_Start)
    HAL_ADC_ConfigChannel                    0x08000909   Thumb Code  1194  stm32l4xx_hal_adc.o(i.HAL_ADC_ConfigChannel)
    HAL_ADC_DeInit                           0x08000dd1   Thumb Code   414  stm32l4xx_hal_adc.o(i.HAL_ADC_DeInit)
    HAL_ADC_GetValue                         0x08000f89   Thumb Code     8  stm32l4xx_hal_adc.o(i.HAL_ADC_GetValue)
    HAL_ADC_Init                             0x08000f91   Thumb Code   470  stm32l4xx_hal_adc.o(i.HAL_ADC_Init)
    HAL_ADC_MspDeInit                        0x08001185   Thumb Code    46  adc.o(i.HAL_ADC_MspDeInit)
    HAL_ADC_MspInit                          0x080011bd   Thumb Code   118  adc.o(i.HAL_ADC_MspInit)
    HAL_ADC_PollForConversion                0x0800123d   Thumb Code   198  stm32l4xx_hal_adc.o(i.HAL_ADC_PollForConversion)
    HAL_ADC_Start                            0x08001303   Thumb Code   148  stm32l4xx_hal_adc.o(i.HAL_ADC_Start)
    HAL_CAN_AbortTxRequest                   0x08001397   Thumb Code    86  stm32l4xx_hal_can.o(i.HAL_CAN_AbortTxRequest)
    HAL_CAN_AddTxMessage                     0x080013ed   Thumb Code   330  stm32l4xx_hal_can.o(i.HAL_CAN_AddTxMessage)
    HAL_CAN_ConfigFilter                     0x08001537   Thumb Code   266  stm32l4xx_hal_can.o(i.HAL_CAN_ConfigFilter)
    HAL_CAN_GetRxFifoFillLevel               0x08001641   Thumb Code    40  stm32l4xx_hal_can.o(i.HAL_CAN_GetRxFifoFillLevel)
    HAL_CAN_GetRxMessage                     0x08001669   Thumb Code   404  stm32l4xx_hal_can.o(i.HAL_CAN_GetRxMessage)
    HAL_CAN_GetTxMailboxesFreeLevel          0x080017fd   Thumb Code    54  stm32l4xx_hal_can.o(i.HAL_CAN_GetTxMailboxesFreeLevel)
    HAL_CAN_Init                             0x08001833   Thumb Code   372  stm32l4xx_hal_can.o(i.HAL_CAN_Init)
    HAL_CAN_MspInit                          0x080019a9   Thumb Code   214  can.o(i.HAL_CAN_MspInit)
    HAL_CAN_Start                            0x08001a8d   Thumb Code    94  stm32l4xx_hal_can.o(i.HAL_CAN_Start)
    HAL_DMA_Abort                            0x08001aeb   Thumb Code    90  stm32l4xx_hal_dma.o(i.HAL_DMA_Abort)
    HAL_DMA_Abort_IT                         0x08001b45   Thumb Code    92  stm32l4xx_hal_dma.o(i.HAL_DMA_Abort_IT)
    HAL_GPIO_DeInit                          0x08001ba1   Thumb Code   260  stm32l4xx_hal_gpio.o(i.HAL_GPIO_DeInit)
    HAL_GPIO_EXTI_Callback                   0x08001cbd   Thumb Code   146  rcmdi.o(i.HAL_GPIO_EXTI_Callback)
    HAL_GPIO_EXTI_IRQHandler                 0x08001d55   Thumb Code    24  stm32l4xx_hal_gpio.o(i.HAL_GPIO_EXTI_IRQHandler)
    HAL_GPIO_Init                            0x08001d71   Thumb Code   418  stm32l4xx_hal_gpio.o(i.HAL_GPIO_Init)
    HAL_GPIO_ReadPin                         0x08001f31   Thumb Code    16  stm32l4xx_hal_gpio.o(i.HAL_GPIO_ReadPin)
    HAL_GPIO_WritePin                        0x08001f41   Thumb Code    10  stm32l4xx_hal_gpio.o(i.HAL_GPIO_WritePin)
    HAL_GetREVID                             0x08001f4d   Thumb Code     8  stm32l4xx_hal.o(i.HAL_GetREVID)
    HAL_GetTick                              0x08001f59   Thumb Code     6  stm32l4xx_hal.o(i.HAL_GetTick)
    HAL_IncTick                              0x08001f65   Thumb Code    16  stm32l4xx_hal.o(i.HAL_IncTick)
    HAL_Init                                 0x08001f7d   Thumb Code    30  stm32l4xx_hal.o(i.HAL_Init)
    HAL_InitTick                             0x08001f9d   Thumb Code    74  stm32l4xx_hal.o(i.HAL_InitTick)
    HAL_MspInit                              0x08001ff5   Thumb Code     2  stm32l4xx_hal.o(i.HAL_MspInit)
    HAL_NVIC_DisableIRQ                      0x08001ff9   Thumb Code    62  stm32l4xx_hal_cortex.o(i.HAL_NVIC_DisableIRQ)
    HAL_NVIC_EnableIRQ                       0x0800203d   Thumb Code    40  stm32l4xx_hal_cortex.o(i.HAL_NVIC_EnableIRQ)
    HAL_NVIC_SetPriority                     0x08002065   Thumb Code   124  stm32l4xx_hal_cortex.o(i.HAL_NVIC_SetPriority)
    HAL_NVIC_SetPriorityGrouping             0x080020e9   Thumb Code    32  stm32l4xx_hal_cortex.o(i.HAL_NVIC_SetPriorityGrouping)
    HAL_PWREx_GetVoltageRange                0x08002111   Thumb Code    10  stm32l4xx_hal_pwr_ex.o(i.HAL_PWREx_GetVoltageRange)
    HAL_RCC_ClockConfig                      0x08002121   Thumb Code   414  stm32l4xx_hal_rcc.o(i.HAL_RCC_ClockConfig)
    HAL_RCC_GetSysClockFreq                  0x080022d5   Thumb Code   220  stm32l4xx_hal_rcc.o(i.HAL_RCC_GetSysClockFreq)
    HAL_RCC_OscConfig                        0x080023c1   Thumb Code  1856  stm32l4xx_hal_rcc.o(i.HAL_RCC_OscConfig)
    HAL_SYSTICK_Config                       0x08002b11   Thumb Code    52  stm32l4xx_hal_cortex.o(i.HAL_SYSTICK_Config)
    HAL_TIMEx_Break2Callback                 0x08002b45   Thumb Code     2  stm32l4xx_hal_tim_ex.o(i.HAL_TIMEx_Break2Callback)
    HAL_TIMEx_BreakCallback                  0x08002b47   Thumb Code     2  stm32l4xx_hal_tim_ex.o(i.HAL_TIMEx_BreakCallback)
    HAL_TIMEx_CommutCallback                 0x08002b49   Thumb Code     2  stm32l4xx_hal_tim_ex.o(i.HAL_TIMEx_CommutCallback)
    HAL_TIM_GenerateEvent                    0x08002b4b   Thumb Code    54  stm32l4xx_hal_tim.o(i.HAL_TIM_GenerateEvent)
    HAL_TIM_IC_CaptureCallback               0x08002b81   Thumb Code   418  queryabcap.o(i.HAL_TIM_IC_CaptureCallback)
    HAL_TIM_IC_ConfigChannel                 0x08002d49   Thumb Code   222  stm32l4xx_hal_tim.o(i.HAL_TIM_IC_ConfigChannel)
    HAL_TIM_IC_DeInit                        0x08002e27   Thumb Code   128  stm32l4xx_hal_tim.o(i.HAL_TIM_IC_DeInit)
    HAL_TIM_IC_Init                          0x08002ea7   Thumb Code   110  stm32l4xx_hal_tim.o(i.HAL_TIM_IC_Init)
    HAL_TIM_IC_MspDeInit                     0x08002f15   Thumb Code     2  stm32l4xx_hal_tim.o(i.HAL_TIM_IC_MspDeInit)
    HAL_TIM_IC_MspInit                       0x08002f19   Thumb Code   258  queryabcap.o(i.HAL_TIM_IC_MspInit)
    HAL_TIM_IC_Start_IT                      0x08003025   Thumb Code   384  stm32l4xx_hal_tim.o(i.HAL_TIM_IC_Start_IT)
    HAL_TIM_IC_Stop_IT                       0x080031b1   Thumb Code   246  stm32l4xx_hal_tim.o(i.HAL_TIM_IC_Stop_IT)
    HAL_TIM_IRQHandler                       0x080032a7   Thumb Code   396  stm32l4xx_hal_tim.o(i.HAL_TIM_IRQHandler)
    HAL_TIM_OC_DelayElapsedCallback          0x08003433   Thumb Code     2  stm32l4xx_hal_tim.o(i.HAL_TIM_OC_DelayElapsedCallback)
    HAL_TIM_PWM_PulseFinishedCallback        0x08003435   Thumb Code     2  stm32l4xx_hal_tim.o(i.HAL_TIM_PWM_PulseFinishedCallback)
    HAL_TIM_PeriodElapsedCallback            0x08003439   Thumb Code   306  queryabcap.o(i.HAL_TIM_PeriodElapsedCallback)
    HAL_TIM_ReadCapturedValue                0x08003591   Thumb Code    50  stm32l4xx_hal_tim.o(i.HAL_TIM_ReadCapturedValue)
    HAL_TIM_TriggerCallback                  0x080035c3   Thumb Code     2  stm32l4xx_hal_tim.o(i.HAL_TIM_TriggerCallback)
    HAL_UARTEx_RxEventCallback               0x080035c5   Thumb Code     2  stm32l4xx_hal_uart.o(i.HAL_UARTEx_RxEventCallback)
    HAL_UARTEx_WakeupCallback                0x080035c7   Thumb Code     2  stm32l4xx_hal_uart_ex.o(i.HAL_UARTEx_WakeupCallback)
    HAL_UART_ErrorCallback                   0x080035c9   Thumb Code     2  stm32l4xx_hal_uart.o(i.HAL_UART_ErrorCallback)
    HAL_UART_IRQHandler                      0x080035cd   Thumb Code   844  stm32l4xx_hal_uart.o(i.HAL_UART_IRQHandler)
    HAL_UART_Receive                         0x08003921   Thumb Code   274  stm32l4xx_hal_uart.o(i.HAL_UART_Receive)
    HAL_UART_TxCpltCallback                  0x08003a39   Thumb Code     2  stm32l4xx_hal_uart.o(i.HAL_UART_TxCpltCallback)
    HardFault_Handler                        0x08003a3b   Thumb Code     4  stm32l4xx_it.o(i.HardFault_Handler)
    MemManage_Handler                        0x08003b03   Thumb Code     4  stm32l4xx_it.o(i.MemManage_Handler)
    NMI_Handler                              0x08003b07   Thumb Code     2  stm32l4xx_it.o(i.NMI_Handler)
    PendSV_Handler                           0x08003b09   Thumb Code     2  stm32l4xx_it.o(i.PendSV_Handler)
    QUERY_init                               0x08003b0d   Thumb Code   246  query.o(i.QUERY_init)
    RCM_init                                 0x08003ca9   Thumb Code   344  gpio.o(i.RCM_init)
    SVC_Handler                              0x08003e0d   Thumb Code     2  stm32l4xx_it.o(i.SVC_Handler)
    SysTick_Handler                          0x08003e0f   Thumb Code     8  stm32l4xx_it.o(i.SysTick_Handler)
    SystemInit                               0x08003e19   Thumb Code    14  system_stm32l4xx.o(i.SystemInit)
    TIM1_UP_TIM16_IRQHandler                 0x08003e2d   Thumb Code   234  atim.o(i.TIM1_UP_TIM16_IRQHandler)
    TIM2_IRQHandler                          0x08003f29   Thumb Code    52  queryabcap.o(i.TIM2_IRQHandler)
    TIM_Base_SetConfig                       0x08003f69   Thumb Code   104  stm32l4xx_hal_tim.o(i.TIM_Base_SetConfig)
    TIM_CCxChannelCmd                        0x08003fdd   Thumb Code    34  stm32l4xx_hal_tim.o(i.TIM_CCxChannelCmd)
    TIM_TI1_SetConfig                        0x08004001   Thumb Code    84  stm32l4xx_hal_tim.o(i.TIM_TI1_SetConfig)
    UART_WaitOnFlagUntilTimeout              0x080041b7   Thumb Code   162  stm32l4xx_hal_uart.o(i.UART_WaitOnFlagUntilTimeout)
    USART1_IRQHandler                        0x08004259   Thumb Code    10  usart.o(i.USART1_IRQHandler)
    USART3_IRQHandler                        0x08004269   Thumb Code    60  rs485.o(i.USART3_IRQHandler)
    UsageFault_Handler                       0x080042b1   Thumb Code     4  stm32l4xx_it.o(i.UsageFault_Handler)
    __0printf$bare                           0x080042b5   Thumb Code     8  printfb.o(i.__0printf$bare)
    __1printf$bare                           0x080042b5   Thumb Code     0  printfb.o(i.__0printf$bare)
    __2printf                                0x080042b5   Thumb Code     0  printfb.o(i.__0printf$bare)
    __scatterload_copy                       0x080042fd   Thumb Code    14  handlers.o(i.__scatterload_copy)
    __scatterload_null                       0x0800430b   Thumb Code     2  handlers.o(i.__scatterload_null)
    __scatterload_zeroinit                   0x0800430d   Thumb Code    14  handlers.o(i.__scatterload_zeroinit)
    adc_sigChann_get_value                   0x0800433d   Thumb Code   194  adc.o(i.adc_sigChann_get_value)
    can_init                                 0x0800440d   Thumb Code   126  can.o(i.can_init)
    can_receive_msg                          0x08004495   Thumb Code    42  can.o(i.can_receive_msg)
    can_send_msg_data                        0x080044c9   Thumb Code    86  can.o(i.can_send_msg_data)
    delay_init                               0x08004529   Thumb Code     6  delay.o(i.delay_init)
    delay_ms                                 0x08004535   Thumb Code    18  delay.o(i.delay_ms)
    delay_us                                 0x08004549   Thumb Code    68  delay.o(i.delay_us)
    fputc                                    0x08004591   Thumb Code    24  usart.o(i.fputc)
    key_init                                 0x080045ad   Thumb Code   122  key.o(i.key_init)
    key_scan                                 0x08004631   Thumb Code   120  key.o(i.key_scan)
    lock_init                                0x080046b1   Thumb Code    64  rcmdi.o(i.lock_init)
    main                                     0x080046f5   Thumb Code   558  main.o(i.main)
    queryA_gtim_timx_cap_chy_init            0x08004979   Thumb Code   102  queryabcap.o(i.queryA_gtim_timx_cap_chy_init)
    queryA_gtim_timx_cap_tm_init             0x080049e5   Thumb Code    78  queryabcap.o(i.queryA_gtim_timx_cap_tm_init)
    queryB_gtim_timx_cap_chy_init            0x08004a39   Thumb Code   102  queryabcap.o(i.queryB_gtim_timx_cap_chy_init)
    queryCapDisposeFunc                      0x08004aa5   Thumb Code   280  node.o(i.queryCapDisposeFunc)
    queryCheckDisposeFunc                    0x08004bed   Thumb Code   468  node.o(i.queryCheckDisposeFunc)
    rcmDiDebounceDisposeFunc                 0x08004e19   Thumb Code   926  node.o(i.rcmDiDebounceDisposeFunc)
    rcmVpmNodeDisposeFunc                    0x080051d9   Thumb Code  1350  node.o(i.rcmVpmNodeDisposeFunc)
    rcmdi_init                               0x0800573d   Thumb Code   460  rcmdi.o(i.rcmdi_init)
    sys_stm32_clock_init                     0x0800590d   Thumb Code   212  sys.o(i.sys_stm32_clock_init)
    tmPulseCapDisposeFunc                    0x080059ed   Thumb Code   132  node.o(i.tmPulseCapDisposeFunc)
    AHBPrescTable                            0x08005a84   Data          16  system_stm32l4xx.o(.constdata)
    APBPrescTable                            0x08005a94   Data           8  system_stm32l4xx.o(.constdata)
    MSIRangeTable                            0x08005a9c   Data          48  system_stm32l4xx.o(.constdata)
    Region$$Table$$Base                      0x08005acc   Number         0  anon$$obj.o(Region$$Table)
    Region$$Table$$Limit                     0x08005aec   Number         0  anon$$obj.o(Region$$Table)
    ADC1ConvertedValue1                      0x20000000   Data           2  main.o(.data)
    ADC1ConvertedValue2                      0x20000002   Data           2  main.o(.data)
    ADCPower                                 0x20000004   Data           1  main.o(.data)
    ADCBat                                   0x20000005   Data           1  main.o(.data)
    keyflag                                  0x20000006   Data           1  main.o(.data)
    NodeId                                   0x20000007   Data           1  main.o(.data)
    lockflag                                 0x20000008   Data           1  main.o(.data)
    SystemCoreClock                          0x2000000c   Data           4  system_stm32l4xx.o(.data)
    rcmDiItFlag                              0x20000010   Data           8  node.o(.data)
    rcmDiInitStatus                          0x20000018   Data           8  node.o(.data)
    destAddr                                 0x20000020   Data           1  node.o(.data)
    slaveAddr                                0x20000021   Data           1  node.o(.data)
    RcmOutputPort                            0x20000022   Data           1  node.o(.data)
    canbuf                                   0x20000023   Data           8  node.o(.data)
    queryAflag                               0x2000002b   Data           1  node.o(.data)
    queryBflag                               0x2000002c   Data           1  node.o(.data)
    tmQueryAflag                             0x2000002d   Data           1  node.o(.data)
    queryAflag_5ms                           0x2000002e   Data           1  node.o(.data)
    queryBflag_5ms                           0x2000002f   Data           1  node.o(.data)
    queryATmflag                             0x20000030   Data           1  node.o(.data)
    queryBTmflag                             0x20000031   Data           1  node.o(.data)
    queryAtemp                               0x20000034   Data           4  node.o(.data)
    queryBtemp                               0x20000038   Data           4  node.o(.data)
    queryATmtemp                             0x2000003c   Data           4  node.o(.data)
    tmqueryAtemp                             0x20000040   Data           4  node.o(.data)
    __stdout                                 0x20000048   Data           4  usart.o(.data)
    g_usart_rx_sta                           0x2000004c   Data           2  usart.o(.data)
    g_rx_buffer                              0x2000004e   Data           1  usart.o(.data)
    uwTick                                   0x20000050   Data           4  stm32l4xx_hal.o(.data)
    uwTickPrio                               0x20000054   Data           4  stm32l4xx_hal.o(.data)
    uwTickFreq                               0x20000058   Data           1  stm32l4xx_hal.o(.data)
    g_RS485_rx_cnt                           0x20000059   Data           1  rs485.o(.data)
    g_tim2_queryA_cap_sta                    0x20000060   Data           1  queryabcap.o(.data)
    g_tim2_queryA_cap_val                    0x20000062   Data           2  queryabcap.o(.data)
    g_tim2_queryB_cap_sta                    0x20000064   Data           1  queryabcap.o(.data)
    g_tim2_queryB_cap_val                    0x20000066   Data           2  queryabcap.o(.data)
    g_tim2_queryA_cap_tm_sta                 0x20000068   Data           1  queryabcap.o(.data)
    g_tim2_queryA_cap_tm_val                 0x2000006a   Data           2  queryabcap.o(.data)
    AdcHandle1                               0x2000006c   Data         100  main.o(.bss)
    AdcHandle2                               0x200000d0   Data         100  main.o(.bss)
    g_node_data                              0x20000134   Data           9  main.o(.bss)
    debounceTimeSet                          0x2000013e   Data          16  node.o(.bss)
    g_usart_rx_buf                           0x20000150   Data         200  usart.o(.bss)
    g_uart1_handle                           0x20000218   Data         136  usart.o(.bss)
    g_can1_handler                           0x200002a0   Data          40  can.o(.bss)
    g_can1_txheader                          0x200002c8   Data          24  can.o(.bss)
    g_can1_rxheader                          0x200002e0   Data          28  can.o(.bss)
    g_rs458_handler                          0x200002fc   Data         136  rs485.o(.bss)
    g_RS485_rx_buf                           0x20000384   Data          64  rs485.o(.bss)
    g_tim1_ch1_npwm_chy_handle               0x200003c4   Data          76  atim.o(.bss)
    g_tim1_ch2_npwm_chy_handle               0x20000410   Data          76  atim.o(.bss)
    g_tim2_queryA_cap_handle                 0x2000045c   Data          76  queryabcap.o(.bss)
    g_tim2_queryB_cap_handle                 0x200004a8   Data          76  queryabcap.o(.bss)
    g_tim2_queryA_cap_tm_handle              0x200004f4   Data          76  queryabcap.o(.bss)
    __initial_sp                             0x20000940   Data           0  startup_stm32l431xx.o(STACK)



==============================================================================

Memory Map of the image

  Image Entry point : 0x0800018d

  Load Region LR_IROM1 (Base: 0x08000000, Size: 0x00005b58, Max: 0x00040000, ABSOLUTE)

    Execution Region ER_IROM1 (Exec base: 0x08000000, Load base: 0x08000000, Size: 0x00005aec, Max: 0x00040000, ABSOLUTE)

    Exec Addr    Load Addr    Size         Type   Attr      Idx    E Section Name        Object

    0x08000000   0x08000000   0x0000018c   Data   RO            3    RESET               startup_stm32l431xx.o
    0x0800018c   0x0800018c   0x00000000   Code   RO         4844  * .ARM.Collect$$$$00000000  mc_w.l(entry.o)
    0x0800018c   0x0800018c   0x00000004   Code   RO         5123    .ARM.Collect$$$$00000001  mc_w.l(entry2.o)
    0x08000190   0x08000190   0x00000004   Code   RO         5126    .ARM.Collect$$$$00000004  mc_w.l(entry5.o)
    0x08000194   0x08000194   0x00000000   Code   RO         5128    .ARM.Collect$$$$00000008  mc_w.l(entry7b.o)
    0x08000194   0x08000194   0x00000000   Code   RO         5130    .ARM.Collect$$$$0000000A  mc_w.l(entry8b.o)
    0x08000194   0x08000194   0x00000008   Code   RO         5131    .ARM.Collect$$$$0000000B  mc_w.l(entry9a.o)
    0x0800019c   0x0800019c   0x00000004   Code   RO         5138    .ARM.Collect$$$$0000000E  mc_w.l(entry12b.o)
    0x080001a0   0x080001a0   0x00000000   Code   RO         5133    .ARM.Collect$$$$0000000F  mc_w.l(entry10a.o)
    0x080001a0   0x080001a0   0x00000000   Code   RO         5135    .ARM.Collect$$$$00000011  mc_w.l(entry11a.o)
    0x080001a0   0x080001a0   0x00000004   Code   RO         5124    .ARM.Collect$$$$00002712  mc_w.l(entry2.o)
    0x080001a4   0x080001a4   0x00000024   Code   RO            4    .text               startup_stm32l431xx.o
    0x080001c8   0x080001c8   0x00000024   Code   RO         4849    .text               mc_w.l(memcpya.o)
    0x080001ec   0x080001ec   0x00000024   Code   RO         4851    .text               mc_w.l(memseta.o)
    0x08000210   0x08000210   0x000000ea   Code   RO         5115    .text               mf_w.l(dmul.o)
    0x080002fa   0x080002fa   0x000000de   Code   RO         5117    .text               mf_w.l(ddiv.o)
    0x080003d8   0x080003d8   0x0000001a   Code   RO         5119    .text               mf_w.l(dfltui.o)
    0x080003f2   0x080003f2   0x00000032   Code   RO         5121    .text               mf_w.l(dfixui.o)
    0x08000424   0x08000424   0x0000001e   Code   RO         5141    .text               mc_w.l(llshl.o)
    0x08000442   0x08000442   0x00000020   Code   RO         5143    .text               mc_w.l(llushr.o)
    0x08000462   0x08000462   0x00000000   Code   RO         5145    .text               mc_w.l(iusefp.o)
    0x08000462   0x08000462   0x000000ba   Code   RO         5146    .text               mf_w.l(depilogue.o)
    0x0800051c   0x0800051c   0x00000024   Code   RO         5154    .text               mc_w.l(init.o)
    0x08000540   0x08000540   0x00000122   Code   RO          958    i.ADC_ConversionStop  stm32l4xx_hal_adc.o
    0x08000662   0x08000662   0x00000002   PAD
    0x08000664   0x08000664   0x00000094   Code   RO          962    i.ADC_Disable       stm32l4xx_hal_adc.o
    0x080006f8   0x080006f8   0x000000c8   Code   RO          963    i.ADC_Enable        stm32l4xx_hal_adc.o
    0x080007c0   0x080007c0   0x00000048   Code   RO         4526    i.AudioCheck_init   rcmdi.o
    0x08000808   0x08000808   0x00000004   Code   RO          208    i.BusFault_Handler  stm32l4xx_it.o
    0x0800080c   0x0800080c   0x00000002   Code   RO          209    i.DebugMon_Handler  stm32l4xx_it.o
    0x0800080e   0x0800080e   0x0000000a   Code   RO         4527    i.EXTI0_IRQHandler  rcmdi.o
    0x08000818   0x08000818   0x0000000a   Code   RO         4528    i.EXTI1_IRQHandler  rcmdi.o
    0x08000822   0x08000822   0x0000000a   Code   RO         4529    i.EXTI2_IRQHandler  rcmdi.o
    0x0800082c   0x0800082c   0x0000000a   Code   RO         4530    i.EXTI3_IRQHandler  rcmdi.o
    0x08000836   0x08000836   0x0000000a   Code   RO         4531    i.EXTI4_IRQHandler  rcmdi.o
    0x08000840   0x08000840   0x00000016   Code   RO         4532    i.EXTI9_5_IRQHandler  rcmdi.o
    0x08000856   0x08000856   0x00000004   Code   RO         4697    i.Error_Handler     adc.o
    0x0800085a   0x0800085a   0x00000002   PAD
    0x0800085c   0x0800085c   0x000000ac   Code   RO         1219    i.HAL_ADCEx_Calibration_Start  stm32l4xx_hal_adc_ex.o
    0x08000908   0x08000908   0x000004c6   Code   RO          965    i.HAL_ADC_ConfigChannel  stm32l4xx_hal_adc.o
    0x08000dce   0x08000dce   0x00000002   PAD
    0x08000dd0   0x08000dd0   0x000001b8   Code   RO          968    i.HAL_ADC_DeInit    stm32l4xx_hal_adc.o
    0x08000f88   0x08000f88   0x00000008   Code   RO          972    i.HAL_ADC_GetValue  stm32l4xx_hal_adc.o
    0x08000f90   0x08000f90   0x000001f4   Code   RO          974    i.HAL_ADC_Init      stm32l4xx_hal_adc.o
    0x08001184   0x08001184   0x00000038   Code   RO         4698    i.HAL_ADC_MspDeInit  adc.o
    0x080011bc   0x080011bc   0x00000080   Code   RO         4699    i.HAL_ADC_MspInit   adc.o
    0x0800123c   0x0800123c   0x000000c6   Code   RO          978    i.HAL_ADC_PollForConversion  stm32l4xx_hal_adc.o
    0x08001302   0x08001302   0x00000094   Code   RO          980    i.HAL_ADC_Start     stm32l4xx_hal_adc.o
    0x08001396   0x08001396   0x00000056   Code   RO         1415    i.HAL_CAN_AbortTxRequest  stm32l4xx_hal_can.o
    0x080013ec   0x080013ec   0x0000014a   Code   RO         1417    i.HAL_CAN_AddTxMessage  stm32l4xx_hal_can.o
    0x08001536   0x08001536   0x0000010a   Code   RO         1418    i.HAL_CAN_ConfigFilter  stm32l4xx_hal_can.o
    0x08001640   0x08001640   0x00000028   Code   RO         1423    i.HAL_CAN_GetRxFifoFillLevel  stm32l4xx_hal_can.o
    0x08001668   0x08001668   0x00000194   Code   RO         1424    i.HAL_CAN_GetRxMessage  stm32l4xx_hal_can.o
    0x080017fc   0x080017fc   0x00000036   Code   RO         1426    i.HAL_CAN_GetTxMailboxesFreeLevel  stm32l4xx_hal_can.o
    0x08001832   0x08001832   0x00000174   Code   RO         1429    i.HAL_CAN_Init      stm32l4xx_hal_can.o
    0x080019a6   0x080019a6   0x00000002   PAD
    0x080019a8   0x080019a8   0x000000e4   Code   RO         4370    i.HAL_CAN_MspInit   can.o
    0x08001a8c   0x08001a8c   0x0000005e   Code   RO         1441    i.HAL_CAN_Start     stm32l4xx_hal_can.o
    0x08001aea   0x08001aea   0x0000005a   Code   RO         3949    i.HAL_DMA_Abort     stm32l4xx_hal_dma.o
    0x08001b44   0x08001b44   0x0000005c   Code   RO         3950    i.HAL_DMA_Abort_IT  stm32l4xx_hal_dma.o
    0x08001ba0   0x08001ba0   0x0000011c   Code   RO         1789    i.HAL_GPIO_DeInit   stm32l4xx_hal_gpio.o
    0x08001cbc   0x08001cbc   0x00000098   Code   RO         4533    i.HAL_GPIO_EXTI_Callback  rcmdi.o
    0x08001d54   0x08001d54   0x0000001c   Code   RO         1791    i.HAL_GPIO_EXTI_IRQHandler  stm32l4xx_hal_gpio.o
    0x08001d70   0x08001d70   0x000001c0   Code   RO         1792    i.HAL_GPIO_Init     stm32l4xx_hal_gpio.o
    0x08001f30   0x08001f30   0x00000010   Code   RO         1794    i.HAL_GPIO_ReadPin  stm32l4xx_hal_gpio.o
    0x08001f40   0x08001f40   0x0000000a   Code   RO         1796    i.HAL_GPIO_WritePin  stm32l4xx_hal_gpio.o
    0x08001f4a   0x08001f4a   0x00000002   PAD
    0x08001f4c   0x08001f4c   0x0000000c   Code   RO          734    i.HAL_GetREVID      stm32l4xx_hal.o
    0x08001f58   0x08001f58   0x0000000c   Code   RO          735    i.HAL_GetTick       stm32l4xx_hal.o
    0x08001f64   0x08001f64   0x00000018   Code   RO          741    i.HAL_IncTick       stm32l4xx_hal.o
    0x08001f7c   0x08001f7c   0x0000001e   Code   RO          742    i.HAL_Init          stm32l4xx_hal.o
    0x08001f9a   0x08001f9a   0x00000002   PAD
    0x08001f9c   0x08001f9c   0x00000058   Code   RO          743    i.HAL_InitTick      stm32l4xx_hal.o
    0x08001ff4   0x08001ff4   0x00000002   Code   RO          745    i.HAL_MspInit       stm32l4xx_hal.o
    0x08001ff6   0x08001ff6   0x00000002   PAD
    0x08001ff8   0x08001ff8   0x00000044   Code   RO         1653    i.HAL_NVIC_DisableIRQ  stm32l4xx_hal_cortex.o
    0x0800203c   0x0800203c   0x00000028   Code   RO         1654    i.HAL_NVIC_EnableIRQ  stm32l4xx_hal_cortex.o
    0x08002064   0x08002064   0x00000082   Code   RO         1660    i.HAL_NVIC_SetPriority  stm32l4xx_hal_cortex.o
    0x080020e6   0x080020e6   0x00000002   PAD
    0x080020e8   0x080020e8   0x00000028   Code   RO         1661    i.HAL_NVIC_SetPriorityGrouping  stm32l4xx_hal_cortex.o
    0x08002110   0x08002110   0x00000010   Code   RO         4199    i.HAL_PWREx_GetVoltageRange  stm32l4xx_hal_pwr_ex.o
    0x08002120   0x08002120   0x000001b4   Code   RO         1856    i.HAL_RCC_ClockConfig  stm32l4xx_hal_rcc.o
    0x080022d4   0x080022d4   0x000000ec   Code   RO         1865    i.HAL_RCC_GetSysClockFreq  stm32l4xx_hal_rcc.o
    0x080023c0   0x080023c0   0x00000750   Code   RO         1868    i.HAL_RCC_OscConfig  stm32l4xx_hal_rcc.o
    0x08002b10   0x08002b10   0x00000034   Code   RO         1665    i.HAL_SYSTICK_Config  stm32l4xx_hal_cortex.o
    0x08002b44   0x08002b44   0x00000002   Code   RO         2867    i.HAL_TIMEx_Break2Callback  stm32l4xx_hal_tim_ex.o
    0x08002b46   0x08002b46   0x00000002   Code   RO         2868    i.HAL_TIMEx_BreakCallback  stm32l4xx_hal_tim_ex.o
    0x08002b48   0x08002b48   0x00000002   Code   RO         2869    i.HAL_TIMEx_CommutCallback  stm32l4xx_hal_tim_ex.o
    0x08002b4a   0x08002b4a   0x00000036   Code   RO         2173    i.HAL_TIM_GenerateEvent  stm32l4xx_hal_tim.o
    0x08002b80   0x08002b80   0x000001c8   Code   RO         4783    i.HAL_TIM_IC_CaptureCallback  queryabcap.o
    0x08002d48   0x08002d48   0x000000de   Code   RO         2178    i.HAL_TIM_IC_ConfigChannel  stm32l4xx_hal_tim.o
    0x08002e26   0x08002e26   0x00000080   Code   RO         2179    i.HAL_TIM_IC_DeInit  stm32l4xx_hal_tim.o
    0x08002ea6   0x08002ea6   0x0000006e   Code   RO         2181    i.HAL_TIM_IC_Init   stm32l4xx_hal_tim.o
    0x08002f14   0x08002f14   0x00000002   Code   RO         2182    i.HAL_TIM_IC_MspDeInit  stm32l4xx_hal_tim.o
    0x08002f16   0x08002f16   0x00000002   PAD
    0x08002f18   0x08002f18   0x0000010c   Code   RO         4784    i.HAL_TIM_IC_MspInit  queryabcap.o
    0x08003024   0x08003024   0x0000018c   Code   RO         2186    i.HAL_TIM_IC_Start_IT  stm32l4xx_hal_tim.o
    0x080031b0   0x080031b0   0x000000f6   Code   RO         2189    i.HAL_TIM_IC_Stop_IT  stm32l4xx_hal_tim.o
    0x080032a6   0x080032a6   0x0000018c   Code   RO         2190    i.HAL_TIM_IRQHandler  stm32l4xx_hal_tim.o
    0x08003432   0x08003432   0x00000002   Code   RO         2193    i.HAL_TIM_OC_DelayElapsedCallback  stm32l4xx_hal_tim.o
    0x08003434   0x08003434   0x00000002   Code   RO         2220    i.HAL_TIM_PWM_PulseFinishedCallback  stm32l4xx_hal_tim.o
    0x08003436   0x08003436   0x00000002   PAD
    0x08003438   0x08003438   0x00000158   Code   RO         4785    i.HAL_TIM_PeriodElapsedCallback  queryabcap.o
    0x08003590   0x08003590   0x00000032   Code   RO         2230    i.HAL_TIM_ReadCapturedValue  stm32l4xx_hal_tim.o
    0x080035c2   0x080035c2   0x00000002   Code   RO         2233    i.HAL_TIM_TriggerCallback  stm32l4xx_hal_tim.o
    0x080035c4   0x080035c4   0x00000002   Code   RO         3161    i.HAL_UARTEx_RxEventCallback  stm32l4xx_hal_uart.o
    0x080035c6   0x080035c6   0x00000002   Code   RO         3560    i.HAL_UARTEx_WakeupCallback  stm32l4xx_hal_uart_ex.o
    0x080035c8   0x080035c8   0x00000002   Code   RO         3177    i.HAL_UART_ErrorCallback  stm32l4xx_hal_uart.o
    0x080035ca   0x080035ca   0x00000002   PAD
    0x080035cc   0x080035cc   0x00000354   Code   RO         3180    i.HAL_UART_IRQHandler  stm32l4xx_hal_uart.o
    0x08003920   0x08003920   0x00000118   Code   RO         3184    i.HAL_UART_Receive  stm32l4xx_hal_uart.o
    0x08003a38   0x08003a38   0x00000002   Code   RO         3193    i.HAL_UART_TxCpltCallback  stm32l4xx_hal_uart.o
    0x08003a3a   0x08003a3a   0x00000004   Code   RO          210    i.HardFault_Handler  stm32l4xx_it.o
    0x08003a3e   0x08003a3e   0x00000002   PAD
    0x08003a40   0x08003a40   0x00000010   Code   RO          987    i.LL_ADC_Enable     stm32l4xx_hal_adc.o
    0x08003a50   0x08003a50   0x00000012   Code   RO          988    i.LL_ADC_GetOffsetChannel  stm32l4xx_hal_adc.o
    0x08003a62   0x08003a62   0x0000000a   Code   RO          989    i.LL_ADC_INJ_IsConversionOngoing  stm32l4xx_hal_adc.o
    0x08003a6c   0x08003a6c   0x0000000a   Code   RO          990    i.LL_ADC_IsDisableOngoing  stm32l4xx_hal_adc.o
    0x08003a76   0x08003a76   0x0000000a   Code   RO          991    i.LL_ADC_IsEnabled  stm32l4xx_hal_adc.o
    0x08003a80   0x08003a80   0x0000000a   Code   RO          992    i.LL_ADC_IsInternalRegulatorEnabled  stm32l4xx_hal_adc.o
    0x08003a8a   0x08003a8a   0x0000000a   Code   RO          993    i.LL_ADC_REG_IsConversionOngoing  stm32l4xx_hal_adc.o
    0x08003a94   0x08003a94   0x00000012   Code   RO          994    i.LL_ADC_REG_IsTriggerSourceSWStart  stm32l4xx_hal_adc.o
    0x08003aa6   0x08003aa6   0x00000002   PAD
    0x08003aa8   0x08003aa8   0x00000010   Code   RO          995    i.LL_ADC_REG_StartConversion  stm32l4xx_hal_adc.o
    0x08003ab8   0x08003ab8   0x00000028   Code   RO          997    i.LL_ADC_SetChannelSamplingTime  stm32l4xx_hal_adc.o
    0x08003ae0   0x08003ae0   0x0000000c   Code   RO          998    i.LL_ADC_SetCommonPathInternalCh  stm32l4xx_hal_adc.o
    0x08003aec   0x08003aec   0x00000016   Code   RO          999    i.LL_ADC_SetOffsetState  stm32l4xx_hal_adc.o
    0x08003b02   0x08003b02   0x00000004   Code   RO          211    i.MemManage_Handler  stm32l4xx_it.o
    0x08003b06   0x08003b06   0x00000002   Code   RO          212    i.NMI_Handler       stm32l4xx_it.o
    0x08003b08   0x08003b08   0x00000002   Code   RO          213    i.PendSV_Handler    stm32l4xx_it.o
    0x08003b0a   0x08003b0a   0x00000002   PAD
    0x08003b0c   0x08003b0c   0x00000100   Code   RO         4426    i.QUERY_init        query.o
    0x08003c0c   0x08003c0c   0x0000009c   Code   RO         1869    i.RCC_SetFlashLatencyFromMSIRange  stm32l4xx_hal_rcc.o
    0x08003ca8   0x08003ca8   0x00000164   Code   RO         4499    i.RCM_init          gpio.o
    0x08003e0c   0x08003e0c   0x00000002   Code   RO          214    i.SVC_Handler       stm32l4xx_it.o
    0x08003e0e   0x08003e0e   0x00000008   Code   RO          215    i.SysTick_Handler   stm32l4xx_it.o
    0x08003e16   0x08003e16   0x00000002   PAD
    0x08003e18   0x08003e18   0x00000014   Code   RO          275    i.SystemInit        system_stm32l4xx.o
    0x08003e2c   0x08003e2c   0x000000fc   Code   RO         4642    i.TIM1_UP_TIM16_IRQHandler  atim.o
    0x08003f28   0x08003f28   0x00000040   Code   RO         4786    i.TIM2_IRQHandler   queryabcap.o
    0x08003f68   0x08003f68   0x00000074   Code   RO         2235    i.TIM_Base_SetConfig  stm32l4xx_hal_tim.o
    0x08003fdc   0x08003fdc   0x00000022   Code   RO         2236    i.TIM_CCxChannelCmd  stm32l4xx_hal_tim.o
    0x08003ffe   0x08003ffe   0x00000002   PAD
    0x08004000   0x08004000   0x0000005c   Code   RO         2256    i.TIM_TI1_SetConfig  stm32l4xx_hal_tim.o
    0x0800405c   0x0800405c   0x0000003a   Code   RO         2258    i.TIM_TI2_SetConfig  stm32l4xx_hal_tim.o
    0x08004096   0x08004096   0x00000038   Code   RO         2259    i.TIM_TI3_SetConfig  stm32l4xx_hal_tim.o
    0x080040ce   0x080040ce   0x0000003c   Code   RO         2260    i.TIM_TI4_SetConfig  stm32l4xx_hal_tim.o
    0x0800410a   0x0800410a   0x00000018   Code   RO         3197    i.UART_DMAAbortOnError  stm32l4xx_hal_uart.o
    0x08004122   0x08004122   0x00000066   Code   RO         3207    i.UART_EndRxTransfer  stm32l4xx_hal_uart.o
    0x08004188   0x08004188   0x0000002e   Code   RO         3208    i.UART_EndTransmit_IT  stm32l4xx_hal_uart.o
    0x080041b6   0x080041b6   0x000000a2   Code   RO         3217    i.UART_WaitOnFlagUntilTimeout  stm32l4xx_hal_uart.o
    0x08004258   0x08004258   0x00000010   Code   RO          649    i.USART1_IRQHandler  usart.o
    0x08004268   0x08004268   0x00000048   Code   RO         4450    i.USART3_IRQHandler  rs485.o
    0x080042b0   0x080042b0   0x00000004   Code   RO          216    i.UsageFault_Handler  stm32l4xx_it.o
    0x080042b4   0x080042b4   0x00000010   Code   RO         4856    i.__0printf$bare    mc_w.l(printfb.o)
    0x080042c4   0x080042c4   0x00000010   Code   RO         1667    i.__NVIC_GetPriorityGrouping  stm32l4xx_hal_cortex.o
    0x080042d4   0x080042d4   0x00000028   Code   RO         1668    i.__NVIC_SetPriority  stm32l4xx_hal_cortex.o
    0x080042fc   0x080042fc   0x0000000e   Code   RO         5160    i.__scatterload_copy  mc_w.l(handlers.o)
    0x0800430a   0x0800430a   0x00000002   Code   RO         5161    i.__scatterload_null  mc_w.l(handlers.o)
    0x0800430c   0x0800430c   0x0000000e   Code   RO         5162    i.__scatterload_zeroinit  mc_w.l(handlers.o)
    0x0800431a   0x0800431a   0x00000022   Code   RO         4863    i._printf_core      mc_w.l(printfb.o)
    0x0800433c   0x0800433c   0x000000d0   Code   RO         4700    i.adc_sigChann_get_value  adc.o
    0x0800440c   0x0800440c   0x00000088   Code   RO         4371    i.can_init          can.o
    0x08004494   0x08004494   0x00000034   Code   RO         4372    i.can_receive_msg   can.o
    0x080044c8   0x080044c8   0x00000060   Code   RO         4373    i.can_send_msg_data  can.o
    0x08004528   0x08004528   0x0000000c   Code   RO          521    i.delay_init        delay.o
    0x08004534   0x08004534   0x00000012   Code   RO          522    i.delay_ms          delay.o
    0x08004546   0x08004546   0x00000002   PAD
    0x08004548   0x08004548   0x00000048   Code   RO          523    i.delay_us          delay.o
    0x08004590   0x08004590   0x0000001c   Code   RO          653    i.fputc             usart.o
    0x080045ac   0x080045ac   0x00000084   Code   RO         4608    i.key_init          key.o
    0x08004630   0x08004630   0x00000080   Code   RO         4609    i.key_scan          key.o
    0x080046b0   0x080046b0   0x00000044   Code   RO         4534    i.lock_init         rcmdi.o
    0x080046f4   0x080046f4   0x00000284   Code   RO           13    i.main              main.o
    0x08004978   0x08004978   0x0000006c   Code   RO         4787    i.queryA_gtim_timx_cap_chy_init  queryabcap.o
    0x080049e4   0x080049e4   0x00000054   Code   RO         4788    i.queryA_gtim_timx_cap_tm_init  queryabcap.o
    0x08004a38   0x08004a38   0x0000006c   Code   RO         4789    i.queryB_gtim_timx_cap_chy_init  queryabcap.o
    0x08004aa4   0x08004aa4   0x00000148   Code   RO          434    i.queryCapDisposeFunc  node.o
    0x08004bec   0x08004bec   0x0000022c   Code   RO          435    i.queryCheckDisposeFunc  node.o
    0x08004e18   0x08004e18   0x000003c0   Code   RO          436    i.rcmDiDebounceDisposeFunc  node.o
    0x080051d8   0x080051d8   0x00000562   Code   RO          437    i.rcmVpmNodeDisposeFunc  node.o
    0x0800573a   0x0800573a   0x00000002   PAD
    0x0800573c   0x0800573c   0x000001d0   Code   RO         4535    i.rcmdi_init        rcmdi.o
    0x0800590c   0x0800590c   0x000000e0   Code   RO          580    i.sys_stm32_clock_init  sys.o
    0x080059ec   0x080059ec   0x00000098   Code   RO          441    i.tmPulseCapDisposeFunc  node.o
    0x08005a84   0x08005a84   0x00000048   Data   RO          276    .constdata          system_stm32l4xx.o
    0x08005acc   0x08005acc   0x00000020   Data   RO         5158    Region$$Table       anon$$obj.o


    Execution Region RW_IRAM1 (Exec base: 0x20000000, Load base: 0x08005aec, Size: 0x00000940, Max: 0x0000c000, ABSOLUTE)

    Exec Addr    Load Addr    Size         Type   Attr      Idx    E Section Name        Object

    0x20000000   0x08005aec   0x00000009   Data   RW           16    .data               main.o
    0x20000009   0x08005af5   0x00000003   PAD
    0x2000000c   0x08005af8   0x00000004   Data   RW          277    .data               system_stm32l4xx.o
    0x20000010   0x08005afc   0x00000034   Data   RW          443    .data               node.o
    0x20000044   0x08005b30   0x00000004   Data   RW          524    .data               delay.o
    0x20000048   0x08005b34   0x00000007   Data   RW          656    .data               usart.o
    0x2000004f   0x08005b3b   0x00000001   PAD
    0x20000050   0x08005b3c   0x00000009   Data   RW          759    .data               stm32l4xx_hal.o
    0x20000059   0x08005b45   0x00000001   Data   RW         4455    .data               rs485.o
    0x2000005a   0x08005b46   0x00000001   Data   RW         4610    .data               key.o
    0x2000005b   0x08005b47   0x00000001   PAD
    0x2000005c   0x08005b48   0x00000004   Data   RW         4648    .data               atim.o
    0x20000060   0x08005b4c   0x0000000c   Data   RW         4791    .data               queryabcap.o
    0x2000006c        -       0x000000d1   Zero   RW           14    .bss                main.o
    0x2000013d   0x08005b58   0x00000001   PAD
    0x2000013e        -       0x00000010   Zero   RW          442    .bss                node.o
    0x2000014e   0x08005b58   0x00000002   PAD
    0x20000150        -       0x00000150   Zero   RW          655    .bss                usart.o
    0x200002a0        -       0x0000005c   Zero   RW         4374    .bss                can.o
    0x200002fc        -       0x000000c8   Zero   RW         4454    .bss                rs485.o
    0x200003c4        -       0x00000098   Zero   RW         4647    .bss                atim.o
    0x2000045c        -       0x000000e4   Zero   RW         4790    .bss                queryabcap.o
    0x20000540        -       0x00000400   Zero   RW            1    STACK               startup_stm32l431xx.o


==============================================================================

Image component sizes


      Code (inc. data)   RO Data    RW Data    ZI Data      Debug   Object Name

       396         34          0          0          0       2859   adc.o
       252         18          0          4        152       1047   atim.o
       512         44          0          0         92       3920   can.o
       102         10          0          4          0       1963   delay.o
       356         12          0          0          0       1135   gpio.o
       260         18          0          1          0       1654   key.o
       644         86          0          9        209     612120   main.o
      3374        288          0         52         16       7086   node.o
       256         10          0          0          0       1065   query.o
      1432        116          0         12        228       6385   queryabcap.o
       828         24          0          0          0       6314   rcmdi.o
        72         12          0          1        200       1228   rs485.o
        36          8        396          0       1024        968   startup_stm32l431xx.o
       168         32          0          9          0      13134   stm32l4xx_hal.o
      3346        150          0          0          0      68287   stm32l4xx_hal_adc.o
       172          6          0          0          0      52318   stm32l4xx_hal_adc_ex.o
      1646          0          0          0          0       7464   stm32l4xx_hal_can.o
       386         28          0          0          0      35233   stm32l4xx_hal_cortex.o
       182          0          0          0          0       1799   stm32l4xx_hal_dma.o
       786         58          0          0          0       4272   stm32l4xx_hal_gpio.o
        16          6          0          0          0        588   stm32l4xx_hal_pwr_ex.o
      2700         82          0          0          0       5736   stm32l4xx_hal_rcc.o
      2026         32          0          0          0      14349   stm32l4xx_hal_tim.o
         6          0          0          0          0       2248   stm32l4xx_hal_tim_ex.o
      1472          8          0          0          0       8555   stm32l4xx_hal_uart.o
         2          0          0          0          0       1012   stm32l4xx_hal_uart_ex.o
        32          0          0          0          0       4262   stm32l4xx_it.o
       224         12          0          0          0       1391   sys.o
        20          6         72          4          0     698001   system_stm32l4xx.o
        44         10          0          7        336       3171   usart.o

    ----------------------------------------------------------------------
     21784       1110        500        108       2260    1569564   Object Totals
         0          0         32          0          0          0   (incl. Generated)
        36          0          0          5          3          0   (incl. Padding)

    ----------------------------------------------------------------------

      Code (inc. data)   RO Data    RW Data    ZI Data      Debug   Library Member Name

         0          0          0          0          0          0   entry.o
         0          0          0          0          0          0   entry10a.o
         0          0          0          0          0          0   entry11a.o
         4          0          0          0          0          0   entry12b.o
         8          4          0          0          0          0   entry2.o
         4          0          0          0          0          0   entry5.o
         0          0          0          0          0          0   entry7b.o
         0          0          0          0          0          0   entry8b.o
         8          4          0          0          0          0   entry9a.o
        30          0          0          0          0          0   handlers.o
        36          8          0          0          0         68   init.o
         0          0          0          0          0          0   iusefp.o
        30          0          0          0          0         68   llshl.o
        32          0          0          0          0         68   llushr.o
        36          0          0          0          0         68   memcpya.o
        36          0          0          0          0        108   memseta.o
        50          8          0          0          0        152   printfb.o
       222          0          0          0          0        100   ddiv.o
       186          0          0          0          0        176   depilogue.o
        50          0          0          0          0         76   dfixui.o
        26          0          0          0          0         76   dfltui.o
       234          0          0          0          0         96   dmul.o

    ----------------------------------------------------------------------
       992         24          0          0          0       1056   Library Totals
         0          0          0          0          0          0   (incl. Padding)

    ----------------------------------------------------------------------

      Code (inc. data)   RO Data    RW Data    ZI Data      Debug   Library Name

       274         24          0          0          0        532   mc_w.l
       718          0          0          0          0        524   mf_w.l

    ----------------------------------------------------------------------
       992         24          0          0          0       1056   Library Totals

    ----------------------------------------------------------------------

==============================================================================


      Code (inc. data)   RO Data    RW Data    ZI Data      Debug   

     22776       1134        500        108       2260    1557004   Grand Totals
     22776       1134        500        108       2260    1557004   ELF Image Totals
     22776       1134        500        108          0          0   ROM Totals

==============================================================================

    Total RO  Size (Code + RO Data)                23276 (  22.73kB)
    Total RW  Size (RW Data + ZI Data)              2368 (   2.31kB)
    Total ROM Size (Code + RO Data + RW Data)      23384 (  22.84kB)

==============================================================================

